###############################################################################
#
# IAR ELF Linker V8.22.2.15995/W32 for ARM                13/Sep/2018  15:23:51
# Copyright 2007-2018 IAR Systems AB.
#
#    Output file  =  
#        E:\work\work\gagent\working\ST\I-CUBE-GIZWITS\Projects\B-L475E-IOT01\Applications\Cloud\Gizwits\EWARM\B-L475E-IOT01\Exe\B-L475E-IOT01.out
#    Map file     =  
#        E:\work\work\gagent\working\ST\I-CUBE-GIZWITS\Projects\B-L475E-IOT01\Applications\Cloud\Gizwits\EWARM\B-L475E-IOT01\List\B-L475E-IOT01.map
#    Command line =  
#        -f C:\Users\Alex\AppData\Local\Temp\EW696A.tmp
#        (E:\work\work\gagent\working\ST\I-CUBE-GIZWITS\Projects\B-L475E-IOT01\Applications\Cloud\Gizwits\EWARM\B-L475E-IOT01\Obj\cmsis_os.o
#        E:\work\work\gagent\working\ST\I-CUBE-GIZWITS\Projects\B-L475E-IOT01\Applications\Cloud\Gizwits\EWARM\B-L475E-IOT01\Obj\croutine.o
#        E:\work\work\gagent\working\ST\I-CUBE-GIZWITS\Projects\B-L475E-IOT01\Applications\Cloud\Gizwits\EWARM\B-L475E-IOT01\Obj\es_wifi.o
#        E:\work\work\gagent\working\ST\I-CUBE-GIZWITS\Projects\B-L475E-IOT01\Applications\Cloud\Gizwits\EWARM\B-L475E-IOT01\Obj\es_wifi_io.o
#        E:\work\work\gagent\working\ST\I-CUBE-GIZWITS\Projects\B-L475E-IOT01\Applications\Cloud\Gizwits\EWARM\B-L475E-IOT01\Obj\event_groups.o
#        E:\work\work\gagent\working\ST\I-CUBE-GIZWITS\Projects\B-L475E-IOT01\Applications\Cloud\Gizwits\EWARM\B-L475E-IOT01\Obj\flash_l4.o
#        E:\work\work\gagent\working\ST\I-CUBE-GIZWITS\Middlewares\Third_Party\Gagent\Gagent_IAR.a
#        E:\work\work\gagent\working\ST\I-CUBE-GIZWITS\Projects\B-L475E-IOT01\Applications\Cloud\Gizwits\EWARM\B-L475E-IOT01\Obj\gagent_iot_test_basic_connectivity.o
#        E:\work\work\gagent\working\ST\I-CUBE-GIZWITS\Projects\B-L475E-IOT01\Applications\Cloud\Gizwits\EWARM\B-L475E-IOT01\Obj\heap.o
#        E:\work\work\gagent\working\ST\I-CUBE-GIZWITS\Projects\B-L475E-IOT01\Applications\Cloud\Gizwits\EWARM\B-L475E-IOT01\Obj\heap_4.o
#        E:\work\work\gagent\working\ST\I-CUBE-GIZWITS\Projects\B-L475E-IOT01\Applications\Cloud\Gizwits\EWARM\B-L475E-IOT01\Obj\hts221.o
#        E:\work\work\gagent\working\ST\I-CUBE-GIZWITS\Projects\B-L475E-IOT01\Applications\Cloud\Gizwits\EWARM\B-L475E-IOT01\Obj\iofdev.o
#        E:\work\work\gagent\working\ST\I-CUBE-GIZWITS\Projects\B-L475E-IOT01\Applications\Cloud\Gizwits\EWARM\B-L475E-IOT01\Obj\ioffile.o
#        E:\work\work\gagent\working\ST\I-CUBE-GIZWITS\Projects\B-L475E-IOT01\Applications\Cloud\Gizwits\EWARM\B-L475E-IOT01\Obj\iofipc.o
#        E:\work\work\gagent\working\ST\I-CUBE-GIZWITS\Projects\B-L475E-IOT01\Applications\Cloud\Gizwits\EWARM\B-L475E-IOT01\Obj\iofnet.o
#        E:\work\work\gagent\working\ST\I-CUBE-GIZWITS\Projects\B-L475E-IOT01\Applications\Cloud\Gizwits\EWARM\B-L475E-IOT01\Obj\iofpthread.o
#        E:\work\work\gagent\working\ST\I-CUBE-GIZWITS\Projects\B-L475E-IOT01\Applications\Cloud\Gizwits\EWARM\B-L475E-IOT01\Obj\iofserial.o
#        E:\work\work\gagent\working\ST\I-CUBE-GIZWITS\Projects\B-L475E-IOT01\Applications\Cloud\Gizwits\EWARM\B-L475E-IOT01\Obj\iofsocket.o
#        E:\work\work\gagent\working\ST\I-CUBE-GIZWITS\Projects\B-L475E-IOT01\Applications\Cloud\Gizwits\EWARM\B-L475E-IOT01\Obj\iofstring.o
#        E:\work\work\gagent\working\ST\I-CUBE-GIZWITS\Projects\B-L475E-IOT01\Applications\Cloud\Gizwits\EWARM\B-L475E-IOT01\Obj\ioftime.o
#        E:\work\work\gagent\working\ST\I-CUBE-GIZWITS\Projects\B-L475E-IOT01\Applications\Cloud\Gizwits\EWARM\B-L475E-IOT01\Obj\iot_flash_config.o
#        E:\work\work\gagent\working\ST\I-CUBE-GIZWITS\Projects\B-L475E-IOT01\Applications\Cloud\Gizwits\EWARM\B-L475E-IOT01\Obj\lis3mdl.o
#        E:\work\work\gagent\working\ST\I-CUBE-GIZWITS\Projects\B-L475E-IOT01\Applications\Cloud\Gizwits\EWARM\B-L475E-IOT01\Obj\list.o
#        E:\work\work\gagent\working\ST\I-CUBE-GIZWITS\Projects\B-L475E-IOT01\Applications\Cloud\Gizwits\EWARM\B-L475E-IOT01\Obj\lps22hb.o
#        E:\work\work\gagent\working\ST\I-CUBE-GIZWITS\Projects\B-L475E-IOT01\Applications\Cloud\Gizwits\EWARM\B-L475E-IOT01\Obj\lsm6dsl.o
#        E:\work\work\gagent\working\ST\I-CUBE-GIZWITS\Projects\B-L475E-IOT01\Applications\Cloud\Gizwits\EWARM\B-L475E-IOT01\Obj\main.o
#        E:\work\work\gagent\working\ST\I-CUBE-GIZWITS\Projects\B-L475E-IOT01\Applications\Cloud\Gizwits\EWARM\B-L475E-IOT01\Obj\network.o
#        E:\work\work\gagent\working\ST\I-CUBE-GIZWITS\Projects\B-L475E-IOT01\Applications\Cloud\Gizwits\EWARM\B-L475E-IOT01\Obj\port.o
#        E:\work\work\gagent\working\ST\I-CUBE-GIZWITS\Projects\B-L475E-IOT01\Applications\Cloud\Gizwits\EWARM\B-L475E-IOT01\Obj\portasm.o
#        E:\work\work\gagent\working\ST\I-CUBE-GIZWITS\Projects\B-L475E-IOT01\Applications\Cloud\Gizwits\EWARM\B-L475E-IOT01\Obj\queue.o
#        E:\work\work\gagent\working\ST\I-CUBE-GIZWITS\Projects\B-L475E-IOT01\Applications\Cloud\Gizwits\EWARM\B-L475E-IOT01\Obj\semaph.o
#        E:\work\work\gagent\working\ST\I-CUBE-GIZWITS\Projects\B-L475E-IOT01\Applications\Cloud\Gizwits\EWARM\B-L475E-IOT01\Obj\sensors_data.o
#        E:\work\work\gagent\working\ST\I-CUBE-GIZWITS\Projects\B-L475E-IOT01\Applications\Cloud\Gizwits\EWARM\B-L475E-IOT01\Obj\startup_stm32l475xx.o
#        E:\work\work\gagent\working\ST\I-CUBE-GIZWITS\Projects\B-L475E-IOT01\Applications\Cloud\Gizwits\EWARM\B-L475E-IOT01\Obj\stm32l475e_iot01.o
#        E:\work\work\gagent\working\ST\I-CUBE-GIZWITS\Projects\B-L475E-IOT01\Applications\Cloud\Gizwits\EWARM\B-L475E-IOT01\Obj\stm32l475e_iot01_accelero.o
#        E:\work\work\gagent\working\ST\I-CUBE-GIZWITS\Projects\B-L475E-IOT01\Applications\Cloud\Gizwits\EWARM\B-L475E-IOT01\Obj\stm32l475e_iot01_gyro.o
#        E:\work\work\gagent\working\ST\I-CUBE-GIZWITS\Projects\B-L475E-IOT01\Applications\Cloud\Gizwits\EWARM\B-L475E-IOT01\Obj\stm32l475e_iot01_hsensor.o
#        E:\work\work\gagent\working\ST\I-CUBE-GIZWITS\Projects\B-L475E-IOT01\Applications\Cloud\Gizwits\EWARM\B-L475E-IOT01\Obj\stm32l475e_iot01_magneto.o
#        E:\work\work\gagent\working\ST\I-CUBE-GIZWITS\Projects\B-L475E-IOT01\Applications\Cloud\Gizwits\EWARM\B-L475E-IOT01\Obj\stm32l475e_iot01_psensor.o
#        E:\work\work\gagent\working\ST\I-CUBE-GIZWITS\Projects\B-L475E-IOT01\Applications\Cloud\Gizwits\EWARM\B-L475E-IOT01\Obj\stm32l475e_iot01_tsensor.o
#        E:\work\work\gagent\working\ST\I-CUBE-GIZWITS\Projects\B-L475E-IOT01\Applications\Cloud\Gizwits\EWARM\B-L475E-IOT01\Obj\stm32l4xx_hal.o
#        E:\work\work\gagent\working\ST\I-CUBE-GIZWITS\Projects\B-L475E-IOT01\Applications\Cloud\Gizwits\EWARM\B-L475E-IOT01\Obj\stm32l4xx_hal_cortex.o
#        E:\work\work\gagent\working\ST\I-CUBE-GIZWITS\Projects\B-L475E-IOT01\Applications\Cloud\Gizwits\EWARM\B-L475E-IOT01\Obj\stm32l4xx_hal_dma.o
#        E:\work\work\gagent\working\ST\I-CUBE-GIZWITS\Projects\B-L475E-IOT01\Applications\Cloud\Gizwits\EWARM\B-L475E-IOT01\Obj\stm32l4xx_hal_flash.o
#        E:\work\work\gagent\working\ST\I-CUBE-GIZWITS\Projects\B-L475E-IOT01\Applications\Cloud\Gizwits\EWARM\B-L475E-IOT01\Obj\stm32l4xx_hal_flash_ex.o
#        E:\work\work\gagent\working\ST\I-CUBE-GIZWITS\Projects\B-L475E-IOT01\Applications\Cloud\Gizwits\EWARM\B-L475E-IOT01\Obj\stm32l4xx_hal_flash_ramfunc.o
#        E:\work\work\gagent\working\ST\I-CUBE-GIZWITS\Projects\B-L475E-IOT01\Applications\Cloud\Gizwits\EWARM\B-L475E-IOT01\Obj\stm32l4xx_hal_gpio.o
#        E:\work\work\gagent\working\ST\I-CUBE-GIZWITS\Projects\B-L475E-IOT01\Applications\Cloud\Gizwits\EWARM\B-L475E-IOT01\Obj\stm32l4xx_hal_i2c.o
#        E:\work\work\gagent\working\ST\I-CUBE-GIZWITS\Projects\B-L475E-IOT01\Applications\Cloud\Gizwits\EWARM\B-L475E-IOT01\Obj\stm32l4xx_hal_i2c_ex.o
#        E:\work\work\gagent\working\ST\I-CUBE-GIZWITS\Projects\B-L475E-IOT01\Applications\Cloud\Gizwits\EWARM\B-L475E-IOT01\Obj\stm32l4xx_hal_iwdg.o
#        E:\work\work\gagent\working\ST\I-CUBE-GIZWITS\Projects\B-L475E-IOT01\Applications\Cloud\Gizwits\EWARM\B-L475E-IOT01\Obj\stm32l4xx_hal_msp.o
#        E:\work\work\gagent\working\ST\I-CUBE-GIZWITS\Projects\B-L475E-IOT01\Applications\Cloud\Gizwits\EWARM\B-L475E-IOT01\Obj\stm32l4xx_hal_pwr.o
#        E:\work\work\gagent\working\ST\I-CUBE-GIZWITS\Projects\B-L475E-IOT01\Applications\Cloud\Gizwits\EWARM\B-L475E-IOT01\Obj\stm32l4xx_hal_pwr_ex.o
#        E:\work\work\gagent\working\ST\I-CUBE-GIZWITS\Projects\B-L475E-IOT01\Applications\Cloud\Gizwits\EWARM\B-L475E-IOT01\Obj\stm32l4xx_hal_qspi.o
#        E:\work\work\gagent\working\ST\I-CUBE-GIZWITS\Projects\B-L475E-IOT01\Applications\Cloud\Gizwits\EWARM\B-L475E-IOT01\Obj\stm32l4xx_hal_rcc.o
#        E:\work\work\gagent\working\ST\I-CUBE-GIZWITS\Projects\B-L475E-IOT01\Applications\Cloud\Gizwits\EWARM\B-L475E-IOT01\Obj\stm32l4xx_hal_rcc_ex.o
#        E:\work\work\gagent\working\ST\I-CUBE-GIZWITS\Projects\B-L475E-IOT01\Applications\Cloud\Gizwits\EWARM\B-L475E-IOT01\Obj\stm32l4xx_hal_rng.o
#        E:\work\work\gagent\working\ST\I-CUBE-GIZWITS\Projects\B-L475E-IOT01\Applications\Cloud\Gizwits\EWARM\B-L475E-IOT01\Obj\stm32l4xx_hal_rtc.o
#        E:\work\work\gagent\working\ST\I-CUBE-GIZWITS\Projects\B-L475E-IOT01\Applications\Cloud\Gizwits\EWARM\B-L475E-IOT01\Obj\stm32l4xx_hal_rtc_ex.o
#        E:\work\work\gagent\working\ST\I-CUBE-GIZWITS\Projects\B-L475E-IOT01\Applications\Cloud\Gizwits\EWARM\B-L475E-IOT01\Obj\stm32l4xx_hal_spi.o
#        E:\work\work\gagent\working\ST\I-CUBE-GIZWITS\Projects\B-L475E-IOT01\Applications\Cloud\Gizwits\EWARM\B-L475E-IOT01\Obj\stm32l4xx_hal_spi_ex.o
#        E:\work\work\gagent\working\ST\I-CUBE-GIZWITS\Projects\B-L475E-IOT01\Applications\Cloud\Gizwits\EWARM\B-L475E-IOT01\Obj\stm32l4xx_hal_tim.o
#        E:\work\work\gagent\working\ST\I-CUBE-GIZWITS\Projects\B-L475E-IOT01\Applications\Cloud\Gizwits\EWARM\B-L475E-IOT01\Obj\stm32l4xx_hal_tim_ex.o
#        E:\work\work\gagent\working\ST\I-CUBE-GIZWITS\Projects\B-L475E-IOT01\Applications\Cloud\Gizwits\EWARM\B-L475E-IOT01\Obj\stm32l4xx_hal_timebase_tim.o
#        E:\work\work\gagent\working\ST\I-CUBE-GIZWITS\Projects\B-L475E-IOT01\Applications\Cloud\Gizwits\EWARM\B-L475E-IOT01\Obj\stm32l4xx_hal_uart.o
#        E:\work\work\gagent\working\ST\I-CUBE-GIZWITS\Projects\B-L475E-IOT01\Applications\Cloud\Gizwits\EWARM\B-L475E-IOT01\Obj\stm32l4xx_hal_uart_ex.o
#        E:\work\work\gagent\working\ST\I-CUBE-GIZWITS\Projects\B-L475E-IOT01\Applications\Cloud\Gizwits\EWARM\B-L475E-IOT01\Obj\stm32l4xx_it.o
#        E:\work\work\gagent\working\ST\I-CUBE-GIZWITS\Projects\B-L475E-IOT01\Applications\Cloud\Gizwits\EWARM\B-L475E-IOT01\Obj\system_stm32l4xx.o
#        E:\work\work\gagent\working\ST\I-CUBE-GIZWITS\Projects\B-L475E-IOT01\Applications\Cloud\Gizwits\EWARM\B-L475E-IOT01\Obj\tasks.o
#        E:\work\work\gagent\working\ST\I-CUBE-GIZWITS\Projects\B-L475E-IOT01\Applications\Cloud\Gizwits\EWARM\B-L475E-IOT01\Obj\timedate.o
#        E:\work\work\gagent\working\ST\I-CUBE-GIZWITS\Projects\B-L475E-IOT01\Applications\Cloud\Gizwits\EWARM\B-L475E-IOT01\Obj\timers.o
#        E:\work\work\gagent\working\ST\I-CUBE-GIZWITS\Projects\B-L475E-IOT01\Applications\Cloud\Gizwits\EWARM\B-L475E-IOT01\Obj\vl53l0x_api.o
#        E:\work\work\gagent\working\ST\I-CUBE-GIZWITS\Projects\B-L475E-IOT01\Applications\Cloud\Gizwits\EWARM\B-L475E-IOT01\Obj\vl53l0x_api_calibration.o
#        E:\work\work\gagent\working\ST\I-CUBE-GIZWITS\Projects\B-L475E-IOT01\Applications\Cloud\Gizwits\EWARM\B-L475E-IOT01\Obj\vl53l0x_api_core.o
#        E:\work\work\gagent\working\ST\I-CUBE-GIZWITS\Projects\B-L475E-IOT01\Applications\Cloud\Gizwits\EWARM\B-L475E-IOT01\Obj\vl53l0x_api_ranging.o
#        E:\work\work\gagent\working\ST\I-CUBE-GIZWITS\Projects\B-L475E-IOT01\Applications\Cloud\Gizwits\EWARM\B-L475E-IOT01\Obj\vl53l0x_api_strings.o
#        E:\work\work\gagent\working\ST\I-CUBE-GIZWITS\Projects\B-L475E-IOT01\Applications\Cloud\Gizwits\EWARM\B-L475E-IOT01\Obj\vl53l0x_platform.o
#        E:\work\work\gagent\working\ST\I-CUBE-GIZWITS\Projects\B-L475E-IOT01\Applications\Cloud\Gizwits\EWARM\B-L475E-IOT01\Obj\vl53l0x_platform_log.o
#        E:\work\work\gagent\working\ST\I-CUBE-GIZWITS\Projects\B-L475E-IOT01\Applications\Cloud\Gizwits\EWARM\B-L475E-IOT01\Obj\vl53l0x_proximity.o
#        E:\work\work\gagent\working\ST\I-CUBE-GIZWITS\Projects\B-L475E-IOT01\Applications\Cloud\Gizwits\EWARM\B-L475E-IOT01\Obj\wifi.o
#        --redirect _Printf=_PrintfFull --redirect _Scanf=_ScanfFull -o
#        E:\work\work\gagent\working\ST\I-CUBE-GIZWITS\Projects\B-L475E-IOT01\Applications\Cloud\Gizwits\EWARM\B-L475E-IOT01\Exe\B-L475E-IOT01.out
#        --map
#        E:\work\work\gagent\working\ST\I-CUBE-GIZWITS\Projects\B-L475E-IOT01\Applications\Cloud\Gizwits\EWARM\B-L475E-IOT01\List\B-L475E-IOT01.map
#        --config
#        E:\work\work\gagent\working\ST\I-CUBE-GIZWITS\Projects\B-L475E-IOT01\Applications\Cloud\Gizwits\EWARM/stm32l475xx_flash.icf
#        --semihosting --entry __iar_program_start --vfe --text_out locale)
#
###############################################################################

*******************************************************************************
*** RUNTIME MODEL ATTRIBUTES
***

CppFlavor       = *
__Heap_Handler  = NoFree
__SystemLibrary = DLib
__dlib_version  = 6


*******************************************************************************
*** HEAP SELECTION
***

The no free heap was selected because no calls to memory
deallocation functions were found in the application.


*******************************************************************************
*** PLACEMENT SUMMARY
***

"A1":  place at 0x08000000 { ro section .intvec };
"P1":  place in [from 0x08000000 to 0x08063fff] |
                [from 0x08066000 to 0x0807ffff] { ro };
define block CSTACK with size = 8K, alignment = 8 { };
define block HEAP with size = 3840, alignment = 8 { };
"P2":  place in [from 0x20000000 to 0x20017fff] {
          block CSTACK, rw, block HEAP };
"P3":  place in [from 0x08064000 to 0x08065fff] { ro section UNINIT_FIXED_LOC };
initialize by copy { rw };

No sections matched the following patterns:

  ro section firewall_section  in "A0"


  Section            Kind        Address     Size  Object
  -------            ----        -------     ----  ------
"A1":                                       0x188
  .intvec            ro code  0x08000000    0x188  startup_stm32l475xx.o [1]
                            - 0x08000188    0x188

"P1":                                     0x29417
  .text              ro code  0x08000188   0x1a24  gserver.o [3]
  .text              ro code  0x08001bac    0xc1c  productinfo.o [3]
  .text              ro code  0x080027c8     0x28  printf.o [4]
  .text              ro code  0x080027f0     0x4a  strcmp.o [6]
  .text              ro code  0x0800283a     0x26  xencoding_8859_1.o [4]
  .text              ro code  0x08002860   0x10a8  gagent.o [3]
  .text              ro code  0x08003908     0x4c  strcpy.o [6]
  .text              ro code  0x08003954      0x6  ABImemclr4.o [6]
  .text              ro code  0x0800395a     0x1e  xsscin.o [4]
  .text              ro code  0x08003978     0x36  strlen.o [6]
  .text              ro code  0x080039ae      0xa  xsprout.o [4]
  .text              ro code  0x080039b8    0x954  aes.o [3]
  .text              ro code  0x0800430c    0x278  heap_4.o [1]
  .text              ro code  0x08004584     0x66  ABImemset.o [6]
  .rodata            const    0x080045ea      0x2  stm32l475e_iot01.o [1]
  .text              ro code  0x080045ec    0x512  gatutilcode.o [3]
  .rodata            const    0x08004afe      0x2  stm32l475e_iot01.o [1]
  .text              ro code  0x08004b00     0xa6  ABImemcpy.o [6]
  .rodata            const    0x08004ba6      0x2  stm32l475e_iot01.o [1]
  .text              ro code  0x08004ba8    0x178  iar_Stoulx.o [4]
  .text              ro code  0x08004d20     0x40  sprintf.o [4]
  .text              ro code  0x08004d60   0x1504  httpgat.o [3]
  .text              ro code  0x08006264    0x448  timer_subsystem.o [3]
  .text              ro code  0x080066ac    0x624  gdns.o [3]
  .text              ro code  0x08006cd0    0xfd8  gatm2m.o [3]
  .text              ro code  0x08007ca8    0x232  iofipc.o [1]
  .rodata            const    0x08007eda      0x2  stm32l475e_iot01.o [1]
  .text              ro code  0x08007edc    0x668  localcomm.o [3]
  .text              ro code  0x08008544    0x64c  authorization.o [3]
  .text              ro code  0x08008b90    0x6ec  gatnet.o [3]
  .text              ro code  0x0800927c    0x918  gagent_md5.o [3]
  .text              ro code  0x08009b94     0x2c  lanvirtual.o [3]
  .text              ro code  0x08009bc0    0x6c8  nwk_manage.o [3]
  .text              ro code  0x0800a288    0x284  env.o [3]
  .text              ro code  0x0800a50c    0x418  iofnet.o [1]
  .text              ro code  0x0800a924    0x2dc  ioftime.o [1]
  .text              ro code  0x0800ac00     0xb0  rand.o [4]
  .text              ro code  0x0800acb0    0xf96  xprintffull.o [4]
  .rodata            const    0x0800bc46      0x2  stm32l475e_iot01.o [1]
  .text              ro code  0x0800bc48     0xd4  iofdev.o [1]
  .text              ro code  0x0800bd1c    0x4f4  iofsocket.o [1]
  .text              ro code  0x0800c210    0xb30  mqttlib.o [3]
  .text              ro code  0x0800cd40    0xc54  tcp.o [3]
  .text              ro code  0x0800d994    0xff4  otawan.o [3]
  .text              ro code  0x0800e988    0x47c  gagent_iot_test_basic_connectivity.o [1]
  .text              ro code  0x0800ee04    0x990  mqttgat.o [3]
  .text              ro code  0x0800f794    0x5c4  local.o [3]
  .text              ro code  0x0800fd58    0x118  iofpthread.o [1]
  .text              ro code  0x0800fe70     0x32  ABImemset48.o [6]
  .text              ro code  0x0800fea2    0xc14  aesdata.o [3]
  .rodata            const    0x08010ab6      0x2  stm32l475e_iot01.o [1]
  .text              ro code  0x08010ab8    0xde0  tasks.o [1]
  .text              ro code  0x08011898     0x30  strstr.o [4]
  .text              ro code  0x080118c8     0x14  isspace.o [4]
  .text              ro code  0x080118dc     0x14  tolower.o [4]
  .text              ro code  0x080118f0     0x58  memchr.o [6]
  .text              ro code  0x08011948     0x28  errno.o [4]
  .text              ro code  0x08011970     0x5c  gatlist.o [3]
  .text              ro code  0x080119cc     0x28  strncmp.o [4]
  .text              ro code  0x080119f4    0x29c  dp.o [3]
  .text              ro code  0x08011c90    0x644  cmsis_os.o [1]
  .text              ro code  0x080122d4    0x9b0  queue.o [1]
  .text              ro code  0x08012c84     0xd0  semaph.o [1]
  .text              ro code  0x08012d54    0x470  localprotocol.o [3]
  .text              ro code  0x080131c4    0x93c  localio.o [3]
  .text              ro code  0x08013b00     0x68  memcmp.o [6]
  .text              ro code  0x08013b68    0x244  ioffile.o [1]
  .text              ro code  0x08013dac    0x24c  wifi.o [1]
  .text              ro code  0x08013ff8      0xc  stm32l4xx_hal.o [1]
  .text              ro code  0x08014004    0x4d0  timers.o [1]
  .text              ro code  0x080144d4    0x1d4  iot_flash_config.o [1]
  .text              ro code  0x080146a8    0xd60  es_wifi.o [1]
  .text              ro code  0x08015408    0x108  xlocale_c.o [4]
  .text              ro code  0x08015510     0x16  strchr.o [6]
  .rodata            const    0x08015526      0x2  mqttlib.o [3]
  .text              ro code  0x08015528     0x40  xfail_s.o [4]
  .text              ro code  0x08015568      0xa  xmbcurmax.o [4]
  .text              ro code  0x08015574    0x22e  I64DivMod.o [6]
  .text              ro code  0x080157a4    0x1a2  DblMul.o [5]
  .text              ro code  0x08015948     0x70  frexp.o [5]
  .text              ro code  0x080159b8     0x2e  DblCmpLe.o [5]
  .text              ro code  0x080159e8     0x2e  DblCmpGe.o [5]
  .text              ro code  0x08015a18    0x13a  ldexp.o [5]
  .text              ro code  0x08015b54     0x3a  DblToS32.o [5]
  .text              ro code  0x08015b90     0x22  S32ToDbl.o [5]
  .text              ro code  0x08015bb4     0xe2  DblSub.o [5]
  .text              ro code  0x08015c98    0x246  DblDiv.o [5]
  .text              ro code  0x08015ee0     0x28  DblToU32.o [5]
  .text              ro code  0x08015f08     0x1a  U32ToDbl.o [5]
  .text              ro code  0x08015f24    0x124  stm32l4xx_hal_cortex.o [1]
  .text              ro code  0x08016048    0x6e8  es_wifi_io.o [1]
  .text              ro code  0x08016730     0x70  strncpy.o [6]
  .text              ro code  0x080167a0     0x86  iar_Stolx.o [4]
  .text              ro code  0x08016826     0x70  stm32l4xx_hal_iwdg.o [1]
  .text              ro code  0x08016898    0x3fc  main.o [1]
  .text              ro code  0x08016c94    0x498  stm32l475e_iot01.o [1]
  .text              ro code  0x0801712c    0x37c  flash_l4.o [1]
  .text              ro code  0x080174a8    0x298  network.o [1]
  .text              ro code  0x08017740     0x20  stm32l4xx_hal.o [1]
  .text              ro code  0x08017760    0x378  timedate.o [1]
  .text              ro code  0x08017ad8     0x9a  list.o [1]
  .text              ro code  0x08017b74    0x258  port.o [1]
  .text              ro code  0x08017dcc      0x4  tp_nothreads.o [4]
  .text              ro code  0x08017dd0    0x200  iofserial.o [1]
  .text              ro code  0x08017fd0      0xc  getchar.o [4]
  .text              ro code  0x08017fdc     0x48  strtok.o [4]
  .text              ro code  0x08018024      0x6  abort.o [4]
  .text              ro code  0x0801802c      0x2  I64DivZer.o [6]
  .text              ro code  0x08018030    0x178  DblAdd.o [5]
  .text              ro code  0x080181a8    0x278  stm32l4xx_hal_gpio.o [1]
  .text              ro code  0x08018420    0xeba  stm32l4xx_hal_spi.o [1]
  .text              ro code  0x080192dc     0x18  stm32l4xx_hal.o [1]
  .text              ro code  0x080192f4     0x4a  stm32l4xx_hal_rng.o [1]
  .text              ro code  0x08019340    0x1a8  sensors_data.o [1]
  .text              ro code  0x080194e8    0xa4c  stm32l4xx_hal_rcc.o [1]
  .text              ro code  0x08019f34    0x778  stm32l4xx_hal_rcc_ex.o [1]
  .text              ro code  0x0801a6ac     0xa8  stm32l4xx_hal_pwr_ex.o [1]
  .text              ro code  0x0801a754    0xc6e  stm32l4xx_hal_uart.o [1]
  .text              ro code  0x0801b3c4    0x3d0  stm32l4xx_hal_rtc.o [1]
  .text              ro code  0x0801b794    0x872  stm32l4xx_hal_i2c.o [1]
  .text              ro code  0x0801c008     0x64  stm32l4xx_hal_i2c_ex.o [1]
  .text              ro code  0x0801c06c    0x31c  stm32l4xx_hal_flash.o [1]
  .text              ro code  0x0801c388    0x880  stm32l4xx_hal_flash_ex.o [1]
  .text              ro code  0x0801cc08     0x28  sscanf.o [4]
  CODE               ro code  0x0801cc30     0xa8  portasm.o [1]
  .text              ro code  0x0801ccd8     0x22  strspn.o [4]
  .text              ro code  0x0801ccfa     0x22  strcspn.o [4]
  .text              ro code  0x0801cd1c     0x14  exit.o [7]
  .text              ro code  0x0801cd30      0x2  stm32l4xx_hal_spi.o [1]
  .text              ro code  0x0801cd34     0x58  stm32l4xx_hal_dma.o [1]
  .text              ro code  0x0801cd8c      0x2  stm32l4xx_hal_spi.o [1]
  .text              ro code  0x0801cd8e      0x2  stm32l4xx_hal_spi.o [1]
  .text              ro code  0x0801cd90     0xb8  stm32l4xx_hal_timebase_tim.o [1]
  .text              ro code  0x0801ce48     0x4c  stm32l4xx_hal_msp.o [1]
  .text              ro code  0x0801ce94     0x98  stm32l475e_iot01_accelero.o [1]
  .text              ro code  0x0801cf2c     0x40  stm32l475e_iot01_hsensor.o [1]
  .text              ro code  0x0801cf6c     0x38  stm32l475e_iot01_tsensor.o [1]
  .text              ro code  0x0801cfa4    0x550  simulatorcomm.o [3]
  .text              ro code  0x0801d4f4      0x2  stm32l4xx_hal_uart.o [1]
  .text              ro code  0x0801d4f6      0x2  stm32l4xx_hal_uart_ex.o [1]
  .text              ro code  0x0801d4f8      0x2  stm32l4xx_hal_uart.o [1]
  .text              ro code  0x0801d4fa      0x2  stm32l4xx_hal_i2c.o [1]
  .text              ro code  0x0801d4fc    0xee8  xscanffull.o [4]
  .text              ro code  0x0801e3e4    0x2be  stm32l4xx_hal_tim.o [1]
  .text              ro code  0x0801e6a4     0x10  stm32l4xx_hal.o [1]
  .text              ro code  0x0801e6b4     0x3c  wctob.o [4]
  .text              ro code  0x0801e6f0     0x9c  iar_Stollx.o [4]
  .text              ro code  0x0801e78c    0x1b8  iar_Stoullx.o [4]
  .rodata            const    0x0801e944     0x7c  gagent_iot_test_basic_connectivity.o [1]
  .text              ro code  0x0801e9c0    0x598  strto64.o [5]
  .text              ro code  0x0801ef58     0x14  isalpha.o [4]
  .text              ro code  0x0801ef6c     0x68  DblToFlt.o [5]
  .text              ro code  0x0801efd4      0x2  stm32l4xx_hal_tim.o [1]
  .text              ro code  0x0801efd6      0x2  stm32l4xx_hal_tim.o [1]
  .text              ro code  0x0801efd8      0x2  stm32l4xx_hal_tim.o [1]
  .text              ro code  0x0801efda      0x2  stm32l4xx_hal_tim_ex.o [1]
  .text              ro code  0x0801efdc      0x2  stm32l4xx_hal_tim.o [1]
  .text              ro code  0x0801efde      0x2  stm32l4xx_hal_tim_ex.o [1]
  .text              ro code  0x0801efe0    0x122  iar_Stopfx.o [4]
  .text              ro code  0x0801f104    0x1c8  iar_Stoflt.o [4]
  .text              ro code  0x0801f2cc    0x21c  iar_Stoxflt.o [4]
  .text              ro code  0x0801f4e8    0x264  hts221.o [1]
  .text              ro code  0x0801f74c    0x1f2  lz77_init.o [6]
  .text              ro code  0x0801f940    0x190  lsm6dsl.o [1]
  .rodata            const    0x0801fad0     0x80  es_wifi.o [1]
  .rodata            const    0x0801fb50     0x80  gagent.o [3]
  .rodata            const    0x0801fbd0     0x70  gagent.o [3]
  .rodata            const    0x0801fc40     0x70  timer_subsystem.o [3]
  .text              ro code  0x0801fcb0     0x6c  system_stm32l4xx.o [1]
  .rodata            const    0x0801fd1c     0x68  timedate.o [1]
  .rodata            const    0x0801fd84     0x68  simulatorcomm.o [3]
  .rodata            const    0x0801fdec     0x68  httpgat.o [3]
  .rodata            const    0x0801fe54     0x68  httpgat.o [3]
  .rodata            const    0x0801febc     0x68  httpgat.o [3]
  .rodata            const    0x0801ff24     0x64  gagent.o [3]
  .text              ro code  0x0801ff88     0x64  stm32l4xx_it.o [1]
  .rodata            const    0x0801ffec     0x60  iofsocket.o [1]
  .rodata            const    0x0802004c     0x60  iofsocket.o [1]
  .rodata            const    0x080200ac     0x60  network.o [1]
  .rodata            const    0x0802010c     0x60  gserver.o [3]
  .rodata            const    0x0802016c     0x60  otawan.o [3]
  .rodata            const    0x080201cc     0x5c  ioffile.o [1]
  .rodata            const    0x08020228     0x5c  iofsocket.o [1]
  .rodata            const    0x08020284     0x5c  gagent.o [3]
  .rodata            const    0x080202e0     0x5c  timer_subsystem.o [3]
  .rodata            const    0x0802033c     0x5c  timer_subsystem.o [3]
  .rodata            const    0x08020398     0x5c  otawan.o [3]
  .rodata            const    0x080203f4     0x5c  mqttlib.o [3]
  .rodata            const    0x08020450     0x58  ioftime.o [1]
  .rodata            const    0x080204a8     0x58  ioftime.o [1]
  .rodata            const    0x08020500     0x58  ioftime.o [1]
  .rodata            const    0x08020558     0x58  simulatorcomm.o [3]
  .rodata            const    0x080205b0     0x58  mqttgat.o [3]
  .rodata            const    0x08020608     0x58  gserver.o [3]
  .rodata            const    0x08020660     0x58  httpgat.o [3]
  .rodata            const    0x080206b8     0x54  ioffile.o [1]
  .rodata            const    0x0802070c     0x54  ioftime.o [1]
  .rodata            const    0x08020760     0x54  ioftime.o [1]
  .rodata            const    0x080207b4     0x54  tcp.o [3]
  .rodata            const    0x08020808     0x54  simulatorcomm.o [3]
  .rodata            const    0x0802085c     0x54  simulatorcomm.o [3]
  .rodata            const    0x080208b0     0x50  gserver.o [3]
  .rodata            const    0x08020900     0x50  gatm2m.o [3]
  .rodata            const    0x08020950     0x50  otawan.o [3]
  .rodata            const    0x080209a0     0x4c  gagent_iot_test_basic_connectivity.o [1]
  .rodata            const    0x080209ec     0x4c  gagent.o [3]
  .rodata            const    0x08020a38     0x4c  gagent.o [3]
  .rodata            const    0x08020a84     0x4c  localio.o [3]
  .rodata            const    0x08020ad0     0x4c  gserver.o [3]
  .rodata            const    0x08020b1c     0x4c  httpgat.o [3]
  .rodata            const    0x08020b68     0x48  gagent.o [3]
  .rodata            const    0x08020bb0     0x48  productinfo.o [3]
  .rodata            const    0x08020bf8     0x48  localio.o [3]
  .rodata            const    0x08020c40     0x48  tcp.o [3]
  .rodata            const    0x08020c88     0x48  gdns.o [3]
  .rodata            const    0x08020cd0     0x48  gserver.o [3]
  .rodata            const    0x08020d18     0x44  gagent.o [3]
  .rodata            const    0x08020d5c     0x44  gserver.o [3]
  .rodata            const    0x08020da0     0x44  httpgat.o [3]
  .rodata            const    0x08020de4     0x44  httpgat.o [3]
  .rodata            const    0x08020e28     0x44  otawan.o [3]
  .rodata            const    0x08020e6c     0x40  flash_l4.o [1]
  .rodata            const    0x08020eac     0x40  iot_flash_config.o [1]
  .rodata            const    0x08020eec     0x40  gagent.o [3]
  .rodata            const    0x08020f2c     0x40  productinfo.o [3]
  .rodata            const    0x08020f6c     0x40  productinfo.o [3]
  .rodata            const    0x08020fac     0x40  gatnet.o [3]
  .rodata            const    0x08020fec     0x40  localio.o [3]
  .rodata            const    0x0802102c     0x40  mqttgat.o [3]
  .rodata            const    0x0802106c     0x40  gserver.o [3]
  .rodata            const    0x080210ac     0x40  gserver.o [3]
  .rodata            const    0x080210ec     0x40  gserver.o [3]
  .rodata            const    0x0802112c     0x40  httpgat.o [3]
  .rodata            const    0x0802116c     0x40  gatm2m.o [3]
  .text              ro code  0x080211ac     0x40  zero_init3.o [6]
  .rodata            const    0x080211ec     0x3c  flash_l4.o [1]
  .rodata            const    0x08021228     0x3c  network.o [1]
  .rodata            const    0x08021264     0x3c  local.o [3]
  .rodata            const    0x080212a0     0x3c  gagent.o [3]
  .rodata            const    0x080212dc     0x3c  gagent.o [3]
  .rodata            const    0x08021318     0x3c  gagent.o [3]
  .rodata            const    0x08021354     0x3c  gatnet.o [3]
  .rodata            const    0x08021390     0x3c  localio.o [3]
  .rodata            const    0x080213cc     0x3c  localio.o [3]
  .rodata            const    0x08021408     0x3c  localio.o [3]
  .rodata            const    0x08021444     0x3c  simulatorcomm.o [3]
  .rodata            const    0x08021480     0x3c  simulatorcomm.o [3]
  .rodata            const    0x080214bc     0x3c  simulatorcomm.o [3]
  .rodata            const    0x080214f8     0x3c  authorization.o [3]
  .rodata            const    0x08021534     0x3c  authorization.o [3]
  .rodata            const    0x08021570     0x3c  localcomm.o [3]
  .rodata            const    0x080215ac     0x3c  localprotocol.o [3]
  .rodata            const    0x080215e8     0x3c  gserver.o [3]
  .rodata            const    0x08021624     0x3c  gserver.o [3]
  .rodata            const    0x08021660     0x3c  gserver.o [3]
  .rodata            const    0x0802169c     0x3c  gatm2m.o [3]
  .rodata            const    0x080216d8     0x3c  gatm2m.o [3]
  .rodata            const    0x08021714     0x3c  otawan.o [3]
  .rodata            const    0x08021750     0x3c  otawan.o [3]
  .rodata            const    0x0802178c     0x38  flash_l4.o [1]
  .rodata            const    0x080217c4     0x38  ioffile.o [1]
  .rodata            const    0x080217fc     0x38  iofipc.o [1]
  .rodata            const    0x08021834     0x38  iofserial.o [1]
  .rodata            const    0x0802186c     0x38  local.o [3]
  .rodata            const    0x080218a4     0x38  local.o [3]
  .rodata            const    0x080218dc     0x38  gagent.o [3]
  .rodata            const    0x08021914     0x38  gagent.o [3]
  .rodata            const    0x0802194c     0x38  gagent.o [3]
  .rodata            const    0x08021984     0x38  gagent.o [3]
  .rodata            const    0x080219bc     0x38  gagent.o [3]
  .rodata            const    0x080219f4     0x38  gagent.o [3]
  .rodata            const    0x08021a2c     0x38  gatnet.o [3]
  .rodata            const    0x08021a64     0x38  nwk_manage.o [3]
  .rodata            const    0x08021a9c     0x38  localio.o [3]
  .rodata            const    0x08021ad4     0x38  tcp.o [3]
  .rodata            const    0x08021b0c     0x38  simulatorcomm.o [3]
  .rodata            const    0x08021b44     0x38  authorization.o [3]
  .rodata            const    0x08021b7c     0x38  localcomm.o [3]
  .rodata            const    0x08021bb4     0x38  localcomm.o [3]
  .rodata            const    0x08021bec     0x38  dp.o [3]
  .rodata            const    0x08021c24     0x38  localprotocol.o [3]
  .rodata            const    0x08021c5c     0x38  mqttgat.o [3]
  .rodata            const    0x08021c94     0x38  mqttgat.o [3]
  .rodata            const    0x08021ccc     0x38  gserver.o [3]
  .rodata            const    0x08021d04     0x38  gserver.o [3]
  .rodata            const    0x08021d3c     0x38  gserver.o [3]
  .rodata            const    0x08021d74     0x38  gserver.o [3]
  .rodata            const    0x08021dac     0x38  httpgat.o [3]
  .rodata            const    0x08021de4     0x38  httpgat.o [3]
  .rodata            const    0x08021e1c     0x38  gatm2m.o [3]
  .rodata            const    0x08021e54     0x38  gatm2m.o [3]
  .rodata            const    0x08021e8c     0x38  gatm2m.o [3]
  .rodata            const    0x08021ec4     0x38  gatm2m.o [3]
  .rodata            const    0x08021efc     0x38  gatm2m.o [3]
  .rodata            const    0x08021f34     0x38  otawan.o [3]
  .rodata            const    0x08021f6c     0x38  otawan.o [3]
  .rodata            const    0x08021fa4     0x38  otawan.o [3]
  .rodata            const    0x08021fdc     0x38  otawan.o [3]
  .rodata            const    0x08022014     0x38  otawan.o [3]
  .rodata            const    0x0802204c     0x38  mqttlib.o [3]
  .rodata            const    0x08022084     0x38  env.o [3]
  .rodata            const    0x080220bc     0x34  iofnet.o [1]
  .rodata            const    0x080220f0     0x34  ioftime.o [1]
  .rodata            const    0x08022124     0x34  iot_flash_config.o [1]
  .rodata            const    0x08022158     0x34  network.o [1]
  .rodata            const    0x0802218c     0x34  timedate.o [1]
  .rodata            const    0x080221c0     0x34  local.o [3]
  .rodata            const    0x080221f4     0x34  gagent.o [3]
  .rodata            const    0x08022228     0x34  gagent.o [3]
  .rodata            const    0x0802225c     0x34  gagent.o [3]
  .rodata            const    0x08022290     0x34  gagent.o [3]
  .rodata            const    0x080222c4     0x34  gagent.o [3]
  .rodata            const    0x080222f8     0x34  productinfo.o [3]
  .rodata            const    0x0802232c     0x34  productinfo.o [3]
  .rodata            const    0x08022360     0x34  productinfo.o [3]
  .rodata            const    0x08022394     0x34  productinfo.o [3]
  .rodata            const    0x080223c8     0x34  gatnet.o [3]
  .rodata            const    0x080223fc     0x34  nwk_manage.o [3]
  .rodata            const    0x08022430     0x34  tcp.o [3]
  .rodata            const    0x08022464     0x34  tcp.o [3]
  .rodata            const    0x08022498     0x34  timer_subsystem.o [3]
  .rodata            const    0x080224cc     0x34  authorization.o [3]
  .rodata            const    0x08022500     0x34  authorization.o [3]
  .rodata            const    0x08022534     0x34  dp.o [3]
  .rodata            const    0x08022568     0x34  dp.o [3]
  .rodata            const    0x0802259c     0x34  gserver.o [3]
  .rodata            const    0x080225d0     0x34  gserver.o [3]
  .rodata            const    0x08022604     0x34  gserver.o [3]
  .rodata            const    0x08022638     0x34  gserver.o [3]
  .rodata            const    0x0802266c     0x34  gserver.o [3]
  .rodata            const    0x080226a0     0x34  httpgat.o [3]
  .rodata            const    0x080226d4     0x34  httpgat.o [3]
  .rodata            const    0x08022708     0x34  gatm2m.o [3]
  .rodata            const    0x0802273c     0x34  otawan.o [3]
  .rodata            const    0x08022770     0x34  otawan.o [3]
  .rodata            const    0x080227a4     0x30  gagent_iot_test_basic_connectivity.o [1]
  .rodata            const    0x080227d4     0x30  iofsocket.o [1]
  .rodata            const    0x08022804     0x30  system_stm32l4xx.o [1]
  .rodata            const    0x08022834     0x30  local.o [3]
  .rodata            const    0x08022864     0x30  gagent.o [3]
  .rodata            const    0x08022894     0x30  gagent.o [3]
  .rodata            const    0x080228c4     0x30  gagent.o [3]
  .rodata            const    0x080228f4     0x30  gagent.o [3]
  .rodata            const    0x08022924     0x30  productinfo.o [3]
  .rodata            const    0x08022954     0x30  productinfo.o [3]
  .rodata            const    0x08022984     0x30  productinfo.o [3]
  .rodata            const    0x080229b4     0x30  productinfo.o [3]
  .rodata            const    0x080229e4     0x30  gatnet.o [3]
  .rodata            const    0x08022a14     0x30  gatnet.o [3]
  .rodata            const    0x08022a44     0x30  gatnet.o [3]
  .rodata            const    0x08022a74     0x30  nwk_manage.o [3]
  .rodata            const    0x08022aa4     0x30  nwk_manage.o [3]
  .rodata            const    0x08022ad4     0x30  nwk_manage.o [3]
  .rodata            const    0x08022b04     0x30  nwk_manage.o [3]
  .rodata            const    0x08022b34     0x30  nwk_manage.o [3]
  .rodata            const    0x08022b64     0x30  tcp.o [3]
  .rodata            const    0x08022b94     0x30  tcp.o [3]
  .rodata            const    0x08022bc4     0x30  timer_subsystem.o [3]
  .rodata            const    0x08022bf4     0x30  simulatorcomm.o [3]
  .rodata            const    0x08022c24     0x30  authorization.o [3]
  .rodata            const    0x08022c54     0x30  mqttgat.o [3]
  .rodata            const    0x08022c84     0x30  mqttgat.o [3]
  .rodata            const    0x08022cb4     0x30  mqttgat.o [3]
  .rodata            const    0x08022ce4     0x30  mqttgat.o [3]
  .rodata            const    0x08022d14     0x30  mqttgat.o [3]
  .rodata            const    0x08022d44     0x30  mqttgat.o [3]
  .rodata            const    0x08022d74     0x30  mqttgat.o [3]
  .rodata            const    0x08022da4     0x30  gdns.o [3]
  .rodata            const    0x08022dd4     0x30  gserver.o [3]
  .rodata            const    0x08022e04     0x30  gserver.o [3]
  .rodata            const    0x08022e34     0x30  gserver.o [3]
  .rodata            const    0x08022e64     0x30  gserver.o [3]
  .rodata            const    0x08022e94     0x30  gserver.o [3]
  .rodata            const    0x08022ec4     0x30  gserver.o [3]
  .rodata            const    0x08022ef4     0x30  gserver.o [3]
  .rodata            const    0x08022f24     0x30  httpgat.o [3]
  .rodata            const    0x08022f54     0x30  gatm2m.o [3]
  .rodata            const    0x08022f84     0x30  gatm2m.o [3]
  .rodata            const    0x08022fb4     0x30  gatm2m.o [3]
  .rodata            const    0x08022fe4     0x30  gatm2m.o [3]
  .rodata            const    0x08023014     0x30  gatm2m.o [3]
  .rodata            const    0x08023044     0x30  otawan.o [3]
  .rodata            const    0x08023074     0x30  otawan.o [3]
  .rodata            const    0x080230a4     0x2c  flash_l4.o [1]
  .rodata            const    0x080230d0     0x2c  iofnet.o [1]
  .rodata            const    0x080230fc     0x2c  iofnet.o [1]
  .rodata            const    0x08023128     0x2c  iofsocket.o [1]
  .rodata            const    0x08023154     0x2c  iot_flash_config.o [1]
  .rodata            const    0x08023180     0x2c  network.o [1]
  .rodata            const    0x080231ac     0x2c  local.o [3]
  .rodata            const    0x080231d8     0x2c  gagent.o [3]
  .rodata            const    0x08023204     0x2c  gagent.o [3]
  .rodata            const    0x08023230     0x2c  gagent.o [3]
  .rodata            const    0x0802325c     0x2c  gagent.o [3]
  .rodata            const    0x08023288     0x2c  gagent.o [3]
  .rodata            const    0x080232b4     0x2c  gagent.o [3]
  .rodata            const    0x080232e0     0x2c  productinfo.o [3]
  .rodata            const    0x0802330c     0x2c  productinfo.o [3]
  .rodata            const    0x08023338     0x2c  productinfo.o [3]
  .rodata            const    0x08023364     0x2c  productinfo.o [3]
  .rodata            const    0x08023390     0x2c  productinfo.o [3]
  .rodata            const    0x080233bc     0x2c  productinfo.o [3]
  .rodata            const    0x080233e8     0x2c  productinfo.o [3]
  .rodata            const    0x08023414     0x2c  productinfo.o [3]
  .rodata            const    0x08023440     0x2c  productinfo.o [3]
  .rodata            const    0x0802346c     0x2c  productinfo.o [3]
  .rodata            const    0x08023498     0x2c  productinfo.o [3]
  .rodata            const    0x080234c4     0x2c  productinfo.o [3]
  .rodata            const    0x080234f0     0x2c  productinfo.o [3]
  .rodata            const    0x0802351c     0x2c  productinfo.o [3]
  .rodata            const    0x08023548     0x2c  productinfo.o [3]
  .rodata            const    0x08023574     0x2c  productinfo.o [3]
  .rodata            const    0x080235a0     0x2c  gatnet.o [3]
  .rodata            const    0x080235cc     0x2c  nwk_manage.o [3]
  .rodata            const    0x080235f8     0x2c  nwk_manage.o [3]
  .rodata            const    0x08023624     0x2c  nwk_manage.o [3]
  .rodata            const    0x08023650     0x2c  tcp.o [3]
  .rodata            const    0x0802367c     0x2c  tcp.o [3]
  .rodata            const    0x080236a8     0x2c  tcp.o [3]
  .rodata            const    0x080236d4     0x2c  tcp.o [3]
  .rodata            const    0x08023700     0x2c  timer_subsystem.o [3]
  .rodata            const    0x0802372c     0x2c  authorization.o [3]
  .rodata            const    0x08023758     0x2c  authorization.o [3]
  .rodata            const    0x08023784     0x2c  authorization.o [3]
  .rodata            const    0x080237b0     0x2c  localcomm.o [3]
  .rodata            const    0x080237dc     0x2c  mqttgat.o [3]
  .rodata            const    0x08023808     0x2c  mqttgat.o [3]
  .rodata            const    0x08023834     0x2c  gdns.o [3]
  .rodata            const    0x08023860     0x2c  gdns.o [3]
  .rodata            const    0x0802388c     0x2c  gserver.o [3]
  .rodata            const    0x080238b8     0x2c  gserver.o [3]
  .rodata            const    0x080238e4     0x2c  gserver.o [3]
  .rodata            const    0x08023910     0x2c  gserver.o [3]
  .rodata            const    0x0802393c     0x2c  gserver.o [3]
  .rodata            const    0x08023968     0x2c  gserver.o [3]
  .rodata            const    0x08023994     0x2c  gserver.o [3]
  .rodata            const    0x080239c0     0x2c  gserver.o [3]
  .rodata            const    0x080239ec     0x2c  gserver.o [3]
  .rodata            const    0x08023a18     0x2c  httpgat.o [3]
  .rodata            const    0x08023a44     0x2c  httpgat.o [3]
  .rodata            const    0x08023a70     0x2c  httpgat.o [3]
  .rodata            const    0x08023a9c     0x2c  httpgat.o [3]
  .rodata            const    0x08023ac8     0x2c  httpgat.o [3]
  .rodata            const    0x08023af4     0x2c  httpgat.o [3]
  .rodata            const    0x08023b20     0x2c  lanvirtual.o [3]
  .rodata            const    0x08023b4c     0x2c  gatm2m.o [3]
  .rodata            const    0x08023b78     0x2c  otawan.o [3]
  .rodata            const    0x08023ba4     0x2c  otawan.o [3]
  .rodata            const    0x08023bd0     0x2c  mqttlib.o [3]
  .rodata            const    0x08023bfc     0x2c  env.o [3]
  .rodata            const    0x08023c28     0x28  gagent_iot_test_basic_connectivity.o [1]
  .rodata            const    0x08023c50     0x28  iofnet.o [1]
  .rodata            const    0x08023c78     0x28  iofnet.o [1]
  .rodata            const    0x08023ca0     0x28  iofserial.o [1]
  .rodata            const    0x08023cc8     0x28  network.o [1]
  .rodata            const    0x08023cf0     0x28  local.o [3]
  .rodata            const    0x08023d18     0x28  local.o [3]
  .rodata            const    0x08023d40     0x28  local.o [3]
  .rodata            const    0x08023d68     0x28  local.o [3]
  .rodata            const    0x08023d90     0x28  local.o [3]
  .rodata            const    0x08023db8     0x28  local.o [3]
  .rodata            const    0x08023de0     0x28  local.o [3]
  .rodata            const    0x08023e08     0x28  local.o [3]
  .rodata            const    0x08023e30     0x28  gagent.o [3]
  .rodata            const    0x08023e58     0x28  gagent.o [3]
  .rodata            const    0x08023e80     0x28  productinfo.o [3]
  .rodata            const    0x08023ea8     0x28  productinfo.o [3]
  .rodata            const    0x08023ed0     0x28  gatnet.o [3]
  .rodata            const    0x08023ef8     0x28  nwk_manage.o [3]
  .rodata            const    0x08023f20     0x28  nwk_manage.o [3]
  .rodata            const    0x08023f48     0x28  nwk_manage.o [3]
  .rodata            const    0x08023f70     0x28  nwk_manage.o [3]
  .rodata            const    0x08023f98     0x28  nwk_manage.o [3]
  .rodata            const    0x08023fc0     0x28  nwk_manage.o [3]
  .rodata            const    0x08023fe8     0x28  localio.o [3]
  .rodata            const    0x08024010     0x28  tcp.o [3]
  .rodata            const    0x08024038     0x28  tcp.o [3]
  .rodata            const    0x08024060     0x28  tcp.o [3]
  .rodata            const    0x08024088     0x28  tcp.o [3]
  .rodata            const    0x080240b0     0x28  tcp.o [3]
  .rodata            const    0x080240d8     0x28  tcp.o [3]
  .rodata            const    0x08024100     0x28  tcp.o [3]
  .rodata            const    0x08024128     0x28  timer_subsystem.o [3]
  .rodata            const    0x08024150     0x28  simulatorcomm.o [3]
  .rodata            const    0x08024178     0x28  simulatorcomm.o [3]
  .rodata            const    0x080241a0     0x28  gatutilcode.o [3]
  .rodata            const    0x080241c8     0x28  gatutilcode.o [3]
  .rodata            const    0x080241f0     0x28  authorization.o [3]
  .rodata            const    0x08024218     0x28  authorization.o [3]
  .rodata            const    0x08024240     0x28  authorization.o [3]
  .rodata            const    0x08024268     0x28  localcomm.o [3]
  .rodata            const    0x08024290     0x28  dp.o [3]
  .rodata            const    0x080242b8     0x28  mqttgat.o [3]
  .rodata            const    0x080242e0     0x28  mqttgat.o [3]
  .rodata            const    0x08024308     0x28  mqttgat.o [3]
  .rodata            const    0x08024330     0x28  mqttgat.o [3]
  .rodata            const    0x08024358     0x28  mqttgat.o [3]
  .rodata            const    0x08024380     0x28  mqttgat.o [3]
  .rodata            const    0x080243a8     0x28  mqttgat.o [3]
  .rodata            const    0x080243d0     0x28  mqttgat.o [3]
  .rodata            const    0x080243f8     0x28  gdns.o [3]
  .rodata            const    0x08024420     0x28  gdns.o [3]
  .rodata            const    0x08024448     0x28  gserver.o [3]
  .rodata            const    0x08024470     0x28  gserver.o [3]
  .rodata            const    0x08024498     0x28  gserver.o [3]
  .rodata            const    0x080244c0     0x28  gserver.o [3]
  .rodata            const    0x080244e8     0x28  gserver.o [3]
  .rodata            const    0x08024510     0x28  gserver.o [3]
  .rodata            const    0x08024538     0x28  gserver.o [3]
  .rodata            const    0x08024560     0x28  gserver.o [3]
  .rodata            const    0x08024588     0x28  gserver.o [3]
  .rodata            const    0x080245b0     0x28  gserver.o [3]
  .rodata            const    0x080245d8     0x28  gserver.o [3]
  .rodata            const    0x08024600     0x28  httpgat.o [3]
  .rodata            const    0x08024628     0x28  httpgat.o [3]
  .rodata            const    0x08024650     0x28  httpgat.o [3]
  .rodata            const    0x08024678     0x28  httpgat.o [3]
  .rodata            const    0x080246a0     0x28  httpgat.o [3]
  .rodata            const    0x080246c8     0x28  httpgat.o [3]
  .rodata            const    0x080246f0     0x28  httpgat.o [3]
  .rodata            const    0x08024718     0x28  gatm2m.o [3]
  .rodata            const    0x08024740     0x28  gatm2m.o [3]
  .rodata            const    0x08024768     0x28  gatm2m.o [3]
  .rodata            const    0x08024790     0x28  otawan.o [3]
  .rodata            const    0x080247b8     0x28  otawan.o [3]
  .rodata            const    0x080247e0     0x28  otawan.o [3]
  .rodata            const    0x08024808     0x28  otawan.o [3]
  .rodata            const    0x08024830     0x28  otawan.o [3]
  .rodata            const    0x08024858     0x28  env.o [3]
  .rodata            const    0x08024880     0x28  env.o [3]
  .rodata            const    0x080248a8     0x28  env.o [3]
  .text              ro code  0x080248d0     0x28  data_init.o [6]
  .rodata            const    0x080248f8     0x24  flash_l4.o [1]
  .rodata            const    0x0802491c     0x24  gagent_iot_test_basic_connectivity.o [1]
  .rodata            const    0x08024940     0x24  ioffile.o [1]
  .rodata            const    0x08024964     0x24  iofnet.o [1]
  .rodata            const    0x08024988     0x24  iofsocket.o [1]
  .rodata            const    0x080249ac     0x24  iofsocket.o [1]
  .rodata            const    0x080249d0     0x24  iot_flash_config.o [1]
  .rodata            const    0x080249f4     0x24  network.o [1]
  .rodata            const    0x08024a18     0x24  network.o [1]
  .rodata            const    0x08024a3c     0x24  gagent.o [3]
  .rodata            const    0x08024a60     0x24  gagent.o [3]
  .rodata            const    0x08024a84     0x24  gagent.o [3]
  .rodata            const    0x08024aa8     0x24  productinfo.o [3]
  .rodata            const    0x08024acc     0x24  productinfo.o [3]
  .rodata            const    0x08024af0     0x24  productinfo.o [3]
  .rodata            const    0x08024b14     0x24  productinfo.o [3]
  .rodata            const    0x08024b38     0x24  productinfo.o [3]
  .rodata            const    0x08024b5c     0x24  gatnet.o [3]
  .rodata            const    0x08024b80     0x24  gatnet.o [3]
  .rodata            const    0x08024ba4     0x24  nwk_manage.o [3]
  .rodata            const    0x08024bc8     0x24  nwk_manage.o [3]
  .rodata            const    0x08024bec     0x24  nwk_manage.o [3]
  .rodata            const    0x08024c10     0x24  nwk_manage.o [3]
  .rodata            const    0x08024c34     0x24  nwk_manage.o [3]
  .rodata            const    0x08024c58     0x24  localio.o [3]
  .rodata            const    0x08024c7c     0x24  localio.o [3]
  .rodata            const    0x08024ca0     0x24  localio.o [3]
  .rodata            const    0x08024cc4     0x24  localio.o [3]
  .rodata            const    0x08024ce8     0x24  localio.o [3]
  .rodata            const    0x08024d0c     0x24  localio.o [3]
  .rodata            const    0x08024d30     0x24  localio.o [3]
  .rodata            const    0x08024d54     0x24  localio.o [3]
  .rodata            const    0x08024d78     0x24  tcp.o [3]
  .rodata            const    0x08024d9c     0x24  tcp.o [3]
  .rodata            const    0x08024dc0     0x24  tcp.o [3]
  .rodata            const    0x08024de4     0x24  timer_subsystem.o [3]
  .rodata            const    0x08024e08     0x24  timer_subsystem.o [3]
  .rodata            const    0x08024e2c     0x24  simulatorcomm.o [3]
  .rodata            const    0x08024e50     0x24  authorization.o [3]
  .rodata            const    0x08024e74     0x24  authorization.o [3]
  .rodata            const    0x08024e98     0x24  authorization.o [3]
  .rodata            const    0x08024ebc     0x24  authorization.o [3]
  .rodata            const    0x08024ee0     0x24  authorization.o [3]
  .rodata            const    0x08024f04     0x24  localcomm.o [3]
  .rodata            const    0x08024f28     0x24  mqttgat.o [3]
  .rodata            const    0x08024f4c     0x24  mqttgat.o [3]
  .rodata            const    0x08024f70     0x24  mqttgat.o [3]
  .rodata            const    0x08024f94     0x24  gdns.o [3]
  .rodata            const    0x08024fb8     0x24  gdns.o [3]
  .rodata            const    0x08024fdc     0x24  gserver.o [3]
  .rodata            const    0x08025000     0x24  gserver.o [3]
  .rodata            const    0x08025024     0x24  gserver.o [3]
  .rodata            const    0x08025048     0x24  gserver.o [3]
  .rodata            const    0x0802506c     0x24  gserver.o [3]
  .rodata            const    0x08025090     0x24  gserver.o [3]
  .rodata            const    0x080250b4     0x24  gserver.o [3]
  .rodata            const    0x080250d8     0x24  gserver.o [3]
  .rodata            const    0x080250fc     0x24  gserver.o [3]
  .rodata            const    0x08025120     0x24  gserver.o [3]
  .rodata            const    0x08025144     0x24  gserver.o [3]
  .rodata            const    0x08025168     0x24  gserver.o [3]
  .rodata            const    0x0802518c     0x24  httpgat.o [3]
  .rodata            const    0x080251b0     0x24  httpgat.o [3]
  .rodata            const    0x080251d4     0x24  httpgat.o [3]
  .rodata            const    0x080251f8     0x24  httpgat.o [3]
  .rodata            const    0x0802521c     0x24  httpgat.o [3]
  .rodata            const    0x08025240     0x24  httpgat.o [3]
  .rodata            const    0x08025264     0x24  httpgat.o [3]
  .rodata            const    0x08025288     0x24  httpgat.o [3]
  .rodata            const    0x080252ac     0x24  httpgat.o [3]
  .rodata            const    0x080252d0     0x24  gatm2m.o [3]
  .rodata            const    0x080252f4     0x24  gatm2m.o [3]
  .rodata            const    0x08025318     0x24  gatm2m.o [3]
  .rodata            const    0x0802533c     0x24  gatm2m.o [3]
  .rodata            const    0x08025360     0x24  gatm2m.o [3]
  .rodata            const    0x08025384     0x24  gatm2m.o [3]
  .rodata            const    0x080253a8     0x24  otawan.o [3]
  .rodata            const    0x080253cc     0x24  otawan.o [3]
  .rodata            const    0x080253f0     0x24  otawan.o [3]
  .rodata            const    0x08025414     0x24  otawan.o [3]
  .rodata            const    0x08025438     0x24  otawan.o [3]
  .rodata            const    0x0802545c     0x24  otawan.o [3]
  .rodata            const    0x08025480     0x24  otawan.o [3]
  .rodata            const    0x080254a4     0x24  otawan.o [3]
  .rodata            const    0x080254c8     0x24  mqttlib.o [3]
  .rodata            const    0x080254ec     0x24  env.o [3]
  .text              ro code  0x08025510     0x22  fpinit_M.o [5]
  .iar.init_table    const    0x08025534     0x2c  - Linker created -
  .rodata            const    0x08025560     0x20  es_wifi.o [1]
  .rodata            const    0x08025580     0x20  es_wifi.o [1]
  .rodata            const    0x080255a0     0x20  es_wifi.o [1]
  .rodata            const    0x080255c0     0x20  gagent_iot_test_basic_connectivity.o [1]
  .rodata            const    0x080255e0     0x20  gagent_iot_test_basic_connectivity.o [1]
  .rodata            const    0x08025600     0x20  gagent_iot_test_basic_connectivity.o [1]
  .rodata            const    0x08025620     0x20  gagent_iot_test_basic_connectivity.o [1]
  .rodata            const    0x08025640     0x20  iofnet.o [1]
  .rodata            const    0x08025660     0x20  ioftime.o [1]
  .rodata            const    0x08025680     0x20  ioftime.o [1]
  .rodata            const    0x080256a0     0x20  ioftime.o [1]
  .rodata            const    0x080256c0     0x20  network.o [1]
  .rodata            const    0x080256e0     0x20  network.o [1]
  .rodata            const    0x08025700     0x20  network.o [1]
  .rodata            const    0x08025720     0x20  sensors_data.o [1]
  .rodata            const    0x08025740     0x20  sensors_data.o [1]
  .rodata            const    0x08025760     0x20  sensors_data.o [1]
  .rodata            const    0x08025780     0x20  sensors_data.o [1]
  .rodata            const    0x080257a0     0x20  timedate.o [1]
  .rodata            const    0x080257c0     0x20  timedate.o [1]
  .rodata            const    0x080257e0     0x20  local.o [3]
  .rodata            const    0x08025800     0x20  local.o [3]
  .rodata            const    0x08025820     0x20  gagent.o [3]
  .rodata            const    0x08025840     0x20  gagent.o [3]
  .rodata            const    0x08025860     0x20  gagent.o [3]
  .rodata            const    0x08025880     0x20  gagent.o [3]
  .rodata            const    0x080258a0     0x20  gagent.o [3]
  .rodata            const    0x080258c0     0x20  gagent.o [3]
  .rodata            const    0x080258e0     0x20  gagent.o [3]
  .rodata            const    0x08025900     0x20  productinfo.o [3]
  .rodata            const    0x08025920     0x20  productinfo.o [3]
  .rodata            const    0x08025940     0x20  productinfo.o [3]
  .rodata            const    0x08025960     0x20  productinfo.o [3]
  .rodata            const    0x08025980     0x20  productinfo.o [3]
  .rodata            const    0x080259a0     0x20  productinfo.o [3]
  .rodata            const    0x080259c0     0x20  productinfo.o [3]
  .rodata            const    0x080259e0     0x20  gatnet.o [3]
  .rodata            const    0x08025a00     0x20  gatnet.o [3]
  .rodata            const    0x08025a20     0x20  gatnet.o [3]
  .rodata            const    0x08025a40     0x20  nwk_manage.o [3]
  .rodata            const    0x08025a60     0x20  nwk_manage.o [3]
  .rodata            const    0x08025a80     0x20  nwk_manage.o [3]
  .rodata            const    0x08025aa0     0x20  nwk_manage.o [3]
  .rodata            const    0x08025ac0     0x20  nwk_manage.o [3]
  .rodata            const    0x08025ae0     0x20  nwk_manage.o [3]
  .rodata            const    0x08025b00     0x20  nwk_manage.o [3]
  .rodata            const    0x08025b20     0x20  nwk_manage.o [3]
  .rodata            const    0x08025b40     0x20  localio.o [3]
  .rodata            const    0x08025b60     0x20  localio.o [3]
  .rodata            const    0x08025b80     0x20  tcp.o [3]
  .rodata            const    0x08025ba0     0x20  tcp.o [3]
  .rodata            const    0x08025bc0     0x20  tcp.o [3]
  .rodata            const    0x08025be0     0x20  tcp.o [3]
  .rodata            const    0x08025c00     0x20  tcp.o [3]
  .rodata            const    0x08025c20     0x20  tcp.o [3]
  .rodata            const    0x08025c40     0x20  tcp.o [3]
  .rodata            const    0x08025c60     0x20  timer_subsystem.o [3]
  .rodata            const    0x08025c80     0x20  simulatorcomm.o [3]
  .rodata            const    0x08025ca0     0x20  simulatorcomm.o [3]
  .rodata            const    0x08025cc0     0x20  simulatorcomm.o [3]
  .rodata            const    0x08025ce0     0x20  simulatorcomm.o [3]
  .rodata            const    0x08025d00     0x20  gatutilcode.o [3]
  .rodata            const    0x08025d20     0x20  gatutilcode.o [3]
  .rodata            const    0x08025d40     0x20  authorization.o [3]
  .rodata            const    0x08025d60     0x20  authorization.o [3]
  .rodata            const    0x08025d80     0x20  authorization.o [3]
  .rodata            const    0x08025da0     0x20  mqttgat.o [3]
  .rodata            const    0x08025dc0     0x20  mqttgat.o [3]
  .rodata            const    0x08025de0     0x20  mqttgat.o [3]
  .rodata            const    0x08025e00     0x20  mqttgat.o [3]
  .rodata            const    0x08025e20     0x20  mqttgat.o [3]
  .rodata            const    0x08025e40     0x20  mqttgat.o [3]
  .rodata            const    0x08025e60     0x20  mqttgat.o [3]
  .rodata            const    0x08025e80     0x20  mqttgat.o [3]
  .rodata            const    0x08025ea0     0x20  gdns.o [3]
  .rodata            const    0x08025ec0     0x20  gserver.o [3]
  .rodata            const    0x08025ee0     0x20  gserver.o [3]
  .rodata            const    0x08025f00     0x20  gserver.o [3]
  .rodata            const    0x08025f20     0x20  gserver.o [3]
  .rodata            const    0x08025f40     0x20  gserver.o [3]
  .rodata            const    0x08025f60     0x20  gserver.o [3]
  .rodata            const    0x08025f80     0x20  httpgat.o [3]
  .rodata            const    0x08025fa0     0x20  httpgat.o [3]
  .rodata            const    0x08025fc0     0x20  httpgat.o [3]
  .rodata            const    0x08025fe0     0x20  httpgat.o [3]
  .rodata            const    0x08026000     0x20  httpgat.o [3]
  .rodata            const    0x08026020     0x20  httpgat.o [3]
  .rodata            const    0x08026040     0x20  gatm2m.o [3]
  .rodata            const    0x08026060     0x20  gatm2m.o [3]
  .rodata            const    0x08026080     0x20  gatm2m.o [3]
  .rodata            const    0x080260a0     0x20  gatm2m.o [3]
  .rodata            const    0x080260c0     0x20  gatm2m.o [3]
  .rodata            const    0x080260e0     0x20  gatm2m.o [3]
  .rodata            const    0x08026100     0x20  gatm2m.o [3]
  .rodata            const    0x08026120     0x20  gatm2m.o [3]
  .rodata            const    0x08026140     0x20  gatm2m.o [3]
  .rodata            const    0x08026160     0x20  gatm2m.o [3]
  .rodata            const    0x08026180     0x20  gatm2m.o [3]
  .rodata            const    0x080261a0     0x20  gatm2m.o [3]
  .rodata            const    0x080261c0     0x20  gatm2m.o [3]
  .rodata            const    0x080261e0     0x20  gatm2m.o [3]
  .rodata            const    0x08026200     0x20  gatm2m.o [3]
  .rodata            const    0x08026220     0x20  otawan.o [3]
  .rodata            const    0x08026240     0x20  otawan.o [3]
  .rodata            const    0x08026260     0x20  otawan.o [3]
  .rodata            const    0x08026280     0x20  otawan.o [3]
  .rodata            const    0x080262a0     0x20  env.o [3]
  .rodata            const    0x080262c0     0x20  env.o [3]
  .text              ro code  0x080262e0     0x1e  cmain.o [6]
  .text              ro code  0x080262fe      0x4  low_level_init.o [4]
  .text              ro code  0x08026302      0x4  exit.o [4]
  .text              ro code  0x08026308      0xa  cexit.o [6]
  .rodata            const    0x08026314     0x1c  es_wifi.o [1]
  .rodata            const    0x08026330     0x1c  es_wifi.o [1]
  .rodata            const    0x0802634c     0x1c  flash_l4.o [1]
  .rodata            const    0x08026368     0x1c  gagent_iot_test_basic_connectivity.o [1]
  .rodata            const    0x08026384     0x1c  gagent_iot_test_basic_connectivity.o [1]
  .rodata            const    0x080263a0     0x1c  gagent_iot_test_basic_connectivity.o [1]
  .rodata            const    0x080263bc     0x1c  gagent_iot_test_basic_connectivity.o [1]
  .rodata            const    0x080263d8     0x1c  gagent_iot_test_basic_connectivity.o [1]
  .rodata            const    0x080263f4     0x1c  gagent_iot_test_basic_connectivity.o [1]
  .rodata            const    0x08026410     0x1c  iofnet.o [1]
  .rodata            const    0x0802642c     0x1c  iofnet.o [1]
  .rodata            const    0x08026448     0x1c  iofserial.o [1]
  .rodata            const    0x08026464     0x1c  ioftime.o [1]
  .rodata            const    0x08026480     0x1c  network.o [1]
  .rodata            const    0x0802649c     0x1c  network.o [1]
  .rodata            const    0x080264b8     0x1c  timedate.o [1]
  .rodata            const    0x080264d4     0x1c  local.o [3]
  .rodata            const    0x080264f0     0x1c  local.o [3]
  .rodata            const    0x0802650c     0x1c  local.o [3]
  .rodata            const    0x08026528     0x1c  gagent.o [3]
  .rodata            const    0x08026544     0x1c  gagent.o [3]
  .rodata            const    0x08026560     0x1c  gagent.o [3]
  .rodata            const    0x0802657c     0x1c  gagent.o [3]
  .rodata            const    0x08026598     0x1c  gagent.o [3]
  .rodata            const    0x080265b4     0x1c  gagent.o [3]
  .rodata            const    0x080265d0     0x1c  productinfo.o [3]
  .rodata            const    0x080265ec     0x1c  productinfo.o [3]
  .rodata            const    0x08026608     0x1c  productinfo.o [3]
  .rodata            const    0x08026624     0x1c  productinfo.o [3]
  .rodata            const    0x08026640     0x1c  productinfo.o [3]
  .rodata            const    0x0802665c     0x1c  productinfo.o [3]
  .rodata            const    0x08026678     0x1c  productinfo.o [3]
  .rodata            const    0x08026694     0x1c  gatnet.o [3]
  .rodata            const    0x080266b0     0x1c  nwk_manage.o [3]
  .rodata            const    0x080266cc     0x1c  nwk_manage.o [3]
  .rodata            const    0x080266e8     0x1c  nwk_manage.o [3]
  .rodata            const    0x08026704     0x1c  nwk_manage.o [3]
  .rodata            const    0x08026720     0x1c  localio.o [3]
  .rodata            const    0x0802673c     0x1c  localio.o [3]
  .rodata            const    0x08026758     0x1c  localio.o [3]
  .rodata            const    0x08026774     0x1c  localio.o [3]
  .rodata            const    0x08026790     0x1c  localio.o [3]
  .rodata            const    0x080267ac     0x1c  localio.o [3]
  .rodata            const    0x080267c8     0x1c  tcp.o [3]
  .rodata            const    0x080267e4     0x1c  tcp.o [3]
  .rodata            const    0x08026800     0x1c  tcp.o [3]
  .rodata            const    0x0802681c     0x1c  tcp.o [3]
  .rodata            const    0x08026838     0x1c  tcp.o [3]
  .rodata            const    0x08026854     0x1c  tcp.o [3]
  .rodata            const    0x08026870     0x1c  tcp.o [3]
  .rodata            const    0x0802688c     0x1c  timer_subsystem.o [3]
  .rodata            const    0x080268a8     0x1c  timer_subsystem.o [3]
  .rodata            const    0x080268c4     0x1c  timer_subsystem.o [3]
  .rodata            const    0x080268e0     0x1c  timer_subsystem.o [3]
  .rodata            const    0x080268fc     0x1c  timer_subsystem.o [3]
  .rodata            const    0x08026918     0x1c  simulatorcomm.o [3]
  .rodata            const    0x08026934     0x1c  simulatorcomm.o [3]
  .rodata            const    0x08026950     0x1c  simulatorcomm.o [3]
  .rodata            const    0x0802696c     0x1c  simulatorcomm.o [3]
  .rodata            const    0x08026988     0x1c  simulatorcomm.o [3]
  .rodata            const    0x080269a4     0x1c  gatutilcode.o [3]
  .rodata            const    0x080269c0     0x1c  authorization.o [3]
  .rodata            const    0x080269dc     0x1c  localcomm.o [3]
  .rodata            const    0x080269f8     0x1c  localcomm.o [3]
  .rodata            const    0x08026a14     0x1c  localcomm.o [3]
  .rodata            const    0x08026a30     0x1c  localcomm.o [3]
  .rodata            const    0x08026a4c     0x1c  localprotocol.o [3]
  .rodata            const    0x08026a68     0x1c  localprotocol.o [3]
  .rodata            const    0x08026a84     0x1c  mqttgat.o [3]
  .rodata            const    0x08026aa0     0x1c  mqttgat.o [3]
  .rodata            const    0x08026abc     0x1c  gdns.o [3]
  .rodata            const    0x08026ad8     0x1c  gdns.o [3]
  .rodata            const    0x08026af4     0x1c  gdns.o [3]
  .rodata            const    0x08026b10     0x1c  gdns.o [3]
  .rodata            const    0x08026b2c     0x1c  gdns.o [3]
  .rodata            const    0x08026b48     0x1c  gdns.o [3]
  .rodata            const    0x08026b64     0x1c  gdns.o [3]
  .rodata            const    0x08026b80     0x1c  gdns.o [3]
  .rodata            const    0x08026b9c     0x1c  gdns.o [3]
  .rodata            const    0x08026bb8     0x1c  gserver.o [3]
  .rodata            const    0x08026bd4     0x1c  gserver.o [3]
  .rodata            const    0x08026bf0     0x1c  gserver.o [3]
  .rodata            const    0x08026c0c     0x1c  gserver.o [3]
  .rodata            const    0x08026c28     0x1c  gserver.o [3]
  .rodata            const    0x08026c44     0x1c  gserver.o [3]
  .rodata            const    0x08026c60     0x1c  gserver.o [3]
  .rodata            const    0x08026c7c     0x1c  gserver.o [3]
  .rodata            const    0x08026c98     0x1c  gserver.o [3]
  .rodata            const    0x08026cb4     0x1c  gserver.o [3]
  .rodata            const    0x08026cd0     0x1c  gserver.o [3]
  .rodata            const    0x08026cec     0x1c  gserver.o [3]
  .rodata            const    0x08026d08     0x1c  gserver.o [3]
  .rodata            const    0x08026d24     0x1c  gserver.o [3]
  .rodata            const    0x08026d40     0x1c  httpgat.o [3]
  .rodata            const    0x08026d5c     0x1c  httpgat.o [3]
  .rodata            const    0x08026d78     0x1c  httpgat.o [3]
  .rodata            const    0x08026d94     0x1c  httpgat.o [3]
  .rodata            const    0x08026db0     0x1c  httpgat.o [3]
  .rodata            const    0x08026dcc     0x1c  gatm2m.o [3]
  .rodata            const    0x08026de8     0x1c  gatm2m.o [3]
  .rodata            const    0x08026e04     0x1c  gatm2m.o [3]
  .rodata            const    0x08026e20     0x1c  gatm2m.o [3]
  .rodata            const    0x08026e3c     0x1c  gatm2m.o [3]
  .rodata            const    0x08026e58     0x1c  gatm2m.o [3]
  .rodata            const    0x08026e74     0x1c  otawan.o [3]
  .rodata            const    0x08026e90     0x1c  otawan.o [3]
  .rodata            const    0x08026eac     0x1c  otawan.o [3]
  .rodata            const    0x08026ec8     0x1c  otawan.o [3]
  .rodata            const    0x08026ee4     0x1c  otawan.o [3]
  .rodata            const    0x08026f00     0x1c  otawan.o [3]
  .rodata            const    0x08026f1c     0x1c  otawan.o [3]
  .rodata            const    0x08026f38     0x1c  otawan.o [3]
  .rodata            const    0x08026f54     0x1c  otawan.o [3]
  .rodata            const    0x08026f70     0x1c  otawan.o [3]
  .rodata            const    0x08026f8c     0x1c  otawan.o [3]
  .rodata            const    0x08026fa8     0x1c  mqttlib.o [3]
  .rodata            const    0x08026fc4     0x1c  mqttlib.o [3]
  .rodata            const    0x08026fe0     0x1c  env.o [3]
  .rodata            const    0x08026ffc     0x1c  env.o [3]
  .rodata            const    0x08027018     0x18  es_wifi.o [1]
  .rodata            const    0x08027030     0x18  gagent_iot_test_basic_connectivity.o [1]
  .rodata            const    0x08027048     0x18  iofdev.o [1]
  .rodata            const    0x08027060     0x18  iofnet.o [1]
  .rodata            const    0x08027078     0x18  iofserial.o [1]
  .rodata            const    0x08027090     0x18  ioftime.o [1]
  .rodata            const    0x080270a8     0x18  iot_flash_config.o [1]
  .rodata            const    0x080270c0     0x18  network.o [1]
  .rodata            const    0x080270d8     0x18  semaph.o [1]
  .rodata            const    0x080270f0     0x18  semaph.o [1]
  .rodata            const    0x08027108     0x18  gagent.o [3]
  .rodata            const    0x08027120     0x18  gagent.o [3]
  .rodata            const    0x08027138     0x18  gagent.o [3]
  .rodata            const    0x08027150     0x18  gagent.o [3]
  .rodata            const    0x08027168     0x18  gagent.o [3]
  .rodata            const    0x08027180     0x18  gagent.o [3]
  .rodata            const    0x08027198     0x18  gagent.o [3]
  .rodata            const    0x080271b0     0x18  gagent.o [3]
  .rodata            const    0x080271c8     0x18  gagent.o [3]
  .rodata            const    0x080271e0     0x18  gagent.o [3]
  .rodata            const    0x080271f8     0x18  gagent.o [3]
  .rodata            const    0x08027210     0x18  productinfo.o [3]
  .rodata            const    0x08027228     0x18  productinfo.o [3]
  .rodata            const    0x08027240     0x18  productinfo.o [3]
  .rodata            const    0x08027258     0x18  productinfo.o [3]
  .rodata            const    0x08027270     0x18  gatnet.o [3]
  .rodata            const    0x08027288     0x18  nwk_manage.o [3]
  .rodata            const    0x080272a0     0x18  nwk_manage.o [3]
  .rodata            const    0x080272b8     0x18  nwk_manage.o [3]
  .rodata            const    0x080272d0     0x18  nwk_manage.o [3]
  .rodata            const    0x080272e8     0x18  nwk_manage.o [3]
  .rodata            const    0x08027300     0x18  nwk_manage.o [3]
  .rodata            const    0x08027318     0x18  nwk_manage.o [3]
  .rodata            const    0x08027330     0x18  localio.o [3]
  .rodata            const    0x08027348     0x18  localio.o [3]
  .rodata            const    0x08027360     0x18  tcp.o [3]
  .rodata            const    0x08027378     0x18  tcp.o [3]
  .rodata            const    0x08027390     0x18  tcp.o [3]
  .rodata            const    0x080273a8     0x18  tcp.o [3]
  .rodata            const    0x080273c0     0x18  timer_subsystem.o [3]
  .rodata            const    0x080273d8     0x18  simulatorcomm.o [3]
  .rodata            const    0x080273f0     0x18  simulatorcomm.o [3]
  .rodata            const    0x08027408     0x18  gatutilcode.o [3]
  .rodata            const    0x08027420     0x18  authorization.o [3]
  .rodata            const    0x08027438     0x18  authorization.o [3]
  .rodata            const    0x08027450     0x18  localcomm.o [3]
  .rodata            const    0x08027468     0x18  localcomm.o [3]
  .rodata            const    0x08027480     0x18  localcomm.o [3]
  .rodata            const    0x08027498     0x18  localcomm.o [3]
  .rodata            const    0x080274b0     0x18  localcomm.o [3]
  .rodata            const    0x080274c8     0x18  dp.o [3]
  .rodata            const    0x080274e0     0x18  mqttgat.o [3]
  .rodata            const    0x080274f8     0x18  mqttgat.o [3]
  .rodata            const    0x08027510     0x18  mqttgat.o [3]
  .rodata            const    0x08027528     0x18  gdns.o [3]
  .rodata            const    0x08027540     0x18  gdns.o [3]
  .rodata            const    0x08027558     0x18  gdns.o [3]
  .rodata            const    0x08027570     0x18  gserver.o [3]
  .rodata            const    0x08027588     0x18  gserver.o [3]
  .rodata            const    0x080275a0     0x18  gserver.o [3]
  .rodata            const    0x080275b8     0x18  gserver.o [3]
  .rodata            const    0x080275d0     0x18  gserver.o [3]
  .rodata            const    0x080275e8     0x18  gserver.o [3]
  .rodata            const    0x08027600     0x18  gserver.o [3]
  .rodata            const    0x08027618     0x18  gserver.o [3]
  .rodata            const    0x08027630     0x18  gserver.o [3]
  .rodata            const    0x08027648     0x18  gserver.o [3]
  .rodata            const    0x08027660     0x18  gserver.o [3]
  .rodata            const    0x08027678     0x18  gserver.o [3]
  .rodata            const    0x08027690     0x18  gserver.o [3]
  .rodata            const    0x080276a8     0x18  gserver.o [3]
  .rodata            const    0x080276c0     0x18  httpgat.o [3]
  .rodata            const    0x080276d8     0x18  httpgat.o [3]
  .rodata            const    0x080276f0     0x18  httpgat.o [3]
  .rodata            const    0x08027708     0x18  httpgat.o [3]
  .rodata            const    0x08027720     0x18  httpgat.o [3]
  .rodata            const    0x08027738     0x18  gatm2m.o [3]
  .rodata            const    0x08027750     0x18  gatm2m.o [3]
  .rodata            const    0x08027768     0x18  gatm2m.o [3]
  .rodata            const    0x08027780     0x18  gatm2m.o [3]
  .rodata            const    0x08027798     0x18  gatm2m.o [3]
  .rodata            const    0x080277b0     0x18  gatm2m.o [3]
  .rodata            const    0x080277c8     0x18  otawan.o [3]
  .rodata            const    0x080277e0     0x18  otawan.o [3]
  .rodata            const    0x080277f8     0x18  otawan.o [3]
  .rodata            const    0x08027810     0x18  otawan.o [3]
  .rodata            const    0x08027828     0x18  otawan.o [3]
  .rodata            const    0x08027840     0x18  otawan.o [3]
  .rodata            const    0x08027858     0x18  otawan.o [3]
  .rodata            const    0x08027870     0x18  otawan.o [3]
  .rodata            const    0x08027888     0x18  mqttlib.o [3]
  .rodata            const    0x080278a0     0x18  mqttlib.o [3]
  .rodata            const    0x080278b8     0x18  mqttlib.o [3]
  .rodata            const    0x080278d0     0x18  mqttlib.o [3]
  .rodata            const    0x080278e8     0x18  env.o [3]
  .rodata            const    0x08027900     0x18  env.o [3]
  .text              ro code  0x08027918     0x16  xprout.o [4]
  .text              ro code  0x08027930      0xc  putchar.o [4]
  .rodata            const    0x0802793c     0x14  es_wifi.o [1]
  .rodata            const    0x08027950     0x14  es_wifi.o [1]
  .rodata            const    0x08027964     0x14  gagent_iot_test_basic_connectivity.o [1]
  .rodata            const    0x08027978     0x14  gagent_iot_test_basic_connectivity.o [1]
  .rodata            const    0x0802798c     0x14  ioffile.o [1]
  .rodata            const    0x080279a0     0x14  iofnet.o [1]
  .rodata            const    0x080279b4     0x14  iofnet.o [1]
  .rodata            const    0x080279c8     0x14  iofnet.o [1]
  .rodata            const    0x080279dc     0x14  iofpthread.o [1]
  .rodata            const    0x080279f0     0x14  iofpthread.o [1]
  .rodata            const    0x08027a04     0x14  iofpthread.o [1]
  .rodata            const    0x08027a18     0x14  iofpthread.o [1]
  .rodata            const    0x08027a2c     0x14  iofsocket.o [1]
  .rodata            const    0x08027a40     0x14  iofsocket.o [1]
  .rodata            const    0x08027a54     0x14  ioftime.o [1]
  .rodata            const    0x08027a68     0x14  ioftime.o [1]
  .rodata            const    0x08027a7c     0x14  ioftime.o [1]
  .rodata            const    0x08027a90     0x14  iot_flash_config.o [1]
  .rodata            const    0x08027aa4     0x14  main.o [1]
  .rodata            const    0x08027ab8     0x14  semaph.o [1]
[...]
osSemaphoreRelease      0x08011f89     0x54  Code  Gb  cmsis_os.o [1]
osSemaphoreWait         0x08011f07     0x82  Code  Gb  cmsis_os.o [1]
osSystickHandler        0x08012269     0x10  Code  Gb  cmsis_os.o [1]
osThreadCreate          0x08011cbf     0x2e  Code  Gb  cmsis_os.o [1]
osThreadIsSuspended     0x08012279     0x16  Code  Gb  cmsis_os.o [1]
osThreadResume          0x0801229d     0x32  Code  Gb  cmsis_os.o [1]
osThreadSuspend         0x0801228f      0xe  Code  Gb  cmsis_os.o [1]
osTimerCreate           0x08011d09     0x24  Code  Gb  cmsis_os.o [1]
osTimerDelete           0x08011d9f     0x30  Code  Gb  cmsis_os.o [1]
osTimerStart            0x08011d2d     0x72  Code  Gb  cmsis_os.o [1]
os_messageQ_def_gatMsgIdValue
                        0x08028e68      0x8  Data  Gb  iofipc.o [1]
os_mutex_def_es_wifi_mutex
                        0x080291c0      0x4  Data  Gb  es_wifi_io.o [1]
os_mutex_def_spi_mutex  0x080291c4      0x4  Data  Gb  es_wifi_io.o [1]
os_pool_def_mpool_data  0x080289e4      0xc  Data  Gb  iofipc.o [1]
os_pool_def_mpool_ptr   0x080289d8      0xc  Data  Gb  iofipc.o [1]
os_semaphore_def_cmddata_rdy_rising_sem
                        0x080291d0      0x4  Data  Gb  es_wifi_io.o [1]
os_semaphore_def_msg_send_lock_sem
                        0x080291e0      0x4  Data  Gb  iofipc.o [1]
os_semaphore_def_printf_lock_sem
                        0x080291f0      0x4  Data  Gb  main.o [1]
os_semaphore_def_recv_check_lock_sem
                        0x080291e8      0x4  Data  Gb  iofsocket.o [1]
os_semaphore_def_spi_rx_sem
                        0x080291c8      0x4  Data  Gb  es_wifi_io.o [1]
os_semaphore_def_spi_tx_sem
                        0x080291cc      0x4  Data  Gb  es_wifi_io.o [1]
os_semaphore_def_tcp_recv_lock_sem
                        0x080291d8      0x4  Data  Gb  gagent_iot_test_basic_connectivity.o [1]
os_semaphore_def_uart4_lock_sem
                        0x080291e4      0x4  Data  Gb  iofserial.o [1]
os_semaphore_def_wifi_lock_sem
                        0x080291d4      0x4  Data  Gb  gagent_iot_test_basic_connectivity.o [1]
os_timer_def_LocalTimer
                        0x080291ec      0x4  Data  Gb  ioftime.o [1]
pFlash                  0x20014b78     0x20  Data  Gb  stm32l4xx_hal_flash.o [1]
packRegPkt              0x08000443    0x5b0  Code  Lc  gserver.o [3]
packRegPkt::__FUNCTION__
                        0x08028c60      0xc  Data  Lc  gserver.o [3]
pcInterruptPriorityRegisters
                        0x080291f4      0x4  Data  Lc  port.o [1]
pows                    0x0801ef10     0x48  Data  Lc  strto64.o [5]
printf                  0x080027c9     0x28  Code  Gb  printf.o [4]
printf_lock_sem         0x20014ecc      0x4  Data  Gb  main.o [1]
protCmdTab              0x20000538     0x18  Data  Gb  cmdtable.o [3]
prvAddCurrentTaskToDelayedList
                        0x080117dd     0x7e  Code  Lc  tasks.o [1]
prvAddNewTaskToReadyList
                        0x08010c11     0xc2  Code  Lc  tasks.o [1]
prvCheckForValidListAndQueue
                        0x08014437     0x4c  Code  Lc  timers.o [1]
prvCheckTasksWaitingTermination
                        0x08011559     0x64  Code  Lc  tasks.o [1]
prvCopyDataFromQueue    0x08012b05     0x30  Code  Lc  queue.o [1]
prvCopyDataToQueue      0x08012a6d     0x98  Code  Lc  queue.o [1]
prvDeleteTCB            0x080115bd     0x12  Code  Lc  tasks.o [1]
prvGetNextExpireTime    0x08014231     0x2a  Code  Lc  timers.o [1]
prvHeapInit             0x080044a1     0x66  Code  Lc  heap_4.o [1]
prvIdleTask             0x080114d9     0x26  Code  Lc  tasks.o [1]
prvInitialiseMutex      0x080123f9     0x22  Code  Lc  queue.o [1]
prvInitialiseNewQueue   0x080123c3     0x36  Code  Lc  queue.o [1]
prvInitialiseNewTask    0x08010b31     0xe0  Code  Lc  tasks.o [1]
prvInitialiseNewTimer   0x08014081     0x46  Code  Lc  timers.o [1]
prvInitialiseTaskLists  0x080114ff     0x5a  Code  Lc  tasks.o [1]
prvInsertBlockIntoFreeList
                        0x08004507     0x60  Code  Lc  heap_4.o [1]
prvInsertTimerInActiveList
                        0x08014283     0x50  Code  Lc  timers.o [1]
prvIsQueueEmpty         0x08012ba3     0x1c  Code  Lc  queue.o [1]
prvIsQueueFull          0x08012bbf     0x1e  Code  Lc  queue.o [1]
prvProcessExpiredTimer  0x0801414b     0x5c  Code  Lc  timers.o [1]
prvProcessReceivedCommands
                        0x080142d3     0xde  Code  Lc  timers.o [1]
prvProcessTimerOrBlockTask
                        0x080141c3     0x6e  Code  Lc  timers.o [1]
prvResetNextTaskUnblockTime
                        0x080115cf     0x2a  Code  Lc  tasks.o [1]
prvSampleTimeNow        0x0801425b     0x28  Code  Lc  timers.o [1]
prvSampleTimeNow::xLastTime
                        0x20014f40      0x4  Data  Lc  timers.o [1]
prvSwitchTimerLists     0x080143b1     0x86  Code  Lc  timers.o [1]
prvTaskExitError        0x08017b9d     0x2a  Code  Lc  port.o [1]
prvTaskIsTaskSuspended  0x08010e71     0x3e  Code  Lc  tasks.o [1]
prvTimerTask            0x080141a9     0x1a  Code  Lc  timers.o [1]
prvUnlockQueue          0x08012b35     0x6e  Code  Lc  queue.o [1]
putchar                 0x08027931      0xc  Code  Gb  putchar.o [4]
pvPortMalloc            0x0800430d    0x11a  Code  Gb  heap_4.o [1]
pvTaskIncrementMutexHeldCount
                        0x08011795     0x1e  Code  Gb  tasks.o [1]
pvTimerGetTimerID       0x080144ad     0x28  Code  Gb  timers.o [1]
pxCurrentTCB            0x20014ef4      0x4  Data  Gb  tasks.o [1]
pxCurrentTimerList      0x20014f30      0x4  Data  Lc  timers.o [1]
pxDelayedTaskList       0x20014ef8      0x4  Data  Lc  tasks.o [1]
pxEnd                   0x20014e84      0x4  Data  Lc  heap_4.o [1]
pxOverflowDelayedTaskList
                        0x20014efc      0x4  Data  Lc  tasks.o [1]
pxOverflowTimerList     0x20014f34      0x4  Data  Lc  timers.o [1]
pxPortInitialiseStack   0x08017b75     0x28  Code  Gb  port.o [1]
pxReadyTasksLists       0x200145a4     0x8c  Data  Lc  tasks.o [1]
rand                    0x0800ac01     0x96  Code  Gb  rand.o [4]
ranmatch                0x0801d88f     0x42  Code  Lc  xscanffull.o [4]
rebootTimer             0x20014d6c     0x10  Data  Lc  localcomm.o [3]
recv_check_count        0x20014f78      0x2  Data  Gb  iofsocket.o [1]
recv_check_lock_sem     0x20014ec0      0x4  Data  Gb  iofsocket.o [1]
recv_check_thread       0x0800c0e1     0xd8  Code  Gb  iofsocket.o [1]
rot_word                0x08003e9d     0x1e  Code  Gb  aes.o [3]
routerTimer             0x20014d3c     0x10  Data  Lc  gatnet.o [3]
s_box                   0x20014f60      0x4  Data  Lc  aes.o [3]
sboxAssign              0x0800fea3    0x60a  Code  Gb  aesdata.o [3]
scalbln                 0x08015a19           Code  Gb  ldexp.o [5]
scalblnl                0x08015a19           Code  Gb  ldexp.o [5]
scalbn                  0x08015a19           Code  Gb  ldexp.o [5]
scalbnl                 0x08015a19           Code  Gb  ldexp.o [5]
scale                   0x0800b4af     0x46  Code  Lc  xprintffull.o [4]
sec_hand                0x20014f6c      0x4  Data  Lc  xfail_s.o [4]
semOp                   0x08012c85     0x40  Code  Gb  semaph.o [1]
semP                    0x08012cc5     0x10  Code  Gb  semaph.o [1]
semV                    0x08012cd5      0xe  Code  Gb  semaph.o [1]
sensor_thread           0x08019453     0x4e  Code  Gb  sensors_data.o [1]
sensor_thread::sensor_num
                        0x20014ed8      0x4  Data  Lc  sensors_data.o [1]
serial_read             0x08017e07     0x32  Code  Lc  iofserial.o [1]
serial_recv_count       0x20014eac      0x4  Data  Gb  iofpthread.o [1]
serial_send_count       0x20014ea8      0x4  Data  Gb  iofpthread.o [1]
serial_write            0x08017dd1     0x36  Code  Lc  iofserial.o [1]
setRTCTimeDateFromNetwork
                        0x08017761    0x378  Code  Gb  timedate.o [1]
setRTCTimeDateFromNetwork::__func__
                        0x080264b8     0x1c  Data  Lc  timedate.o [1]
shift_rows              0x08003cf1     0x5c  Code  Gb  aes.o [3]
simulatorLanDataUploadCB
                        0x0801d009     0x20  Code  Lc  simulatorcomm.o [3]
simulatorLanDataUploadCB::__FUNCTION__
                        0x08026950     0x1c  Data  Lc  simulatorcomm.o [3]
simulatorM2MUploadDataCb
                        0x0801cfe9     0x20  Code  Gb  simulatorcomm.o [3]
simulatorM2MUploadDataCb::__FUNCTION__
                        0x08026934     0x1c  Data  Lc  simulatorcomm.o [3]
simulatorUploadDtatCb   0x0801cfa5     0x44  Code  Lc  simulatorcomm.o [3]
simulatorUploadDtatCb::__FUNCTION__
                        0x080273d8     0x18  Data  Lc  simulatorcomm.o [3]
simulatorUploadDtatTimeOutCb
                        0x0801d029     0x4e  Code  Gb  simulatorcomm.o [3]
simulatorUploadDtatTimeOutCb::__FUNCTION__
                        0x08025cc0     0x20  Data  Lc  simulatorcomm.o [3]
sktConnHandle           0x0800d747     0x30  Code  Gb  tcp.o [3]
socket_check            0x200125ac   0x12d0  Data  Gb  iofsocket.o [1]
spi_mutex               0x20014e5c      0x4  Data  Lc  es_wifi_io.o [1]
spi_rx_event            0x20014e4c      0x4  Data  Lc  es_wifi_io.o [1]
spi_rx_sem              0x20014e60      0x4  Data  Lc  es_wifi_io.o [1]
spi_tx_event            0x20014e50      0x4  Data  Lc  es_wifi_io.o [1]
spi_tx_sem              0x20014e64      0x4  Data  Lc  es_wifi_io.o [1]
sprintf                 0x08004d21     0x40  Code  Gb  sprintf.o [4]
srand                   0x0800ac97      0xa  Code  Gb  rand.o [4]
sscanf                  0x0801cc09     0x28  Code  Gb  sscanf.o [4]
strToHex                0x080047dd     0x7c  Code  Gb  gatutilcode.o [3]
strchr                  0x08015511           Code  Gb  strchr.o [6]
strcmp                  0x080027f1           Code  Gb  strcmp.o [6]
strcpy                  0x08003909           Code  Gb  strcpy.o [6]
strcspn                 0x0801ccfb     0x22  Code  Gb  strcspn.o [4]
strlen                  0x08003979           Code  Gb  strlen.o [6]
strncmp                 0x080119cd     0x28  Code  Gb  strncmp.o [4]
strncpy                 0x08016731           Code  Gb  strncpy.o [6]
strspn                  0x0801ccd9     0x22  Code  Gb  strspn.o [4]
strstr                  0x08011899     0x30  Code  Gb  strstr.o [4]
strtok                  0x08017fdd     0x48  Code  Gb  strtok.o [4]
strtol                  0x08016823      0x4  Code  Gb  iar_Stolx.o [4]
strtoll                 0x0801e787      0x2  Code  Gb  iar_Stollx.o [4]
strtoul                 0x08004ccb      0x2  Code  Gb  iar_Stoulx.o [4]
strtoull                0x0801e8ef      0x2  Code  Gb  iar_Stoullx.o [4]
sub_bytes               0x08003dab     0x58  Code  Gb  aes.o [3]
sub_word                0x08003e5b     0x2e  Code  Gb  aes.o [3]
szTzSec                 0x20014c6c     0x14  Data  Lc  productinfo.o [3]
tcpChListNr             0x20014ca8     0x14  Data  Gb  tcp.o [3]
tcpDataNodeNr           0x20014cbc     0x14  Data  Gb  tcp.o [3]
tcpRecHandle            0x0800d36f     0x4a  Code  Gb  tcp.o [3]
tcpSemId                0x20000590      0x4  Data  Lc  tcp.o [3]
tcpSendCBHandle         0x0800d777     0x88  Code  Gb  tcp.o [3]
tcpSendListAdd          0x0800d47b     0x2a  Code  Lc  tcp.o [3]
tcpSendNr               0x20014b98     0x1c  Data  Gb  tcp.o [3]
tcpTrigSend             0x08012d0b     0x2c  Code  Gb  semaph.o [1]
tcpTrigSend::__FUNCTION__
                        0x08028a44      0xc  Data  Lc  semaph.o [1]
tcpTrigcount            0x20014f7a      0x2  Data  Gb  semaph.o [1]
tcp_recv_lock_sem       0x20014e74      0x4  Data  Gb  gagent_iot_test_basic_connectivity.o [1]
testModeTimer           0x20014d2c     0x10  Data  Lc  gatnet.o [3]
timerCb                 0x0800a925     0x10  Code  Gb  ioftime.o [1]
timerEventHandler       0x0800a9b7     0x56  Code  Gb  ioftime.o [1]
timerInsert             0x08006573     0x36  Code  Lc  timer_subsystem.o [3]
timerNodeInit           0x08006371     0x48  Code  Lc  timer_subsystem.o [3]
timerRemove             0x0800641d     0x18  Code  Lc  timer_subsystem.o [3]
timerTriggerNotifyLp    0x08006623     0x2c  Code  Lc  timer_subsystem.o [3]
timerUpdataExpire       0x0800649f     0x40  Code  Lc  timer_subsystem.o [3]
tolower                 0x080118dd     0x14  Code  Gb  tolower.o [4]
tsensor_drv             0x20014ee4      0x4  Data  Lc  stm32l475e_iot01_tsensor.o [1]
uart4_it_buf            0x2001487c     0x64  Data  Gb  iofserial.o [1]
uart4_it_tick           0x20014eb0      0x4  Data  Gb  iofserial.o [1]
uart4_lock_sem          0x20014eb4      0x4  Data  Gb  iofserial.o [1]
uart4_rx_char           0x20014f83      0x1  Data  Gb  iofserial.o [1]
uart4_rx_count          0x20014f76      0x2  Data  Gb  iofserial.o [1]
ucHeap                  0x200005ac  0x12000  Data  Lc  heap_4.o [1]
ucMaxSysCallPriority    0x20014f89      0x1  Data  Lc  port.o [1]
ulMaxPRIGROUPValue      0x20014ed0      0x4  Data  Lc  port.o [1]
updateWiFiCredentials   0x08014595     0xd2  Code  Gb  iot_flash_config.o [1]
updateWiFiCredentials::__func__
                        0x080270a8     0x18  Data  Lc  iot_flash_config.o [1]
userInit                0x0800e9c3    0x10c  Code  Gb  gagent_iot_test_basic_connectivity.o [1]
uwTick                  0x20014ee8      0x4  Data  Gb  stm32l4xx_hal.o [1]
uxCriticalNesting       0x20000574      0x4  Data  Lc  port.o [1]
uxCurrentNumberOfTasks  0x20014f04      0x4  Data  Lc  tasks.o [1]
uxDeletedTasksWaitingCleanUp
                        0x20014f00      0x4  Data  Lc  tasks.o [1]
uxListRemove            0x08017b4b     0x28  Code  Gb  list.o [1]
uxPendedTicks           0x20014f14      0x4  Data  Lc  tasks.o [1]
uxSchedulerSuspended    0x20014f2c      0x4  Data  Lc  tasks.o [1]
uxTaskNumber            0x20014f20      0x4  Data  Lc  tasks.o [1]
uxTopReadyPriority      0x20014f0c      0x4  Data  Lc  tasks.o [1]
vListInitialise         0x08017ad9     0x1e  Code  Gb  list.o [1]
vListInitialiseItem     0x08017af7      0x6  Code  Gb  list.o [1]
vListInsert             0x08017b15     0x36  Code  Gb  list.o [1]
vListInsertEnd          0x08017afd     0x18  Code  Gb  list.o [1]
vPortEnableVFP          0x0801ccbd           Code  Gb  portasm.o [1]
vPortEnterCritical      0x08017c91     0x3a  Code  Gb  port.o [1]
vPortExitCritical       0x08017ccb     0x32  Code  Gb  port.o [1]
vPortFree               0x08004427     0x7a  Code  Gb  heap_4.o [1]
vPortStartFirstTask     0x0801cca5           Code  Gb  portasm.o [1]
vPortValidateInterruptPriority
                        0x08017d25     0x4e  Code  Gb  port.o [1]
vQueueAddToRegistry     0x08012bdd     0x26  Code  Gb  queue.o [1]
vQueueDelete            0x08012a45     0x28  Code  Gb  queue.o [1]
vQueueUnregisterQueue   0x08012c03     0x2c  Code  Gb  queue.o [1]
vQueueWaitForMessageRestricted
                        0x08012c39     0x4c  Code  Gb  queue.o [1]
vTaskDelay              0x08010cd3     0x4e  Code  Gb  tasks.o [1]
vTaskMissedYield        0x080114bf      0xa  Code  Gb  tasks.o [1]
vTaskPlaceOnEventList   0x080112f9     0x34  Code  Gb  tasks.o [1]
vTaskPlaceOnEventListRestricted
                        0x08011335     0x40  Code  Gb  tasks.o [1]
vTaskPriorityInherit    0x0801161d     0xae  Code  Gb  tasks.o [1]
vTaskResume             0x08010eaf     0x8a  Code  Gb  tasks.o [1]
vTaskSetTimeOutState    0x08011411     0x26  Code  Gb  tasks.o [1]
vTaskStartScheduler     0x08010fd5     0x72  Code  Gb  tasks.o [1]
vTaskSuspend            0x08010d99     0xd8  Code  Gb  tasks.o [1]
vTaskSuspendAll         0x08011047     0x10  Code  Gb  tasks.o [1]
vTaskSwitchContext      0x0801128b     0x6e  Code  Gb  tasks.o [1]
wait_cmddata_rdy_high   0x080163fb     0x2a  Code  Lc  es_wifi_io.o [1]
wait_cmddata_rdy_rising_event
                        0x08016425     0x10  Code  Lc  es_wifi_io.o [1]
wait_spi_rx_event       0x08016435     0x10  Code  Lc  es_wifi_io.o [1]
wait_spi_tx_event       0x08016445     0x10  Code  Lc  es_wifi_io.o [1]
wanCmds                 0x20000318     0x9c  Data  Gb  cmdtable.o [3]
wctob                   0x0801e6b5     0x32  Code  Gb  wctob.o [4]
wifi_lock_sem           0x20014e70      0x4  Data  Gb  gagent_iot_test_basic_connectivity.o [1]
wt                      0x20014b58     0x20  Data  Gb  ioftime.o [1]
xActiveTimerList1       0x20014c44     0x14  Data  Lc  timers.o [1]
xActiveTimerList2       0x20014c58     0x14  Data  Lc  timers.o [1]
xBlockAllocatedBit      0x20014e90      0x4  Data  Lc  heap_4.o [1]
xDelayedTaskList1       0x20014be0     0x14  Data  Lc  tasks.o [1]
xDelayedTaskList2       0x20014bf4     0x14  Data  Lc  tasks.o [1]
xFreeBytesRemaining     0x20014e88      0x4  Data  Lc  heap_4.o [1]
xHeapStructSize         0x080291dc      0x4  Data  Lc  heap_4.o [1]
xIdleTaskHandle         0x20014f28      0x4  Data  Lc  tasks.o [1]
xMinimumEverFreeBytesRemaining
                        0x20014e8c      0x4  Data  Lc  heap_4.o [1]
xNextTaskUnblockTime    0x20014f24      0x4  Data  Lc  tasks.o [1]
xNumOfOverflows         0x20014f1c      0x4  Data  Lc  tasks.o [1]
xPendingReadyList       0x20014c08     0x14  Data  Lc  tasks.o [1]
xPortStartScheduler     0x08017bc7     0xca  Code  Gb  port.o [1]
xPortSysTickHandler     0x08017cfd     0x28  Code  Gb  port.o [1]
xQueueCreateCountingSemaphore
                        0x0801243b     0x40  Code  Gb  queue.o [1]
xQueueCreateMutex       0x0801241b     0x20  Code  Gb  queue.o [1]
xQueueGenericCreate     0x0801236d     0x56  Code  Gb  queue.o [1]
xQueueGenericReceive    0x080127c1    0x1d6  Code  Gb  queue.o [1]
xQueueGenericReset      0x080122d5     0x98  Code  Gb  queue.o [1]
xQueueGenericSend       0x0801247b    0x1a6  Code  Gb  queue.o [1]
xQueueGenericSendFromISR
                        0x08012621     0xde  Code  Gb  queue.o [1]
xQueueGiveFromISR       0x080126ff     0xc2  Code  Gb  queue.o [1]
xQueueReceiveFromISR    0x08012997     0xae  Code  Gb  queue.o [1]
xQueueRegistry          0x20014a24     0x40  Data  Gb  queue.o [1]
xSchedulerRunning       0x20014f10      0x4  Data  Lc  tasks.o [1]
xStart                  0x20014e10      0x8  Data  Lc  heap_4.o [1]
xSuspendedTaskList      0x20014c30     0x14  Data  Lc  tasks.o [1]
xTaskCheckForTimeOut    0x0801143d     0x82  Code  Gb  tasks.o [1]
xTaskCreate             0x08010ab9     0x78  Code  Gb  tasks.o [1]
xTaskGetSchedulerState  0x080115fd     0x20  Code  Gb  tasks.o [1]
xTaskGetTickCount       0x08011157      0x8  Code  Gb  tasks.o [1]
xTaskIncrementTick      0x0801115f    0x12c  Code  Gb  tasks.o [1]
xTaskPriorityDisinherit
                        0x080116cb     0xba  Code  Gb  tasks.o [1]
xTaskRemoveFromEventList
                        0x08011385     0x86  Code  Gb  tasks.o [1]
xTaskResumeAll          0x08011057    0x100  Code  Gb  tasks.o [1]
xTaskResumeFromISR      0x08010f39     0x9c  Code  Gb  tasks.o [1]
xTasksWaitingTermination
                        0x20014c1c     0x14  Data  Lc  tasks.o [1]
xTickCount              0x20014f08      0x4  Data  Lc  tasks.o [1]
xTimerCreate            0x0801404d     0x34  Code  Gb  timers.o [1]
xTimerCreateTimerTask   0x08014005     0x48  Code  Gb  timers.o [1]
xTimerGenericCommand    0x080140c7     0x84  Code  Gb  timers.o [1]
xTimerQueue             0x20014f38      0x4  Data  Lc  timers.o [1]
xTimerTaskHandle        0x20014f3c      0x4  Data  Lc  timers.o [1]
xYieldPending           0x20014f18      0x4  Data  Lc  tasks.o [1]


[1] = E:\work\work\gagent\working\ST\I-CUBE-GIZWITS\Projects\B-L475E-IOT01\Applications\Cloud\Gizwits\EWARM\B-L475E-IOT01\Obj
[2] = command line
[3] = Gagent_IAR.a
[4] = dl7M_tlf.a
[5] = m7M_tls.a
[6] = rt7M_tl.a
[7] = shb_l.a

  130 366 bytes of readonly  code memory
   41 169 bytes of readonly  data memory
   94 097 bytes of readwrite data memory

Errors: none
Warnings: none
