Component: ARM Compiler 5.05 update 2 (build 169) Tool: armlink [4d0f33]

==============================================================================

Section Cross References

    startup_stm32l475xx.o(RESET) refers to startup_stm32l475xx.o(STACK) for __initial_sp
    startup_stm32l475xx.o(RESET) refers to startup_stm32l475xx.o(.text) for Reset_Handler
    startup_stm32l475xx.o(RESET) refers to stm32l4xx_it.o(i.NMI_Handler) for NMI_Handler
    startup_stm32l475xx.o(RESET) refers to stm32l4xx_it.o(i.HardFault_Handler) for HardFault_Handler
    startup_stm32l475xx.o(RESET) refers to stm32l4xx_it.o(i.MemManage_Handler) for MemManage_Handler
    startup_stm32l475xx.o(RESET) refers to stm32l4xx_it.o(i.BusFault_Handler) for BusFault_Handler
    startup_stm32l475xx.o(RESET) refers to stm32l4xx_it.o(i.UsageFault_Handler) for UsageFault_Handler
    startup_stm32l475xx.o(RESET) refers to port.o(.emb_text) for SVC_Handler
    startup_stm32l475xx.o(RESET) refers to stm32l4xx_it.o(i.DebugMon_Handler) for DebugMon_Handler
    startup_stm32l475xx.o(RESET) refers to stm32l4xx_it.o(i.SysTick_Handler) for SysTick_Handler
    startup_stm32l475xx.o(RESET) refers to stm32l4xx_it.o(i.EXTI1_IRQHandler) for EXTI1_IRQHandler
    startup_stm32l475xx.o(RESET) refers to stm32l4xx_it.o(i.EXTI15_10_IRQHandler) for EXTI15_10_IRQHandler
    startup_stm32l475xx.o(RESET) refers to stm32l4xx_it.o(i.SPI3_IRQHandler) for SPI3_IRQHandler
    startup_stm32l475xx.o(RESET) refers to stm32l4xx_it.o(i.UART4_IRQHandler) for UART4_IRQHandler
    startup_stm32l475xx.o(RESET) refers to stm32l4xx_it.o(i.TIM6_DAC_IRQHandler) for TIM6_DAC_IRQHandler
    startup_stm32l475xx.o(.text) refers to system_stm32l4xx.o(i.SystemInit) for SystemInit
    startup_stm32l475xx.o(.text) refers to entry.o(.ARM.Collect$$$$00000000) for __main
    gagent_iot_test_basic_connectivity.o(i.CLOUD_Error_Handler) refers to printf8.o(i.__0printf$8) for __2printf
    gagent_iot_test_basic_connectivity.o(i.IWDG_Refresh_Count_Test) refers to stm32l4xx_hal.o(i.HAL_GetTick) for HAL_GetTick
    gagent_iot_test_basic_connectivity.o(i.IWDG_Refresh_Count_Test) refers to gagent_iot_test_basic_connectivity.o(.data) for IWDG_count_init
    gagent_iot_test_basic_connectivity.o(i.MX_IWDG_Init) refers to stm32l4xx_hal_iwdg.o(i.HAL_IWDG_Init) for HAL_IWDG_Init
    gagent_iot_test_basic_connectivity.o(i.MX_IWDG_Init) refers to main.o(i.Error_Handler) for Error_Handler
    gagent_iot_test_basic_connectivity.o(i.MX_IWDG_Init) refers to main.o(.bss) for hiwdg
    gagent_iot_test_basic_connectivity.o(i.gagent_test) refers to memseta.o(.text) for __aeabi_memclr4
    gagent_iot_test_basic_connectivity.o(i.gagent_test) refers to flash_l4.o(i.FLASH_get_bank) for FLASH_get_bank
    gagent_iot_test_basic_connectivity.o(i.gagent_test) refers to printf8.o(i.__0printf$8) for __2printf
    gagent_iot_test_basic_connectivity.o(i.gagent_test) refers to main.o(i.Button_WaitForPush) for Button_WaitForPush
    gagent_iot_test_basic_connectivity.o(i.gagent_test) refers to network.o(i.network_credential) for network_credential
    gagent_iot_test_basic_connectivity.o(i.gagent_test) refers to network.o(i.network_init) for network_init
    gagent_iot_test_basic_connectivity.o(i.gagent_test) refers to gagent_iot_test_basic_connectivity.o(i.CLOUD_Error_Handler) for CLOUD_Error_Handler
    gagent_iot_test_basic_connectivity.o(i.gagent_test) refers to stm32l4xx_hal.o(i.HAL_Delay) for HAL_Delay
    gagent_iot_test_basic_connectivity.o(i.gagent_test) refers to network.o(i.network_get_ip_address) for network_get_ip_address
    gagent_iot_test_basic_connectivity.o(i.gagent_test) refers to timedate.o(i.setRTCTimeDateFromNetwork) for setRTCTimeDateFromNetwork
    gagent_iot_test_basic_connectivity.o(i.gagent_test) refers to cmsis_os.o(i.osSemaphoreCreate) for osSemaphoreCreate
    gagent_iot_test_basic_connectivity.o(i.gagent_test) refers to cmsis_os.o(i.osSemaphoreWait) for osSemaphoreWait
    gagent_iot_test_basic_connectivity.o(i.gagent_test) refers to gagent_iot_test_basic_connectivity.o(i.userInit) for userInit
    gagent_iot_test_basic_connectivity.o(i.gagent_test) refers to gagent_iot_test_basic_connectivity.o(i.MX_IWDG_Init) for MX_IWDG_Init
    gagent_iot_test_basic_connectivity.o(i.gagent_test) refers to gagent.o(i.gatMsgId) for gatMsgId
    gagent_iot_test_basic_connectivity.o(i.gagent_test) refers to iofipc.o(i.iofRecSig) for iofRecSig
    gagent_iot_test_basic_connectivity.o(i.gagent_test) refers to cmsis_os.o(i.osDelay) for osDelay
    gagent_iot_test_basic_connectivity.o(i.gagent_test) refers to gagent.o(i.gatMainLoop) for gatMainLoop
    gagent_iot_test_basic_connectivity.o(i.gagent_test) refers to stm32l4xx_hal_iwdg.o(i.HAL_IWDG_Refresh) for HAL_IWDG_Refresh
    gagent_iot_test_basic_connectivity.o(i.gagent_test) refers to gagent_iot_test_basic_connectivity.o(i.IWDG_Refresh_Count_Test) for IWDG_Refresh_Count_Test
[...]
    0x080061f4   0x00000002   Code   RO         8303    i.HAL_UART_ErrorCallback  stm32l4xx_hal_uart.o
    0x080061f6   0x00000002   PAD
    0x080061f8   0x00000198   Code   RO         8306    i.HAL_UART_IRQHandler  stm32l4xx_hal_uart.o
    0x08006390   0x00000078   Code   RO         8307    i.HAL_UART_Init     stm32l4xx_hal_uart.o
    0x08006408   0x00000002   Code   RO         8309    i.HAL_UART_MspInit  stm32l4xx_hal_uart.o
    0x0800640a   0x00000110   Code   RO         8310    i.HAL_UART_Receive  stm32l4xx_hal_uart.o
    0x0800651a   0x00000002   PAD
    0x0800651c   0x000000e0   Code   RO         8312    i.HAL_UART_Receive_IT  stm32l4xx_hal_uart.o
    0x080065fc   0x00000048   Code   RO         1224    i.HAL_UART_RxCpltCallback  iofserial.o
    0x08006644   0x000000c8   Code   RO         8315    i.HAL_UART_Transmit  stm32l4xx_hal_uart.o
    0x0800670c   0x00000002   Code   RO         8318    i.HAL_UART_TxCpltCallback  stm32l4xx_hal_uart.o
    0x0800670e   0x0000002e   Code   RO         3129    i.HTS221_H_Init     hts221.o
    0x0800673c   0x00000104   Code   RO         3130    i.HTS221_H_ReadHumidity  hts221.o
    0x08006840   0x00000018   Code   RO         3131    i.HTS221_H_ReadID   hts221.o
    0x08006858   0x00000030   Code   RO         3132    i.HTS221_T_Init     hts221.o
    0x08006888   0x000000d4   Code   RO         3133    i.HTS221_T_ReadTemp  hts221.o
    0x0800695c   0x00000004   Code   RO         1834    i.HardFault_Handler  stm32l4xx_it.o
    0x08006960   0x00000036   Code   RO         2859    i.Hex2Num           es_wifi.o
    0x08006996   0x00000002   PAD
    0x08006998   0x00000244   Code   RO        10997    i.Http_Decrypt_RES  Gagent_KEIL.lib(gserver.o)
    0x08006bdc   0x000000f0   Code   RO        10998    i.Http_getdomain_port  Gagent_KEIL.lib(gserver.o)
    0x08006ccc   0x00000028   Code   RO         5241    i.I2C_Flush_TXDR    stm32l4xx_hal_i2c.o
    0x08006cf4   0x0000008c   Code   RO         5249    i.I2C_IsAcknowledgeFailed  stm32l4xx_hal_i2c.o
    0x08006d80   0x00000090   Code   RO         5252    i.I2C_RequestMemoryRead  stm32l4xx_hal_i2c.o
    0x08006e10   0x00000090   Code   RO         5253    i.I2C_RequestMemoryWrite  stm32l4xx_hal_i2c.o
    0x08006ea0   0x00000034   Code   RO         5256    i.I2C_TransferConfig  stm32l4xx_hal_i2c.o
    0x08006ed4   0x00000056   Code   RO         5257    i.I2C_WaitOnFlagUntilTimeout  stm32l4xx_hal_i2c.o
    0x08006f2a   0x00000056   Code   RO         5259    i.I2C_WaitOnSTOPFlagUntilTimeout  stm32l4xx_hal_i2c.o
    0x08006f80   0x0000005a   Code   RO         5260    i.I2C_WaitOnTXISFlagUntilTimeout  stm32l4xx_hal_i2c.o
    0x08006fda   0x00000014   Code   RO         2409    i.I2Cx_Error        stm32l475e_iot01.o
    0x08006fee   0x00000002   PAD
    0x08006ff0   0x0000003c   Code   RO         2410    i.I2Cx_Init         stm32l475e_iot01.o
    0x0800702c   0x000000a4   Code   RO         2413    i.I2Cx_MspInit      stm32l475e_iot01.o
    0x080070d0   0x0000003a   Code   RO         2414    i.I2Cx_ReadMultiple  stm32l475e_iot01.o
    0x0800710a   0x0000003a   Code   RO         2415    i.I2Cx_WriteMultiple  stm32l475e_iot01.o
    0x08007144   0x00000040   Code   RO           14    i.IWDG_Refresh_Count_Test  gagent_iot_test_basic_connectivity.o
    0x08007184   0x00000020   Code   RO         3275    i.LSM6DSL_AccDeInit  lsm6dsl.o
    0x080071a4   0x00000040   Code   RO         3276    i.LSM6DSL_AccInit   lsm6dsl.o
    0x080071e4   0x0000002a   Code   RO         3277    i.LSM6DSL_AccLowPower  lsm6dsl.o
    0x0800720e   0x00000010   Code   RO         3278    i.LSM6DSL_AccReadID  lsm6dsl.o
    0x0800721e   0x00000002   PAD
    0x08007220   0x000000d8   Code   RO         3279    i.LSM6DSL_AccReadXYZ  lsm6dsl.o
    0x080072f8   0x00000020   Code   RO         3280    i.LSM6DSL_GyroDeInit  lsm6dsl.o
    0x08007318   0x00000040   Code   RO         3281    i.LSM6DSL_GyroInit  lsm6dsl.o
    0x08007358   0x0000002a   Code   RO         3282    i.LSM6DSL_GyroLowPower  lsm6dsl.o
    0x08007382   0x00000010   Code   RO         3283    i.LSM6DSL_GyroReadID  lsm6dsl.o
    0x08007392   0x00000002   PAD
    0x08007394   0x000000d0   Code   RO         3284    i.LSM6DSL_GyroReadXYZAngRate  lsm6dsl.o
    0x08007464   0x00000014   Code   RO         1417    i.LocaltimerHandler  ioftime.o
    0x08007478   0x0000002c   Code   RO           15    i.MX_IWDG_Init      gagent_iot_test_basic_connectivity.o
    0x080074a4   0x00000004   Code   RO         1835    i.MemManage_Handler  stm32l4xx_it.o
    0x080074a8   0x00000002   Code   RO         1836    i.NMI_Handler       stm32l4xx_it.o
    0x080074aa   0x00000002   PAD
    0x080074ac   0x00000010   Code   RO         4676    i.NVIC_GetPriorityGrouping  stm32l4xx_hal_cortex.o
    0x080074bc   0x00000028   Code   RO         4677    i.NVIC_SetPriority  stm32l4xx_hal_cortex.o
    0x080074e4   0x0000004c   Code   RO         2860    i.ParseHexNumber    es_wifi.o
    0x08007530   0x00000034   Code   RO         2861    i.ParseIP           es_wifi.o
    0x08007564   0x00000034   Code   RO         2862    i.ParseMAC          es_wifi.o
    0x08007598   0x00000044   Code   RO         2863    i.ParseNumber       es_wifi.o
    0x080075dc   0x000000b0   Code   RO          625    i.PrepareMqttPayload  sensors_data.o
    0x0800768c   0x0000018c   Code   RO         6435    i.RCCEx_PLLSAI1_Config  stm32l4xx_hal_rcc_ex.o
    0x08007818   0x00000164   Code   RO         6436    i.RCCEx_PLLSAI2_Config  stm32l4xx_hal_rcc_ex.o
    0x0800797c   0x000000a0   Code   RO         6329    i.RCC_SetFlashLatencyFromMSIRange  stm32l4xx_hal_rcc.o
    0x08007a1c   0x00000016   Code   RO         6666    i.RTC_Bcd2ToByte    stm32l4xx_hal_rtc.o
    0x08007a32   0x0000001a   Code   RO         6667    i.RTC_ByteToBcd2    stm32l4xx_hal_rtc.o
    0x08007a4c   0x0000003e   Code   RO         6668    i.RTC_EnterInitMode  stm32l4xx_hal_rtc.o
    0x08007a8a   0x00000002   PAD
    0x08007a8c   0x00000084   Code   RO         1646    i.RTC_Init          main.o
    0x08007b10   0x00000040   Code   RO        12327    i.Rcon              Gagent_KEIL.lib(aes.o)
    0x08007b50   0x00000010   Code   RO         2418    i.SENSOR_IO_Init    stm32l475e_iot01.o
    0x08007b60   0x00000028   Code   RO         2420    i.SENSOR_IO_Read    stm32l475e_iot01.o
    0x08007b88   0x00000024   Code   RO         2421    i.SENSOR_IO_ReadMultiple  stm32l475e_iot01.o
    0x08007bac   0x00000024   Code   RO         2422    i.SENSOR_IO_Write   stm32l475e_iot01.o
    0x08007bd0   0x00000010   Code   RO         1837    i.SPI3_IRQHandler   stm32l4xx_it.o
    0x08007be0   0x0000003a   Code   RO         7056    i.SPI_2linesRxISR_16BIT  stm32l4xx_hal_spi.o
    0x08007c1a   0x0000006e   Code   RO         7057    i.SPI_2linesRxISR_8BIT  stm32l4xx_hal_spi.o
    0x08007c88   0x00000036   Code   RO         7058    i.SPI_2linesTxISR_16BIT  stm32l4xx_hal_spi.o
    0x08007cbe   0x00000050   Code   RO         7059    i.SPI_2linesTxISR_8BIT  stm32l4xx_hal_spi.o
    0x08007d0e   0x00000062   Code   RO         7062    i.SPI_CloseRxTx_ISR  stm32l4xx_hal_spi.o
    0x08007d70   0x00000044   Code   RO         7063    i.SPI_CloseRx_ISR   stm32l4xx_hal_spi.o
    0x08007db4   0x00000060   Code   RO         7064    i.SPI_CloseTx_ISR   stm32l4xx_hal_spi.o
    0x08007e14   0x00000016   Code   RO         7065    i.SPI_DMAAbortOnError  stm32l4xx_hal_spi.o
    0x08007e2a   0x00000082   Code   RO         7075    i.SPI_EndRxTransaction  stm32l4xx_hal_spi.o
    0x08007eac   0x00000064   Code   RO         7076    i.SPI_EndRxTxTransaction  stm32l4xx_hal_spi.o
    0x08007f10   0x0000002a   Code   RO         7077    i.SPI_RxISR_16BIT   stm32l4xx_hal_spi.o
    0x08007f3a   0x00000028   Code   RO         7078    i.SPI_RxISR_8BIT    stm32l4xx_hal_spi.o
    0x08007f62   0x00000024   Code   RO         7079    i.SPI_TxISR_16BIT   stm32l4xx_hal_spi.o
    0x08007f86   0x00000022   Code   RO         7080    i.SPI_TxISR_8BIT    stm32l4xx_hal_spi.o
    0x08007fa8   0x0000004c   Code   RO         2095    i.SPI_WIFI_DeInit   es_wifi_io.o
    0x08007ff4   0x0000000c   Code   RO         2096    i.SPI_WIFI_Delay    es_wifi_io.o
    0x08008000   0x00000078   Code   RO         2097    i.SPI_WIFI_DelayUs  es_wifi_io.o
    0x08008078   0x00000024   Code   RO         2098    i.SPI_WIFI_ISR      es_wifi_io.o
    0x0800809c   0x00000104   Code   RO         2099    i.SPI_WIFI_Init     es_wifi_io.o
    0x080081a0   0x00000154   Code   RO         2100    i.SPI_WIFI_MspInit  es_wifi_io.o
    0x080082f4   0x00000104   Code   RO         2101    i.SPI_WIFI_ReceiveData  es_wifi_io.o
    0x080083f8   0x000000dc   Code   RO         2102    i.SPI_WIFI_ResetModule  es_wifi_io.o
    0x080084d4   0x000000dc   Code   RO         2103    i.SPI_WIFI_SendData  es_wifi_io.o
    0x080085b0   0x000000b0   Code   RO         7081    i.SPI_WaitFifoStateUntilTimeout  stm32l4xx_hal_spi.o
    0x08008660   0x000000a8   Code   RO         7082    i.SPI_WaitFlagStateUntilTimeout  stm32l4xx_hal_spi.o
    0x08008708   0x00000030   Code   RO          626    i.SensorUploadDataCb  sensors_data.o
    0x08008738   0x0000001c   Code   RO         1111    i.SerialRecThread   iofpthread.o
    0x08008754   0x0000001c   Code   RO         1112    i.SerialSendThread  iofpthread.o
    0x08008770   0x00000008   Code   RO         1838    i.SysTick_Handler   stm32l4xx_it.o
    0x08008778   0x000000b8   Code   RO         1647    i.SystemClock_Config  main.o
    0x08008830   0x00000050   Code   RO         4411    i.SystemInit        system_stm32l4xx.o
    0x08008880   0x00000010   Code   RO         1839    i.TIM6_DAC_IRQHandler  stm32l4xx_it.o
    0x08008890   0x000000c8   Code   RO         7464    i.TIM_Base_SetConfig  stm32l4xx_hal_tim.o
    0x08008958   0x0000001c   Code   RO         1113    i.TcpDataRecThread  iofpthread.o
    0x08008974   0x0000000e   Code   RO         1114    i.TcpDataSendThread  iofpthread.o
    0x08008982   0x00000002   PAD
    0x08008984   0x00000024   Code   RO         1418    i.TimerThread       ioftime.o
    0x080089a8   0x0000001c   Code   RO         1840    i.UART4_IRQHandler  stm32l4xx_it.o
    0x080089c4   0x000000f8   Code   RO         8320    i.UART_AdvFeatureConfig  stm32l4xx_hal_uart.o
    0x08008abc   0x00000074   Code   RO         8321    i.UART_CheckIdleState  stm32l4xx_hal_uart.o
    0x08008b30   0x00000018   Code   RO         8322    i.UART_DMAAbortOnError  stm32l4xx_hal_uart.o
    0x08008b48   0x00000024   Code   RO         8332    i.UART_EndRxTransfer  stm32l4xx_hal_uart.o
    0x08008b6c   0x00000022   Code   RO         8333    i.UART_EndTransmit_IT  stm32l4xx_hal_uart.o
    0x08008b8e   0x0000006c   Code   RO         8335    i.UART_RxISR_16BIT  stm32l4xx_hal_uart.o
    0x08008bfa   0x00000066   Code   RO         8336    i.UART_RxISR_8BIT   stm32l4xx_hal_uart.o
    0x08008c60   0x0000048c   Code   RO         8337    i.UART_SetConfig    stm32l4xx_hal_uart.o
    0x080090ec   0x0000006c   Code   RO         8340    i.UART_WaitOnFlagUntilTimeout  stm32l4xx_hal_uart.o
    0x08009158   0x00000004   Code   RO         1841    i.UsageFault_Handler  stm32l4xx_it.o
    0x0800915c   0x00000024   Code   RO         2205    i.WIFI_CloseClientConnection  wifi.o
    0x08009180   0x00000030   Code   RO         2208    i.WIFI_Connect      wifi.o
    0x080091b0   0x00000020   Code   RO         2210    i.WIFI_GetHostAddress  wifi.o
    0x080091d0   0x00000024   Code   RO         2211    i.WIFI_GetIP_Address  wifi.o
    0x080091f4   0x0000001c   Code   RO         2212    i.WIFI_GetMAC_Address  wifi.o
    0x08009210   0x0000001c   Code   RO         2213    i.WIFI_GetModuleFwRevision  wifi.o
    0x0800922c   0x0000001c   Code   RO         2214    i.WIFI_GetModuleID  wifi.o
    0x08009248   0x0000001c   Code   RO         2215    i.WIFI_GetModuleName  wifi.o
    0x08009264   0x00000040   Code   RO         2217    i.WIFI_Init         wifi.o
    0x080092a4   0x00000064   Code   RO         2220    i.WIFI_OpenClientConnection  wifi.o
    0x08009308   0x00000034   Code   RO         2222    i.WIFI_ReceiveData  wifi.o
    0x0800933c   0x00000034   Code   RO         2225    i.WIFI_SendData     wifi.o
    0x08009370   0x00000020   Code   RO        12790    i.__0printf$8       mc_w.l(printf8.o)
    0x08009390   0x00000028   Code   RO        12792    i.__0sprintf$8      mc_w.l(printf8.o)
    0x080093b8   0x00000008   Code   RO        12872    i.__aeabi_errno_addr  mc_w.l(errno.o)
    0x080093c0   0x0000000a   Code   RO        11583    i.__gatListAdd      Gagent_KEIL.lib(gatlist.o)
    0x080093ca   0x00000006   Code   RO        11584    i.__gatListDel      Gagent_KEIL.lib(gatlist.o)
    0x080093d0   0x0000000e   Code   RO        12948    i.__scatterload_copy  mc_w.l(handlers.o)
    0x080093de   0x00000002   Code   RO        12949    i.__scatterload_null  mc_w.l(handlers.o)
    0x080093e0   0x0000000e   Code   RO        12950    i.__scatterload_zeroinit  mc_w.l(handlers.o)
    0x080093ee   0x00000002   PAD
    0x080093f0   0x00000038   Code   RO        11515    i._adapteDnsReq     Gagent_KEIL.lib(gdns.o)
    0x08009428   0x00000048   Code   RO        11516    i._dnsIpFound       Gagent_KEIL.lib(gdns.o)
    0x08009470   0x00000070   Code   RO        11517    i._dnsIpNotFound    Gagent_KEIL.lib(gdns.o)
    0x080094e0   0x00000174   Code   RO        11518    i._dnsRegister      Gagent_KEIL.lib(gdns.o)
    0x08009654   0x000000f4   Code   RO        11519    i._dnsResult        Gagent_KEIL.lib(gdns.o)
    0x08009748   0x00000020   Code   RO        11520    i._dnsResultCb      Gagent_KEIL.lib(gdns.o)
    0x08009768   0x000000f0   Code   RO        11521    i._dnsTick          Gagent_KEIL.lib(gdns.o)
    0x08009858   0x00000080   Code   RO        11522    i._getDnsReqByName  Gagent_KEIL.lib(gdns.o)
    0x080098d8   0x00000410   Code   RO        12797    i._printf_core      mc_w.l(printf8.o)
    0x08009ce8   0x00000024   Code   RO        12798    i._printf_post_padding  mc_w.l(printf8.o)
    0x08009d0c   0x0000002e   Code   RO        12799    i._printf_pre_padding  mc_w.l(printf8.o)
    0x08009d3a   0x0000000a   Code   RO        12801    i._sputc            mc_w.l(printf8.o)
    0x08009d44   0x0000006c   Code   RO        12328    i.add_round_key     Gagent_KEIL.lib(aes.o)
    0x08009db0   0x00000034   Code   RO        12329    i.aesDestroy        Gagent_KEIL.lib(aes.o)
    0x08009de4   0x000000a0   Code   RO        12330    i.aesECB128Decrypt  Gagent_KEIL.lib(aes.o)
    0x08009e84   0x0000008c   Code   RO        12332    i.aesECB128Encrypt  Gagent_KEIL.lib(aes.o)
    0x08009f10   0x00000030   Code   RO        12333    i.aesInit           Gagent_KEIL.lib(aes.o)
    0x08009f40   0x0000001c   Code   RO          712    i.checkCPUendian    iofdev.o
    0x08009f5c   0x00000058   Code   RO          484    i.checkWiFiCredentials  iot_flash_config.o
    0x08009fb4   0x000000ac   Code   RO        12334    i.cipher            Gagent_KEIL.lib(aes.o)
    0x0800a060   0x00000038   Code   RO        11120    i.cloudSendDataCb   Gagent_KEIL.lib(gatm2m.o)
    0x0800a098   0x00000024   Code   RO        12335    i.coef_add          Gagent_KEIL.lib(aes.o)
    0x0800a0bc   0x000000b2   Code   RO        12336    i.coef_mult         Gagent_KEIL.lib(aes.o)
    0x0800a16e   0x00000002   PAD
    0x0800a170   0x00000038   Code   RO          713    i.devOtaUpgrade     iofdev.o
    0x0800a1a8   0x00000008   Code   RO          714    i.devRestart        iofdev.o
    0x0800a1b0   0x00000004   Code   RO          715    i.dev_free_heap_size  iofdev.o
    0x0800a1b4   0x000001a0   Code   RO        11523    i.dnsDataDump       Gagent_KEIL.lib(gdns.o)
    0x0800a354   0x0000012c   Code   RO        11732    i.dpTrans           Gagent_KEIL.lib(dp.o)
    0x0800a480   0x00000528   Code   RO        10265    i.dumpPruductInfo   Gagent_KEIL.lib(productinfo.o)
    0x0800a9a8   0x00000084   Code   RO         9026    i.eTaskGetState     tasks.o
    0x0800aa2c   0x00000002   Code   RO        11638    i.encryptDisplay    Gagent_KEIL.lib(gatutilcode.o)
    0x0800aa2e   0x00000002   PAD
    0x0800aa30   0x00000028   Code   RO         1648    i.fgetc             main.o
    0x0800aa58   0x000000a4   Code   RO        11639    i.findKey           Gagent_KEIL.lib(gatutilcode.o)
    0x0800aafc   0x00000092   Code   RO        11640    i.findValue         Gagent_KEIL.lib(gatutilcode.o)
    0x0800ab8e   0x00000002   PAD
    0x0800ab90   0x00000038   Code   RO         1649    i.fputc             main.o
    0x0800abc8   0x00000230   Code   RO        10405    i.gagentDataReceived  Gagent_KEIL.lib(gagent.o)
    0x0800adf8   0x00000464   Code   RO        10675    i.gagentInit        Gagent_KEIL.lib(local.o)
    0x0800b25c   0x0000002c   Code   RO        12026    i.gagentRebootTimer  Gagent_KEIL.lib(localcomm.o)
    0x0800b288   0x000005ac   Code   RO        10830    i.gagentUploadData  Gagent_KEIL.lib(simulatorcomm.o)
    0x0800b834   0x000001d0   Code   RO           16    i.gagent_test       gagent_iot_test_basic_connectivity.o
    0x0800ba04   0x0000001a   Code   RO        10677    i.gatAuthCbFun      Gagent_KEIL.lib(local.o)
    0x0800ba1e   0x00000002   PAD
    0x0800ba20   0x0000003c   Code   RO        11965    i.gatAuthInit       Gagent_KEIL.lib(authorization.o)
    0x0800ba5c   0x00000078   Code   RO        11966    i.gatAuthKeySet     Gagent_KEIL.lib(authorization.o)
    0x0800bad4   0x000000cc   Code   RO        11967    i.gatAuthkeyGet     Gagent_KEIL.lib(authorization.o)
    0x0800bba0   0x0000001e   Code   RO        12027    i.gatCheckSum       Gagent_KEIL.lib(localcomm.o)
    0x0800bbbe   0x00000002   PAD
    0x0800bbc0   0x00000248   Code   RO        10406    i.gatCleanConfigData  Gagent_KEIL.lib(gagent.o)
    0x0800be08   0x00000038   Code   RO        11317    i.gatCleanMqttCacheBuf  Gagent_KEIL.lib(mqttgat.o)
    0x0800be40   0x000000bc   Code   RO        11318    i.gatCloudGizDataSend  Gagent_KEIL.lib(mqttgat.o)
    0x0800befc   0x00000048   Code   RO        10266    i.gatConfigFlagSet  Gagent_KEIL.lib(productinfo.o)
    0x0800bf44   0x000001d0   Code   RO        10267    i.gatConfigInfoExtracFromEnv  Gagent_KEIL.lib(productinfo.o)
    0x0800c114   0x00000168   Code   RO        10268    i.gatConfigInfoSaveToEnv  Gagent_KEIL.lib(productinfo.o)
    0x0800c27c   0x0000006c   Code   RO        10269    i.gatCreatNewPassCode  Gagent_KEIL.lib(productinfo.o)
    0x0800c2e8   0x0000015c   Code   RO        10407    i.gatDataRecCb      Gagent_KEIL.lib(gagent.o)
    0x0800c444   0x00000460   Code   RO        10408    i.gatDataSend       Gagent_KEIL.lib(gagent.o)
    0x0800c8a4   0x00000164   Code   RO        10409    i.gatDataSendCb     Gagent_KEIL.lib(gagent.o)
    0x0800ca08   0x00000128   Code   RO        10410    i.gatDealUserPayload90  Gagent_KEIL.lib(gagent.o)
    0x0800cb30   0x00000478   Code   RO        10411    i.gatDealUserPayload93  Gagent_KEIL.lib(gagent.o)
    0x0800cfa8   0x0000005c   Code   RO        10871    i.gatDelTcpDataNode  Gagent_KEIL.lib(tcp.o)
    0x0800d004   0x00000230   Code   RO        10999    i.gatDeviceDisableRecCb  Gagent_KEIL.lib(gserver.o)
    0x0800d234   0x0000009c   Code   RO        11524    i.gatDnsTask        Gagent_KEIL.lib(gdns.o)
    0x0800d2d0   0x00000800   Code   RO        12177    i.gatDownLoadFirmwareCb  Gagent_KEIL.lib(otawan.o)
    0x0800dad0   0x0000010c   Code   RO        12178    i.gatDownloadFirmware  Gagent_KEIL.lib(otawan.o)
    0x0800dbdc   0x00000270   Code   RO        10270    i.gatDumpEnvInfo    Gagent_KEIL.lib(productinfo.o)
    0x0800de4c   0x000000b8   Code   RO        12028    i.gatEnableBindStart  Gagent_KEIL.lib(localcomm.o)
    0x0800df04   0x00000048   Code   RO        12029    i.gatEnableBindTimeOut  Gagent_KEIL.lib(localcomm.o)
    0x0800df4c   0x00000038   Code   RO        12030    i.gatEnterTest      Gagent_KEIL.lib(localcomm.o)
    0x0800df84   0x00000068   Code   RO        10741    i.gatEnterTestMode  Gagent_KEIL.lib(gatnet.o)
    0x0800dfec   0x00000110   Code   RO        11793    i.gatEnvRead        Gagent_KEIL.lib(env.o)
    0x0800e0fc   0x000002c4   Code   RO        11794    i.gatEnvWrite       Gagent_KEIL.lib(env.o)
    0x0800e3c0   0x000000a0   Code   RO        10742    i.gatExitTest       Gagent_KEIL.lib(gatnet.o)
    0x0800e460   0x00000054   Code   RO        12031    i.gatFactoryMode    Gagent_KEIL.lib(localcomm.o)
    0x0800e4b4   0x000001dc   Code   RO        11000    i.gatGServerHandleGatStatus  Gagent_KEIL.lib(gserver.o)
    0x0800e690   0x00000018   Code   RO        11001    i.gatGServerInit    Gagent_KEIL.lib(gserver.o)
    0x0800e6a8   0x000002c0   Code   RO        11002    i.gatGServerStart   Gagent_KEIL.lib(gserver.o)
    0x0800e968   0x000001b4   Code   RO        11968    i.gatGetAuthReqAck  Gagent_KEIL.lib(authorization.o)
    0x0800eb1c   0x00000178   Code   RO        12179    i.gatGetFileType    Gagent_KEIL.lib(otawan.o)
    0x0800ec94   0x000000a8   Code   RO        11525    i.gatGetHostByName  Gagent_KEIL.lib(gdns.o)
    0x0800ed3c   0x0000011c   Code   RO        12180    i.gatGetHostFromUrl  Gagent_KEIL.lib(otawan.o)
    0x0800ee58   0x0000000a   Code   RO        11121    i.gatGetM2MDomain   Gagent_KEIL.lib(gatm2m.o)
    0x0800ee62   0x0000000a   Code   RO        11122    i.gatGetM2MPort     Gagent_KEIL.lib(gatm2m.o)
    0x0800ee6c   0x00000154   Code   RO        12181    i.gatGetMD5         Gagent_KEIL.lib(otawan.o)
    0x0800efc0   0x00000008   Code   RO        12032    i.gatGetMcuInfo     Gagent_KEIL.lib(localcomm.o)
    0x0800efc8   0x0000002c   Code   RO        10412    i.gatGetSoftVer     Gagent_KEIL.lib(gagent.o)
    0x0800eff4   0x00000100   Code   RO        11818    i.gatHTTPRecvTick   Gagent_KEIL.lib(httpgat.o)
    0x0800f0f4   0x00000040   Code   RO        11819    i.gatHttpInit       Gagent_KEIL.lib(httpgat.o)
    0x0800f134   0x0000032c   Code   RO        11820    i.gatHttpReq        Gagent_KEIL.lib(httpgat.o)
    0x0800f460   0x0000009c   Code   RO        10413    i.gatInit           Gagent_KEIL.lib(gagent.o)
    0x0800f4fc   0x00000006   Code   RO          931    i.gatIofNetGetRssi  iofnet.o
    0x0800f502   0x00000002   PAD
    0x0800f504   0x00000160   Code   RO          932    i.gatIofNetInit     iofnet.o
    0x0800f664   0x00000028   Code   RO         1302    i.gatIofSelect      iofsocket.o
    0x0800f68c   0x00000054   Code   RO         1303    i.gatIofSocketClose  iofsocket.o
    0x0800f6e0   0x000001bc   Code   RO         1304    i.gatIofSocketConnect  iofsocket.o
    0x0800f89c   0x00000002   Code   RO         1305    i.gatIofSocketInit  iofsocket.o
    0x0800f89e   0x00000002   PAD
    0x0800f8a0   0x000000a0   Code   RO         1306    i.gatIofSocketOpen  iofsocket.o
    0x0800f940   0x000000fc   Code   RO         1307    i.gatIofSocketTcpRecv  iofsocket.o
    0x0800fa3c   0x00000064   Code   RO         1308    i.gatIofTcpSend     iofsocket.o
    0x0800faa0   0x00000004   Code   RO        11940    i.gatLanLoginClientNumGet  Gagent_KEIL.lib(lanvirtual.o)
    0x0800faa4   0x00000050   Code   RO        11941    i.gatLanSend        Gagent_KEIL.lib(lanvirtual.o)
    0x0800faf4   0x00000012   Code   RO        11585    i.gatListAdd        Gagent_KEIL.lib(gatlist.o)
    0x0800fb06   0x00000012   Code   RO        11586    i.gatListAddTail    Gagent_KEIL.lib(gatlist.o)
    0x0800fb18   0x00000012   Code   RO        11587    i.gatListDel        Gagent_KEIL.lib(gatlist.o)
    0x0800fb2a   0x00000010   Code   RO        11588    i.gatListEmpty      Gagent_KEIL.lib(gatlist.o)
    0x0800fb3a   0x00000006   Code   RO        11590    i.gatListHeadInit   Gagent_KEIL.lib(gatlist.o)
    0x0800fb40   0x000000a8   Code   RO        12033    i.gatLocalErrHandle  Gagent_KEIL.lib(localcomm.o)
    0x0800fbe8   0x00000024   Code   RO        12034    i.gatLocalErrHandleAckTimeOut  Gagent_KEIL.lib(localcomm.o)
    0x0800fc0c   0x00000054   Code   RO        12035    i.gatLocalGAgentRestart  Gagent_KEIL.lib(localcomm.o)
    0x0800fc60   0x00000180   Code   RO        12036    i.gatLocalHandle    Gagent_KEIL.lib(localcomm.o)
    0x0800fde0   0x00000220   Code   RO        10678    i.gatLocalInit      Gagent_KEIL.lib(local.o)
    0x08010000   0x0000026c   Code   RO        12037    i.gatLocalModuleCheck  Gagent_KEIL.lib(localcomm.o)
    0x0801026c   0x000000cc   Code   RO        10571    i.gatLocalRecTimerOutHandle  Gagent_KEIL.lib(localio.o)
    0x08010338   0x000001c8   Code   RO        10572    i.gatLocalSend      Gagent_KEIL.lib(localio.o)
    0x08010500   0x00000158   Code   RO        10679    i.gatLocalSendStatus  Gagent_KEIL.lib(local.o)
    0x08010658   0x00000080   Code   RO        12038    i.gatLocalSignalCheckTick  Gagent_KEIL.lib(localcomm.o)
    0x080106d8   0x00000018   Code   RO        12039    i.gatLocalSignalTickClose  Gagent_KEIL.lib(localcomm.o)
    0x080106f0   0x00000030   Code   RO        12040    i.gatLocalSignalTickStart  Gagent_KEIL.lib(localcomm.o)
    0x08010720   0x00000040   Code   RO        10680    i.gatLocalStatusSync  Gagent_KEIL.lib(local.o)
    0x08010760   0x00000164   Code   RO        10573    i.gatLocalioInit    Gagent_KEIL.lib(localio.o)
    0x080108c4   0x00000260   Code   RO        11123    i.gatM2MCommand     Gagent_KEIL.lib(gatm2m.o)
    0x08010b24   0x000000bc   Code   RO        11124    i.gatM2MHandleGatStatus  Gagent_KEIL.lib(gatm2m.o)
    0x08010be0   0x0000005c   Code   RO        11319    i.gatM2MHeartBeatStart  Gagent_KEIL.lib(mqttgat.o)
    0x08010c3c   0x00000034   Code   RO        11320    i.gatM2MHeartBeatStop  Gagent_KEIL.lib(mqttgat.o)
    0x08010c70   0x00000038   Code   RO        11125    i.gatM2MInit        Gagent_KEIL.lib(gatm2m.o)
    0x08010ca8   0x00000054   Code   RO        11126    i.gatM2MReInit      Gagent_KEIL.lib(gatm2m.o)
    0x08010cfc   0x00000094   Code   RO        11127    i.gatM2MReStartServer  Gagent_KEIL.lib(gatm2m.o)
    0x08010d90   0x0000000e   Code   RO        11128    i.gatM2MReStartServerTimeOut  Gagent_KEIL.lib(gatm2m.o)
    0x08010d9e   0x00000002   PAD
    0x08010da0   0x00000074   Code   RO        11129    i.gatM2MServerStart  Gagent_KEIL.lib(gatm2m.o)
    0x08010e14   0x00000048   Code   RO        11130    i.gatM2MServerStop  Gagent_KEIL.lib(gatm2m.o)
    0x08010e5c   0x00000088   Code   RO        11131    i.gatM2MSocketConnect  Gagent_KEIL.lib(gatm2m.o)
    0x08010ee4   0x00000018   Code   RO        11132    i.gatM2MStopReStartServer  Gagent_KEIL.lib(gatm2m.o)
    0x08010efc   0x0000000c   Code   RO        10414    i.gatMainLoop       Gagent_KEIL.lib(gagent.o)
    0x08010f08   0x00000044   Code   RO        11321    i.gatMqttInit       Gagent_KEIL.lib(mqttgat.o)
    0x08010f4c   0x00000054   Code   RO        11322    i.gatMqttReInit     Gagent_KEIL.lib(mqttgat.o)
    0x08010fa0   0x0000000c   Code   RO        10415    i.gatMsgId          Gagent_KEIL.lib(gagent.o)
    0x08010fac   0x00000008   Code   RO          933    i.gatNetBackupBSSIDGet  iofnet.o
    0x08010fb4   0x0000001e   Code   RO          934    i.gatNetBackupBSSIDSet  iofnet.o
    0x08010fd2   0x00000002   PAD
    0x08010fd4   0x00000010   Code   RO          935    i.gatNetBackupPwdGet  iofnet.o
    0x08010fe4   0x0000001e   Code   RO          936    i.gatNetBackupPwdSet  iofnet.o
    0x08011002   0x00000002   PAD
    0x08011004   0x00000008   Code   RO          937    i.gatNetBackupSSIDGet  iofnet.o
    0x0801100c   0x0000001e   Code   RO          938    i.gatNetBackupSSIDSet  iofnet.o
    0x0801102a   0x00000002   PAD
    0x0801102c   0x00000008   Code   RO          939    i.gatNetCacheBSSIDGet  iofnet.o
    0x08011034   0x0000001e   Code   RO          940    i.gatNetCacheBSSIDSet  iofnet.o
    0x08011052   0x00000002   PAD
    0x08011054   0x00000010   Code   RO          941    i.gatNetCachePwdGet  iofnet.o
    0x08011064   0x0000001e   Code   RO          942    i.gatNetCachePwdSet  iofnet.o
    0x08011082   0x00000002   PAD
    0x08011084   0x00000008   Code   RO          943    i.gatNetCacheSSIDGet  iofnet.o
    0x0801108c   0x0000001c   Code   RO          944    i.gatNetCacheSSIDSet  iofnet.o
    0x080110a8   0x00000008   Code   RO        10744    i.gatNetConnParaGet  Gagent_KEIL.lib(gatnet.o)
    0x080110b0   0x00000048   Code   RO        10745    i.gatNetEventHandle  Gagent_KEIL.lib(gatnet.o)
    0x080110f8   0x0000002c   Code   RO        10746    i.gatNetExcepTimeout  Gagent_KEIL.lib(gatnet.o)
    0x08011124   0x0000007a   Code   RO          945    i.gatNetGetSignalLevel  iofnet.o
    0x0801119e   0x00000002   PAD
    0x080111a0   0x000002c0   Code   RO        10747    i.gatNetInit        Gagent_KEIL.lib(gatnet.o)
    0x08011460   0x00000070   Code   RO          946    i.gatNetMACGet      iofnet.o
    0x080114d0   0x00000050   Code   RO          947    i.gatNetSoftApStart  iofnet.o
    0x08011520   0x000000d4   Code   RO          949    i.gatNetStartScan   iofnet.o
    0x080115f4   0x0000001e   Code   RO          950    i.gatNetStationStart  iofnet.o
    0x08011612   0x00000002   PAD
    0x08011614   0x00000140   Code   RO        11003    i.gatNormalDeviceDisable  Gagent_KEIL.lib(gserver.o)
    0x08011754   0x000000b0   Code   RO        11004    i.gatNormalDeviceDisableParse  Gagent_KEIL.lib(gserver.o)
    0x08011804   0x00000010   Code   RO        11005    i.gatNtpTick        Gagent_KEIL.lib(gserver.o)
    0x08011814   0x00000144   Code   RO        10006    i.gatNwkEventHandle  Gagent_KEIL.lib(nwk_manage.o)
    0x08011958   0x00000044   Code   RO        10007    i.gatNwkInit        Gagent_KEIL.lib(nwk_manage.o)
    0x0801199c   0x000000e8   Code   RO        10008    i.gatNwkevtCbRegister  Gagent_KEIL.lib(nwk_manage.o)
    0x08011a84   0x0000017c   Code   RO        12182    i.gatOTAEventHandle  Gagent_KEIL.lib(otawan.o)
    0x08011c00   0x0000010c   Code   RO        12183    i.gatOtaSoftVerify  Gagent_KEIL.lib(otawan.o)
    0x08011d0c   0x00000054   Code   RO        10273    i.gatProductConfiInfoSave  Gagent_KEIL.lib(productinfo.o)
    0x08011d60   0x00000008   Code   RO        10274    i.gatProductDefaultInfoGet  Gagent_KEIL.lib(productinfo.o)
    0x08011d68   0x0000008c   Code   RO        10275    i.gatProductDefaultInfoInit  Gagent_KEIL.lib(productinfo.o)
    0x08011df4   0x0000018c   Code   RO        10276    i.gatProductDefaultInfoSet  Gagent_KEIL.lib(productinfo.o)
    0x08011f80   0x00000020   Code   RO        10277    i.gatProductInfoGet  Gagent_KEIL.lib(productinfo.o)
    0x08011fa0   0x00000084   Code   RO        10278    i.gatProductInfoInit  Gagent_KEIL.lib(productinfo.o)
    0x08012024   0x00000050   Code   RO        10279    i.gatProductInfoSetGServerIp  Gagent_KEIL.lib(productinfo.o)
    0x08012074   0x00000308   Code   RO        10280    i.gatProductInfoUpdateFromEnv  Gagent_KEIL.lib(productinfo.o)
    0x0801237c   0x000001a0   Code   RO        11007    i.gatProvision      Gagent_KEIL.lib(gserver.o)
    0x0801251c   0x00000178   Code   RO        11008    i.gatProvisionParse  Gagent_KEIL.lib(gserver.o)
    0x08012694   0x00000340   Code   RO        11009    i.gatProvisionRecCb  Gagent_KEIL.lib(gserver.o)
    0x080129d4   0x0000000c   Code   RO        11010    i.gatProvisionTimer  Gagent_KEIL.lib(gserver.o)
    0x080129e0   0x00000058   Code   RO        10416    i.gatReBoot         Gagent_KEIL.lib(gagent.o)
    0x08012a38   0x0000008c   Code   RO        12184    i.gatReDownloadTimerCb  Gagent_KEIL.lib(otawan.o)
    0x08012ac4   0x00000378   Code   RO        11969    i.gatRecAuthKey     Gagent_KEIL.lib(authorization.o)
    0x08012e3c   0x00000570   Code   RO        11011    i.gatRegsiter       Gagent_KEIL.lib(gserver.o)
    0x080133ac   0x00000118   Code   RO        11012    i.gatRegsiterParse  Gagent_KEIL.lib(gserver.o)
    0x080134c4   0x000002b0   Code   RO        11013    i.gatRegsiterRecCb  Gagent_KEIL.lib(gserver.o)
    0x08013774   0x00000128   Code   RO        11014    i.gatRegsiterTimer  Gagent_KEIL.lib(gserver.o)
    0x0801389c   0x0000017c   Code   RO        11970    i.gatReqAuthKey     Gagent_KEIL.lib(authorization.o)
    0x08013a18   0x00000094   Code   RO        11971    i.gatReqAuthKeyTimeOut  Gagent_KEIL.lib(authorization.o)
    0x08013aac   0x00000138   Code   RO        12185    i.gatReqLastVersion  Gagent_KEIL.lib(otawan.o)
    0x08013be4   0x000003b0   Code   RO        12186    i.gatReqLastVersionCb  Gagent_KEIL.lib(otawan.o)
    0x08013f94   0x00000104   Code   RO        11133    i.gatResCloudCtrl   Gagent_KEIL.lib(gatm2m.o)
    0x08014098   0x00000018   Code   RO        11733    i.gatResetCurMode   Gagent_KEIL.lib(dp.o)
    0x080140b0   0x00000148   Code   RO        10749    i.gatRouterConnTimeout  Gagent_KEIL.lib(gatnet.o)
    0x080141f8   0x00000294   Code   RO        10750    i.gatRouterUpdateInfo  Gagent_KEIL.lib(gatnet.o)
    0x0801448c   0x00000008   Code   RO        10417    i.gatRunTimeDataGet  Gagent_KEIL.lib(gagent.o)
    0x08014494   0x0000006c   Code   RO        10418    i.gatRunTimeDataInit  Gagent_KEIL.lib(gagent.o)
    0x08014500   0x00000020   Code   RO        10281    i.gatSaveRebootReason  Gagent_KEIL.lib(productinfo.o)
    0x08014520   0x00000100   Code   RO        10574    i.gatSerialRecHandle  Gagent_KEIL.lib(localio.o)
    0x08014620   0x00000210   Code   RO        10575    i.gatSerialSendHandle  Gagent_KEIL.lib(localio.o)
    0x08014830   0x0000001c   Code   RO        11734    i.gatSetCurMode     Gagent_KEIL.lib(dp.o)
    0x0801484c   0x0000003c   Code   RO        11134    i.gatSetM2MDomain   Gagent_KEIL.lib(gatm2m.o)
    0x08014888   0x00000038   Code   RO        11135    i.gatSetM2MPort     Gagent_KEIL.lib(gatm2m.o)
    0x080148c0   0x000008ac   Code   RO        10009    i.gatSetNwkEvent    Gagent_KEIL.lib(nwk_manage.o)
    0x0801516c   0x0000003c   Code   RO        10419    i.gatSetSoftVer     Gagent_KEIL.lib(gagent.o)
    0x080151a8   0x0000000c   Code   RO        10420    i.gatStatusGet      Gagent_KEIL.lib(gagent.o)
    0x080151b4   0x000000b0   Code   RO        10421    i.gatStatusSet      Gagent_KEIL.lib(gagent.o)
    0x08015264   0x00000308   Code   RO        10422    i.gatTaskHandle     Gagent_KEIL.lib(gagent.o)
    0x0801556c   0x00000018   Code   RO        10872    i.gatTcpChNodeInit  Gagent_KEIL.lib(tcp.o)
    0x08015584   0x000000b4   Code   RO        10873    i.gatTcpClrChNode   Gagent_KEIL.lib(tcp.o)
    0x08015638   0x0000001a   Code   RO        10874    i.gatTcpDataNodeInit  Gagent_KEIL.lib(tcp.o)
    0x08015652   0x00000002   PAD
    0x08015654   0x0000003c   Code   RO        10875    i.gatTcpDataSendHandle  Gagent_KEIL.lib(tcp.o)
    0x08015690   0x00000098   Code   RO        10876    i.gatTcpDelChNode   Gagent_KEIL.lib(tcp.o)
    0x08015728   0x00000074   Code   RO        10877    i.gatTcpInit        Gagent_KEIL.lib(tcp.o)
    0x0801579c   0x00000138   Code   RO        10878    i.gatTcpListenAdd   Gagent_KEIL.lib(tcp.o)
    0x080158d4   0x000000cc   Code   RO        10879    i.gatTcpReadRecData  Gagent_KEIL.lib(tcp.o)
    0x080159a0   0x0000005c   Code   RO        10880    i.gatTcpRecResult   Gagent_KEIL.lib(tcp.o)
    0x080159fc   0x00000180   Code   RO        10881    i.gatTcpReceiveHandle  Gagent_KEIL.lib(tcp.o)
    0x08015b7c   0x000002c4   Code   RO        10882    i.gatTcpRecv        Gagent_KEIL.lib(tcp.o)
    0x08015e40   0x00000118   Code   RO        10883    i.gatTcpRecvDispatch  Gagent_KEIL.lib(tcp.o)
    0x08015f58   0x00000184   Code   RO        10884    i.gatTcpSend        Gagent_KEIL.lib(tcp.o)
    0x080160dc   0x0000001c   Code   RO        10885    i.gatTcpSendNodeInit  Gagent_KEIL.lib(tcp.o)
    0x080160f8   0x00000024   Code   RO         1310    i.gatTcpSendResult  iofsocket.o
    0x0801611c   0x0000029c   Code   RO        10886    i.gatTcpSendTask    Gagent_KEIL.lib(tcp.o)
    0x080163b8   0x000000f4   Code   RO        10751    i.gatTestModeTick   Gagent_KEIL.lib(gatnet.o)
    0x080164ac   0x00000044   Code   RO        10282    i.gatTimeZoneSecSet  Gagent_KEIL.lib(productinfo.o)
    0x080164f0   0x00000154   Code   RO        10189    i.gatTimerAdd       Gagent_KEIL.lib(timer_subsystem.o)
    0x08016644   0x00000044   Code   RO        10190    i.gatTimerCoreInit  Gagent_KEIL.lib(timer_subsystem.o)
    0x08016688   0x00000080   Code   RO        10191    i.gatTimerDel       Gagent_KEIL.lib(timer_subsystem.o)
    0x08016708   0x0000010c   Code   RO        10192    i.gatTimerHandle    Gagent_KEIL.lib(timer_subsystem.o)
    0x08016814   0x00000078   Code   RO        10193    i.gatTimerTick      Gagent_KEIL.lib(timer_subsystem.o)
    0x0801688c   0x000000c0   Code   RO        10194    i.gatTimerTraversal  Gagent_KEIL.lib(timer_subsystem.o)
    0x0801694c   0x000001e8   Code   RO        11643    i.gatUpLoadDataCombine  Gagent_KEIL.lib(gatutilcode.o)
    0x08016b34   0x000000ac   Code   RO           17    i.gatUserProcess    gagent_iot_test_basic_connectivity.o
    0x08016be0   0x00000084   Code   RO        11972    i.gatWaitAuthKeyTimer  Gagent_KEIL.lib(authorization.o)
    0x08016c64   0x00000008   Code   RO        12187    i.gatWanOtaParmGet  Gagent_KEIL.lib(otawan.o)
    0x08016c6c   0x00000074   Code   RO        12188    i.gatWanOtaParmReset  Gagent_KEIL.lib(otawan.o)
    0x08016ce0   0x00000044   Code   RO        12189    i.gatWanOtaStatusGet  Gagent_KEIL.lib(otawan.o)
    0x08016d24   0x00000044   Code   RO        12190    i.gatWanOtaStatusSet  Gagent_KEIL.lib(otawan.o)
    0x08016d68   0x00000008   Code   RO          953    i.gatWiFiScanResult  iofnet.o
    0x08016d70   0x000000cc   Code   RO        11137    i.gatm2mDnsCb       Gagent_KEIL.lib(gatm2m.o)
    0x08016e3c   0x0000000c   Code   RO        11735    i.getCurMode        Gagent_KEIL.lib(dp.o)
    0x08016e48   0x00000006   Code   RO        11736    i.getDevCmd         Gagent_KEIL.lib(dp.o)
    0x08016e4e   0x00000008   Code   RO         1419    i.getDevTime_MS     ioftime.o
    0x08016e56   0x00000002   PAD
    0x08016e58   0x000000a4   Code   RO        11737    i.getDpEntry        Gagent_KEIL.lib(dp.o)
    0x08016efc   0x000000a0   Code   RO        11795    i.getEnvErase       Gagent_KEIL.lib(env.o)
    0x08016f9c   0x00000070   Code   RO          485    i.getInputString    iot_flash_config.o
    0x0801700c   0x00000016   Code   RO        11644    i.getKeyValue       Gagent_KEIL.lib(gatutilcode.o)
    0x08017022   0x00000002   PAD
    0x08017024   0x000000ac   Code   RO        11645    i.getKeyValueCustom  Gagent_KEIL.lib(gatutilcode.o)
    0x080170d0   0x0000001c   Code   RO        11738    i.getLanCmd         Gagent_KEIL.lib(dp.o)
    0x080170ec   0x000000f4   Code   RO        11739    i.getWanCmd         Gagent_KEIL.lib(dp.o)
    0x080171e0   0x00000004   Code   RO        12519    i.getc              mc_w.l(getc.o)
    0x080171e4   0x000001e4   Code   RO           18    i.gizIssuedProcess  gagent_iot_test_basic_connectivity.o
    0x080173c8   0x00000048   Code   RO           19    i.gizWiFiStatus     gagent_iot_test_basic_connectivity.o
    0x08017410   0x00000030   Code   RO        12338    i.gmult             Gagent_KEIL.lib(aes.o)
    0x08017440   0x000000f4   Code   RO        11015    i.gserverDnsCb      Gagent_KEIL.lib(gserver.o)
    0x08017534   0x00000058   Code   RO        11016    i.gserverExcepTimeout  Gagent_KEIL.lib(gserver.o)
    0x0801758c   0x0000004c   Code   RO        11647    i.hexToStr          Gagent_KEIL.lib(gatutilcode.o)
    0x080175d8   0x00000026   Code   RO          716    i.htonl             iofdev.o
    0x080175fe   0x00000018   Code   RO          717    i.htons             iofdev.o
    0x08017616   0x00000002   PAD
    0x08017618   0x000003c4   Code   RO        11821    i.httpBody          Gagent_KEIL.lib(httpgat.o)
    0x080179dc   0x00000248   Code   RO        11822    i.httpConnCb        Gagent_KEIL.lib(httpgat.o)
    0x08017c24   0x00000058   Code   RO        11823    i.httpDelRecNode    Gagent_KEIL.lib(httpgat.o)
    0x08017c7c   0x00000050   Code   RO        11824    i.httpDelSendNode   Gagent_KEIL.lib(httpgat.o)
    0x08017ccc   0x00000116   Code   RO        11825    i.httpHeader        Gagent_KEIL.lib(httpgat.o)
    0x08017de2   0x00000002   PAD
    0x08017de4   0x000001c0   Code   RO        11826    i.httpParseHead     Gagent_KEIL.lib(httpgat.o)
    0x08017fa4   0x00000094   Code   RO        11827    i.httpParseRescode  Gagent_KEIL.lib(httpgat.o)
    0x08018038   0x000000c8   Code   RO        11828    i.httpParsingBlkLen  Gagent_KEIL.lib(httpgat.o)
    0x08018100   0x0000008c   Code   RO        11829    i.httpPkgLenCalc    Gagent_KEIL.lib(httpgat.o)
    0x0801818c   0x000000cc   Code   RO        11830    i.httpPkgPack       Gagent_KEIL.lib(httpgat.o)
    0x08018258   0x00000534   Code   RO        11832    i.httpRecCb         Gagent_KEIL.lib(httpgat.o)
    0x0801878c   0x0000004e   Code   RO        11833    i.httpRecNodeInit   Gagent_KEIL.lib(httpgat.o)
    0x080187da   0x00000002   PAD
    0x080187dc   0x00000104   Code   RO        11834    i.httpSendCb        Gagent_KEIL.lib(httpgat.o)
    0x080188e0   0x00000044   Code   RO        11835    i.httpSendNodeInit  Gagent_KEIL.lib(httpgat.o)
    0x08018924   0x0000002e   Code   RO        11836    i.httpSendResult    Gagent_KEIL.lib(httpgat.o)
    0x08018952   0x00000002   PAD
    0x08018954   0x00000114   Code   RO        11837    i.httpSigHandle     Gagent_KEIL.lib(httpgat.o)
    0x08018a68   0x00000010   Code   RO         9502    i.inHandlerMode     cmsis_os.o
    0x08018a78   0x000000c0   Code   RO          627    i.init_sensors      sensors_data.o
    0x08018b38   0x0000080e   Code   RO        12498    i.invSboxAssign     Gagent_KEIL.lib(aesdata.o)
    0x08019346   0x00000002   PAD
    0x08019348   0x0000002c   Code   RO        12340    i.invSboxInit       Gagent_KEIL.lib(aes.o)
    0x08019374   0x000000ac   Code   RO        12341    i.inv_cipher        Gagent_KEIL.lib(aes.o)
    0x08019420   0x00000058   Code   RO        12342    i.inv_mix_columns   Gagent_KEIL.lib(aes.o)
    0x08019478   0x00000046   Code   RO        12343    i.inv_shift_rows    Gagent_KEIL.lib(aes.o)
    0x080194be   0x00000002   PAD
    0x080194c0   0x0000004c   Code   RO        12344    i.inv_sub_bytes     Gagent_KEIL.lib(aes.o)
    0x0801950c   0x00000030   Code   RO        11973    i.iofAuthKeyRead    Gagent_KEIL.lib(authorization.o)
    0x0801953c   0x00000008   Code   RO         1420    i.iofCurTime        ioftime.o
    0x08019544   0x00000002   Code   RO          816    i.iofFileClose      ioffile.o
    0x08019546   0x00000002   PAD
    0x08019548   0x00000070   Code   RO          817    i.iofFileErase      ioffile.o
    0x080195b8   0x0000004c   Code   RO          818    i.iofFileOpen       ioffile.o
    0x08019604   0x00000064   Code   RO          819    i.iofFileRead       ioffile.o
    0x08019668   0x00000104   Code   RO          820    i.iofFileWrite      ioffile.o
    0x0801976c   0x0000006c   Code   RO          954    i.iofGatGetHostByName  iofnet.o
    0x080197d8   0x0000003c   Code   RO          955    i.iofGetHostByName  iofnet.o
    0x08019814   0x00000088   Code   RO         1421    i.iofLocalTimerMSStart  ioftime.o
    0x0801989c   0x00000068   Code   RO         1422    i.iofLocalTimerMSStop  ioftime.o
    0x08019904   0x00000014   Code   RO          870    i.iofLock           iofipc.o
    0x08019918   0x00000014   Code   RO          871    i.iofLockInit       iofipc.o
    0x0801992c   0x00000050   Code   RO          872    i.iofMsgCreat       iofipc.o
    0x0801997c   0x000000e4   Code   RO          873    i.iofRecSig         iofipc.o
    0x08019a60   0x00000052   Code   RO          874    i.iofSemInit        iofipc.o
    0x08019ab2   0x00000002   PAD
    0x08019ab4   0x000000ec   Code   RO          875    i.iofSendSig        iofipc.o
    0x08019ba0   0x00000040   Code   RO         1225    i.iofSerialInit     iofserial.o
    0x08019be0   0x0000004c   Code   RO         1226    i.iofSerialOpen     iofserial.o
    0x08019c2c   0x00000028   Code   RO         1227    i.iofSerialRead     iofserial.o
    0x08019c54   0x00000040   Code   RO         1228    i.iofSerialSelect   iofserial.o
    0x08019c94   0x000000f8   Code   RO         1229    i.iofSerialSend     iofserial.o
    0x08019d8c   0x00000074   Code   RO         1116    i.iofStartAllThread  iofpthread.o
    0x08019e00   0x0000000c   Code   RO         1423    i.iofThreadDelay    ioftime.o
    0x08019e0c   0x00000034   Code   RO         1118    i.iofThreadEnable   iofpthread.o
    0x08019e40   0x0000004c   Code   RO         1424    i.iofTimerInit      ioftime.o
    0x08019e8c   0x00000014   Code   RO        11648    i.iofToupper        Gagent_KEIL.lib(gatutilcode.o)
    0x08019ea0   0x00000012   Code   RO          876    i.iofUnlock         iofipc.o
    0x08019eb2   0x00000002   PAD
    0x08019eb4   0x00000050   Code   RO          956    i.iofWifiScan       iofnet.o
    0x08019f04   0x00000062   Code   RO        12041    i.isAckCmd          Gagent_KEIL.lib(localcomm.o)
    0x08019f66   0x00000002   PAD
    0x08019f68   0x00000018   Code   RO        11740    i.isInCurMode       Gagent_KEIL.lib(dp.o)
    0x08019f80   0x00000006   Code   RO        11942    i.isLoginClient     Gagent_KEIL.lib(lanvirtual.o)
    0x08019f86   0x00000038   Code   RO        12042    i.isNeed2AckdCmd    Gagent_KEIL.lib(localcomm.o)
    0x08019fbe   0x00000108   Code   RO        12345    i.key_expansion     Gagent_KEIL.lib(aes.o)
    0x0801a0c6   0x00000002   PAD
    0x0801a0c8   0x00000008   Code   RO        10577    i.localChanelListGet  Gagent_KEIL.lib(localio.o)
    0x0801a0d0   0x0000003c   Code   RO        10578    i.localChannelNodeGet  Gagent_KEIL.lib(localio.o)
    0x0801a10c   0x00000162   Code   RO        12140    i.localExtractPacket  Gagent_KEIL.lib(localprotocol.o)
    0x0801a26e   0x00000002   PAD
    0x0801a270   0x0000000c   Code   RO        10579    i.localFdGet        Gagent_KEIL.lib(localio.o)
    0x0801a27c   0x00000024   Code   RO        10580    i.localRecCbFunGet  Gagent_KEIL.lib(localio.o)
    0x0801a2a0   0x0000040c   Code   RO        10581    i.localRecDataCb    Gagent_KEIL.lib(localio.o)
    0x0801a6ac   0x00000008   Code   RO        10582    i.localRecvListGet  Gagent_KEIL.lib(localio.o)
    0x0801a6b4   0x0000000c   Code   RO        10583    i.localSemIdGet     Gagent_KEIL.lib(localio.o)
    0x0801a6c0   0x00000008   Code   RO        10584    i.localSendListGet  Gagent_KEIL.lib(localio.o)
    0x0801a6c8   0x0000006c   Code   RO         1522    i.localTrigSend     semaph.o
    0x0801a734   0x00000280   Code   RO        12141    i.localWrite        Gagent_KEIL.lib(localprotocol.o)
    0x0801a9b4   0x00000028   Code   RO        12142    i.localWriteAck     Gagent_KEIL.lib(localprotocol.o)
    0x0801a9dc   0x00000032   Code   RO        12143    i.localWriteP0      Gagent_KEIL.lib(localprotocol.o)
    0x0801aa0e   0x00000002   PAD
    0x0801aa10   0x00000008   Code   RO        11139    i.m2mInfoGet        Gagent_KEIL.lib(gatm2m.o)
    0x0801aa18   0x00000134   Code   RO        11140    i.m2mInfoSet        Gagent_KEIL.lib(gatm2m.o)
    0x0801ab4c   0x000000fc   Code   RO        11141    i.m2mSend           Gagent_KEIL.lib(gatm2m.o)
    0x0801ac48   0x00000200   Code   RO        11142    i.m2mSktConnCb      Gagent_KEIL.lib(gatm2m.o)
    0x0801ae48   0x000000c0   Code   RO        11144    i.m2mSktRecCb       Gagent_KEIL.lib(gatm2m.o)
    0x0801af08   0x0000007c   Code   RO         1650    i.main              main.o
    0x0801af84   0x0000000e   Code   RO         9504    i.makeFreeRtosPriority  cmsis_os.o
    0x0801af92   0x00000002   PAD
    0x0801af94   0x00000058   Code   RO        12346    i.mix_columns       Gagent_KEIL.lib(aes.o)
    0x0801afec   0x000000a4   Code   RO        11323    i.mqttConnBrokerInit  Gagent_KEIL.lib(mqttgat.o)
    0x0801b090   0x000001d4   Code   RO        11324    i.mqttDataHandle    Gagent_KEIL.lib(mqttgat.o)
    0x0801b264   0x00000198   Code   RO        11325    i.mqttDoHeartBeat   Gagent_KEIL.lib(mqttgat.o)
    0x0801b3fc   0x00000548   Code   RO        11326    i.mqttExtractPacket  Gagent_KEIL.lib(mqttgat.o)
    0x0801b944   0x000000c0   Code   RO        11327    i.mqttNodeRecInit   Gagent_KEIL.lib(mqttgat.o)
    0x0801ba04   0x00000016   Code   RO        11328    i.mqttPingTimeSetAlive  Gagent_KEIL.lib(mqttgat.o)
    0x0801ba1a   0x00000078   Code   RO        11329    i.mqttSendPubData   Gagent_KEIL.lib(mqttgat.o)
    0x0801ba92   0x00000002   PAD
    0x0801ba94   0x0000008c   Code   RO        11330    i.mqttSubTopicS     Gagent_KEIL.lib(mqttgat.o)
    0x0801bb20   0x00000310   Code   RO        11411    i.mqtt_connect      Gagent_KEIL.lib(mqttlib.o)
    0x0801be30   0x00000054   Code   RO        11413    i.mqtt_init         Gagent_KEIL.lib(mqttlib.o)
    0x0801be84   0x0000002e   Code   RO        11414    i.mqtt_init_auth    Gagent_KEIL.lib(mqttlib.o)
    0x0801beb2   0x00000040   Code   RO        11415    i.mqtt_len_of_bytes  Gagent_KEIL.lib(mqttlib.o)
    0x0801bef2   0x00000030   Code   RO        11416    i.mqtt_num_rem_len_bytes  Gagent_KEIL.lib(mqttlib.o)
    0x0801bf22   0x00000002   PAD
    0x0801bf24   0x000000c8   Code   RO        11417    i.mqtt_num_rem_len_bytes_safe  Gagent_KEIL.lib(mqttlib.o)
    0x0801bfec   0x00000072   Code   RO        11418    i.mqtt_parse_msg_id  Gagent_KEIL.lib(mqttlib.o)
    0x0801c05e   0x00000060   Code   RO        11419    i.mqtt_parse_pub_msg_ptr  Gagent_KEIL.lib(mqttlib.o)
    0x0801c0be   0x00000038   Code   RO        11420    i.mqtt_parse_pub_topic_ptr  Gagent_KEIL.lib(mqttlib.o)
    0x0801c0f6   0x0000001e   Code   RO        11421    i.mqtt_parse_publish_msg  Gagent_KEIL.lib(mqttlib.o)
    0x0801c114   0x0000002c   Code   RO        11422    i.mqtt_parse_rem_len  Gagent_KEIL.lib(mqttlib.o)
    0x0801c140   0x0000002c   Code   RO        11423    i.mqtt_ping         Gagent_KEIL.lib(mqttlib.o)
    0x0801c16c   0x00000248   Code   RO        11424    i.mqtt_publish_with_qos  Gagent_KEIL.lib(mqttlib.o)
    0x0801c3b4   0x00000006   Code   RO        11425    i.mqtt_set_alive    Gagent_KEIL.lib(mqttlib.o)
    0x0801c3ba   0x00000002   PAD
    0x0801c3bc   0x00000244   Code   RO        11426    i.mqtt_subscribes   Gagent_KEIL.lib(mqttlib.o)
    0x0801c600   0x0000003c   Code   RO          545    i.network_connect   network.o
    0x0801c63c   0x0000007c   Code   RO          546    i.network_credential  network.o
    0x0801c6b8   0x00000016   Code   RO          547    i.network_get_ip_address  network.o
    0x0801c6ce   0x00000002   PAD
    0x0801c6d0   0x00000284   Code   RO          548    i.network_init      network.o
    0x0801c954   0x0000000c   Code   RO          549    i.network_socket_close  network.o
    0x0801c960   0x00000064   Code   RO          550    i.network_socket_recv  network.o
    0x0801c9c4   0x00000030   Code   RO          551    i.network_socket_send  network.o
    0x0801c9f4   0x00000020   Code   RO        12144    i.newLocalSn        Gagent_KEIL.lib(localprotocol.o)
    0x0801ca14   0x00000026   Code   RO          718    i.ntohl             iofdev.o
    0x0801ca3a   0x00000018   Code   RO          719    i.ntohs             iofdev.o
    0x0801ca52   0x00000024   Code   RO        10010    i.nwkEventNotify    Gagent_KEIL.lib(nwk_manage.o)
    0x0801ca76   0x00000002   PAD
    0x0801ca78   0x0000000c   Code   RO        10011    i.nwkHalStatusGet   Gagent_KEIL.lib(nwk_manage.o)
    0x0801ca84   0x00000010   Code   RO        10012    i.nwkResetHalStatus  Gagent_KEIL.lib(nwk_manage.o)
    0x0801ca94   0x00000010   Code   RO        10013    i.nwkSetHalStatus   Gagent_KEIL.lib(nwk_manage.o)
    0x0801caa4   0x000001bc   Code   RO        11145    i.onAppOnLineNumCb  Gagent_KEIL.lib(gatm2m.o)
    0x0801cc60   0x00000024   Code   RO        11146    i.onM2MHeartBeatCb  Gagent_KEIL.lib(gatm2m.o)
    0x0801cc84   0x000000ec   Code   RO        11147    i.onM2MLoginCb      Gagent_KEIL.lib(gatm2m.o)
    0x0801cd70   0x00000094   Code   RO        11148    i.onM2MSubTopicCb   Gagent_KEIL.lib(gatm2m.o)
    0x0801ce04   0x00000240   Code   RO        11149    i.onM2MUserDataRecCb  Gagent_KEIL.lib(gatm2m.o)
    0x0801d044   0x0000035c   Code   RO        11150    i.onOTA41EventNoticCb  Gagent_KEIL.lib(gatm2m.o)
    0x0801d3a0   0x0000004c   Code   RO        11151    i.onOTA4EventNoticCb  Gagent_KEIL.lib(gatm2m.o)
    0x0801d3ec   0x00000018   Code   RO         9506    i.osDelay           cmsis_os.o
    0x0801d404   0x0000000a   Code   RO         9509    i.osKernelStart     cmsis_os.o
    0x0801d40e   0x00000012   Code   RO         9518    i.osMessageCreate   cmsis_os.o
    0x0801d420   0x0000009c   Code   RO         9520    i.osMessageGet      cmsis_os.o
    0x0801d4bc   0x00000060   Code   RO         9522    i.osMessagePut      cmsis_os.o
    0x0801d51c   0x0000000c   Code   RO         9524    i.osMutexCreate     cmsis_os.o
    0x0801d528   0x00000018   Code   RO         9525    i.osMutexDelete     cmsis_os.o
    0x0801d540   0x00000050   Code   RO         9526    i.osMutexRelease    cmsis_os.o
    0x0801d590   0x0000006c   Code   RO         9527    i.osMutexWait       cmsis_os.o
    0x0801d5fc   0x0000007a   Code   RO         9528    i.osPoolAlloc       cmsis_os.o
    0x0801d676   0x00000070   Code   RO         9530    i.osPoolCreate      cmsis_os.o
    0x0801d6e6   0x0000004a   Code   RO         9531    i.osPoolFree        cmsis_os.o
    0x0801d730   0x00000032   Code   RO         9535    i.osSemaphoreCreate  cmsis_os.o
    0x0801d762   0x00000018   Code   RO         9536    i.osSemaphoreDelete  cmsis_os.o
    0x0801d77a   0x00000002   PAD
    0x0801d77c   0x00000050   Code   RO         9538    i.osSemaphoreRelease  cmsis_os.o
    0x0801d7cc   0x0000006c   Code   RO         9539    i.osSemaphoreWait   cmsis_os.o
    0x0801d838   0x00000010   Code   RO         9542    i.osSystickHandler  cmsis_os.o
    0x0801d848   0x00000030   Code   RO         9543    i.osThreadCreate    cmsis_os.o
    0x0801d878   0x00000016   Code   RO         9547    i.osThreadIsSuspended  cmsis_os.o
    0x0801d88e   0x00000002   PAD
    0x0801d890   0x00000034   Code   RO         9549    i.osThreadResume    cmsis_os.o
    0x0801d8c4   0x0000000e   Code   RO         9552    i.osThreadSuspend   cmsis_os.o
    0x0801d8d2   0x00000002   PAD
    0x0801d8d4   0x00000028   Code   RO         9556    i.osTimerCreate     cmsis_os.o
    0x0801d8fc   0x0000002c   Code   RO         9557    i.osTimerDelete     cmsis_os.o
    0x0801d928   0x00000068   Code   RO         9558    i.osTimerStart      cmsis_os.o
    0x0801d990   0x00000684   Code   RO        11017    i.packRegPkt        Gagent_KEIL.lib(gserver.o)
    0x0801e014   0x00000098   Code   RO         9028    i.prvAddCurrentTaskToDelayedList  tasks.o
    0x0801e0ac   0x000000b8   Code   RO         9029    i.prvAddNewTaskToReadyList  tasks.o
    0x0801e164   0x00000064   Code   RO         9370    i.prvCheckForValidListAndQueue  timers.o
    0x0801e1c8   0x00000064   Code   RO         9030    i.prvCheckTasksWaitingTermination  tasks.o
    0x0801e22c   0x0000002a   Code   RO         8833    i.prvCopyDataFromQueue  queue.o
    0x0801e256   0x0000007c   Code   RO         8834    i.prvCopyDataToQueue  queue.o
    0x0801e2d2   0x00000012   Code   RO         9031    i.prvDeleteTCB      tasks.o
    0x0801e2e4   0x00000028   Code   RO         9371    i.prvGetNextExpireTime  timers.o
    0x0801e30c   0x0000007c   Code   RO         9880    i.prvHeapInit       heap_4.o
    0x0801e388   0x00000028   Code   RO         9032    i.prvIdleTask       tasks.o
    0x0801e3b0   0x0000001c   Code   RO         8835    i.prvInitialiseMutex  queue.o
    0x0801e3cc   0x0000002a   Code   RO         8836    i.prvInitialiseNewQueue  queue.o
    0x0801e3f6   0x000000b4   Code   RO         9033    i.prvInitialiseNewTask  tasks.o
    0x0801e4aa   0x0000004e   Code   RO         9372    i.prvInitialiseNewTimer  timers.o
    0x0801e4f8   0x00000068   Code   RO         9034    i.prvInitialiseTaskLists  tasks.o
    0x0801e560   0x00000068   Code   RO         9881    i.prvInsertBlockIntoFreeList  heap_4.o
    0x0801e5c8   0x00000058   Code   RO         9373    i.prvInsertTimerInActiveList  timers.o
    0x0801e620   0x0000001a   Code   RO         8837    i.prvIsQueueEmpty   queue.o
    0x0801e63a   0x0000001e   Code   RO         8838    i.prvIsQueueFull    queue.o
    0x0801e658   0x00000064   Code   RO         9374    i.prvProcessExpiredTimer  timers.o
    0x0801e6bc   0x000000f8   Code   RO         9375    i.prvProcessReceivedCommands  timers.o
    0x0801e7b4   0x00000074   Code   RO         9376    i.prvProcessTimerOrBlockTask  timers.o
    0x0801e828   0x00000034   Code   RO         9036    i.prvResetNextTaskUnblockTime  tasks.o
    0x0801e85c   0x0000002c   Code   RO         9377    i.prvSampleTimeNow  timers.o
    0x0801e888   0x000000a0   Code   RO         9378    i.prvSwitchTimerLists  timers.o
    0x0801e928   0x00000040   Code   RO         9930    i.prvTaskExitError  port.o
    0x0801e968   0x00000058   Code   RO         9038    i.prvTaskIsTaskSuspended  tasks.o
    0x0801e9c0   0x0000001a   Code   RO         9379    i.prvTimerTask      timers.o
    0x0801e9da   0x0000007e   Code   RO         8839    i.prvUnlockQueue    queue.o
    0x0801ea58   0x0000013c   Code   RO         9882    i.pvPortMalloc      heap_4.o
    0x0801eb94   0x00000020   Code   RO         9040    i.pvTaskIncrementMutexHeldCount  tasks.o
    0x0801ebb4   0x0000002c   Code   RO         9380    i.pvTimerGetTimerID  timers.o
    0x0801ebe0   0x0000002c   Code   RO         9931    i.pxPortInitialiseStack  port.o
    0x0801ec0c   0x000000d4   Code   RO         1311    i.recv_check_thread  iofsocket.o
    0x0801ece0   0x00000018   Code   RO        12347    i.rot_word          Gagent_KEIL.lib(aes.o)
    0x0801ecf8   0x0000080e   Code   RO        12499    i.sboxAssign        Gagent_KEIL.lib(aesdata.o)
    0x0801f506   0x0000003c   Code   RO         1524    i.semOp             semaph.o
    0x0801f542   0x00000010   Code   RO         1525    i.semP              semaph.o
    0x0801f552   0x0000000e   Code   RO         1527    i.semV              semaph.o
    0x0801f560   0x00000068   Code   RO          628    i.sensor_thread     sensors_data.o
    0x0801f5c8   0x00000030   Code   RO         1231    i.serial_read       iofserial.o
    0x0801f5f8   0x0000003c   Code   RO         1232    i.serial_write      iofserial.o
    0x0801f634   0x000003c0   Code   RO          685    i.setRTCTimeDateFromNetwork  timedate.o
    0x0801f9f4   0x00000046   Code   RO        12348    i.shift_rows        Gagent_KEIL.lib(aes.o)
    0x0801fa3a   0x00000002   PAD
    0x0801fa3c   0x00000040   Code   RO        10831    i.simulatorLanDataUploadCB  Gagent_KEIL.lib(simulatorcomm.o)
    0x0801fa7c   0x00000040   Code   RO        10832    i.simulatorM2MUploadDataCb  Gagent_KEIL.lib(simulatorcomm.o)
    0x0801fabc   0x0000005c   Code   RO        10833    i.simulatorUploadDtatCb  Gagent_KEIL.lib(simulatorcomm.o)
    0x0801fb18   0x0000007c   Code   RO        10834    i.simulatorUploadDtatTimeOutCb  Gagent_KEIL.lib(simulatorcomm.o)
    0x0801fb94   0x00000058   Code   RO        10887    i.sktConnHandle     Gagent_KEIL.lib(tcp.o)
    0x0801fbec   0x0000006a   Code   RO        11650    i.strToHex          Gagent_KEIL.lib(gatutilcode.o)
    0x0801fc56   0x00000002   PAD
    0x0801fc58   0x0000004c   Code   RO        12349    i.sub_bytes         Gagent_KEIL.lib(aes.o)
    0x0801fca4   0x00000030   Code   RO        12350    i.sub_word          Gagent_KEIL.lib(aes.o)
    0x0801fcd4   0x00000068   Code   RO        10888    i.tcpRecHandle      Gagent_KEIL.lib(tcp.o)
    0x0801fd3c   0x000000b0   Code   RO        10889    i.tcpSendCBHandle   Gagent_KEIL.lib(tcp.o)
    0x0801fdec   0x0000002c   Code   RO        10890    i.tcpSendListAdd    Gagent_KEIL.lib(tcp.o)
    0x0801fe18   0x00000060   Code   RO         1528    i.tcpTrigSend       semaph.o
    0x0801fe78   0x00000010   Code   RO         1426    i.timerCb           ioftime.o
    0x0801fe88   0x0000005c   Code   RO         1427    i.timerEventHandler  ioftime.o
    0x0801fee4   0x00000040   Code   RO        10195    i.timerInsert       Gagent_KEIL.lib(timer_subsystem.o)
    0x0801ff24   0x00000070   Code   RO        10196    i.timerNodeInit     Gagent_KEIL.lib(timer_subsystem.o)
    0x0801ff94   0x0000001c   Code   RO        10197    i.timerRemove       Gagent_KEIL.lib(timer_subsystem.o)
    0x0801ffb0   0x0000004c   Code   RO        10198    i.timerTriggerNotifyLp  Gagent_KEIL.lib(timer_subsystem.o)
    0x0801fffc   0x00000068   Code   RO        10199    i.timerUpdataExpire  Gagent_KEIL.lib(timer_subsystem.o)
    0x08020064   0x000001c4   Code   RO          486    i.updateWiFiCredentials  iot_flash_config.o
    0x08020228   0x00000158   Code   RO           24    i.userInit          gagent_iot_test_basic_connectivity.o
    0x08020380   0x00000028   Code   RO         8796    i.uxListRemove      list.o
    0x080203a8   0x0000001a   Code   RO         8797    i.vListInitialise   list.o
    0x080203c2   0x00000006   Code   RO         8798    i.vListInitialiseItem  list.o
    0x080203c8   0x00000034   Code   RO         8799    i.vListInsert       list.o
    0x080203fc   0x00000018   Code   RO         8800    i.vListInsertEnd    list.o
    0x08020414   0x00000054   Code   RO         9933    i.vPortEnterCritical  port.o
    0x08020468   0x0000003c   Code   RO         9934    i.vPortExitCritical  port.o
    0x080204a4   0x00000094   Code   RO         9883    i.vPortFree         heap_4.o
    0x08020538   0x00000020   Code   RO         9935    i.vPortSetupTimerInterrupt  port.o
    0x08020558   0x00000078   Code   RO         9936    i.vPortValidateInterruptPriority  port.o
    0x080205d0   0x0000002c   Code   RO         8845    i.vQueueAddToRegistry  queue.o
    0x080205fc   0x0000002c   Code   RO         8846    i.vQueueDelete      queue.o
    0x08020628   0x00000030   Code   RO         8848    i.vQueueUnregisterQueue  queue.o
    0x08020658   0x0000004a   Code   RO         8849    i.vQueueWaitForMessageRestricted  queue.o
    0x080206a2   0x00000002   PAD
    0x080206a4   0x0000005c   Code   RO         9048    i.vTaskDelay        tasks.o
    0x08020700   0x0000000c   Code   RO         9053    i.vTaskMissedYield  tasks.o
    0x0802070c   0x00000038   Code   RO         9055    i.vTaskPlaceOnEventList  tasks.o
    0x08020744   0x00000040   Code   RO         9056    i.vTaskPlaceOnEventListRestricted  tasks.o
    0x08020784   0x000000b0   Code   RO         9058    i.vTaskPriorityInherit  tasks.o
    0x08020834   0x00000090   Code   RO         9060    i.vTaskResume       tasks.o
    0x080208c4   0x00000030   Code   RO         9062    i.vTaskSetTimeOutState  tasks.o
    0x080208f4   0x00000094   Code   RO         9063    i.vTaskStartScheduler  tasks.o
    0x08020988   0x000000e4   Code   RO         9064    i.vTaskSuspend      tasks.o
    0x08020a6c   0x00000010   Code   RO         9065    i.vTaskSuspendAll   tasks.o
    0x08020a7c   0x0000008c   Code   RO         9066    i.vTaskSwitchContext  tasks.o
    0x08020b08   0x00000038   Code   RO         2104    i.wait_cmddata_rdy_high  es_wifi_io.o
    0x08020b40   0x00000014   Code   RO         2105    i.wait_cmddata_rdy_rising_event  es_wifi_io.o
    0x08020b54   0x00000014   Code   RO         2106    i.wait_spi_rx_event  es_wifi_io.o
    0x08020b68   0x00000014   Code   RO         2107    i.wait_spi_tx_event  es_wifi_io.o
    0x08020b7c   0x0000013c   Code   RO         9937    i.xPortStartScheduler  port.o
    0x08020cb8   0x00000034   Code   RO         9938    i.xPortSysTickHandler  port.o
    0x08020cec   0x0000005c   Code   RO         8850    i.xQueueCreateCountingSemaphore  queue.o
    0x08020d48   0x00000022   Code   RO         8851    i.xQueueCreateMutex  queue.o
    0x08020d6a   0x00000058   Code   RO         8852    i.xQueueGenericCreate  queue.o
    0x08020dc2   0x00000002   PAD
    0x08020dc4   0x000001c4   Code   RO         8853    i.xQueueGenericReceive  queue.o
    0x08020f88   0x00000098   Code   RO         8854    i.xQueueGenericReset  queue.o
    0x08021020   0x000001a8   Code   RO         8855    i.xQueueGenericSend  queue.o
    0x080211c8   0x000000f8   Code   RO         8856    i.xQueueGenericSendFromISR  queue.o
    0x080212c0   0x000000e0   Code   RO         8857    i.xQueueGiveFromISR  queue.o
    0x080213a0   0x000000ca   Code   RO         8862    i.xQueueReceiveFromISR  queue.o
    0x0802146a   0x00000002   PAD
    0x0802146c   0x0000008c   Code   RO         9067    i.xTaskCheckForTimeOut  tasks.o
    0x080214f8   0x00000060   Code   RO         9068    i.xTaskCreate       tasks.o
    0x08021558   0x00000020   Code   RO         9072    i.xTaskGetSchedulerState  tasks.o
    0x08021578   0x0000000c   Code   RO         9073    i.xTaskGetTickCount  tasks.o
    0x08021584   0x00000148   Code   RO         9075    i.xTaskIncrementTick  tasks.o
    0x080216cc   0x000000c8   Code   RO         9078    i.xTaskPriorityDisinherit  tasks.o
    0x08021794   0x00000098   Code   RO         9079    i.xTaskRemoveFromEventList  tasks.o
    0x0802182c   0x00000104   Code   RO         9081    i.xTaskResumeAll    tasks.o
    0x08021930   0x000000b4   Code   RO         9082    i.xTaskResumeFromISR  tasks.o
    0x080219e4   0x00000030   Code   RO         9382    i.xTimerCreate      timers.o
    0x08021a14   0x00000054   Code   RO         9383    i.xTimerCreateTimerTask  timers.o
    0x08021a68   0x00000084   Code   RO         9384    i.xTimerGenericCommand  timers.o
    0x08021aec   0x0000009c   Data   RO           26    .constdata          gagent_iot_test_basic_connectivity.o
    0x08021b88   0x00000016   Data   RO          487    .constdata          iot_flash_config.o
    0x08021b9e   0x00000002   PAD
    0x08021ba0   0x00000014   Data   RO          630    .constdata          sensors_data.o
    0x08021bb4   0x0000002e   Data   RO          686    .constdata          timedate.o
    0x08021be2   0x0000000e   Data   RO          720    .constdata          iofdev.o
    0x08021bf0   0x00000024   Data   RO          877    .constdata          iofipc.o
    0x08021c14   0x00000050   Data   RO          958    .constdata          iofnet.o
    0x08021c64   0x00000050   Data   RO         1121    .constdata          iofpthread.o
    0x08021cb4   0x00000020   Data   RO         1234    .constdata          iofserial.o
    0x08021cd4   0x0000002c   Data   RO         1313    .constdata          iofsocket.o
    0x08021d00   0x00000055   Data   RO         1429    .constdata          ioftime.o
    0x08021d55   0x00000026   Data   RO         1530    .constdata          semaph.o
    0x08021d7b   0x00000001   PAD
    0x08021d7c   0x00000018   Data   RO         1652    .constdata          main.o
    0x08021d94   0x00000014   Data   RO         2109    .constdata          es_wifi_io.o
    0x08021da8   0x00000010   Data   RO         2425    .constdata          stm32l475e_iot01.o
    0x08021db8   0x00000048   Data   RO         4412    .constdata          system_stm32l4xx.o
    0x08021e00   0x00000040   Data   RO        10015    .constdata          Gagent_KEIL.lib(nwk_manage.o)
    0x08021e40   0x0000002c   Data   RO        10201    .constdata          Gagent_KEIL.lib(timer_subsystem.o)
    0x08021e6c   0x000000c5   Data   RO        10284    .constdata          Gagent_KEIL.lib(productinfo.o)
    0x08021f31   0x00000003   PAD
    0x08021f34   0x0000012c   Data   RO        10425    .constdata          Gagent_KEIL.lib(gagent.o)
    0x08022060   0x0000006c   Data   RO        10586    .constdata          Gagent_KEIL.lib(localio.o)
    0x080220cc   0x00000026   Data   RO        10682    .constdata          Gagent_KEIL.lib(local.o)
    0x080220f2   0x00000096   Data   RO        10753    .constdata          Gagent_KEIL.lib(gatnet.o)
    0x08022188   0x00000076   Data   RO        10836    .constdata          Gagent_KEIL.lib(simulatorcomm.o)
    0x080221fe   0x0000007b   Data   RO        10892    .constdata          Gagent_KEIL.lib(tcp.o)
    0x08022279   0x00000103   Data   RO        11019    .constdata          Gagent_KEIL.lib(gserver.o)
    0x0802237c   0x00000154   Data   RO        11153    .constdata          Gagent_KEIL.lib(gatm2m.o)
    0x080224d0   0x000000ab   Data   RO        11332    .constdata          Gagent_KEIL.lib(mqttgat.o)
    0x0802257b   0x00000042   Data   RO        11427    .constdata          Gagent_KEIL.lib(mqttlib.o)
    0x080225bd   0x0000004f   Data   RO        11527    .constdata          Gagent_KEIL.lib(gdns.o)
    0x0802260c   0x00000045   Data   RO        11652    .constdata          Gagent_KEIL.lib(gatutilcode.o)
    0x08022651   0x00000012   Data   RO        11741    .constdata          Gagent_KEIL.lib(dp.o)
    0x08022663   0x00000023   Data   RO        11796    .constdata          Gagent_KEIL.lib(env.o)
    0x08022686   0x00000055   Data   RO        11839    .constdata          Gagent_KEIL.lib(httpgat.o)
    0x080226db   0x0000000b   Data   RO        11943    .constdata          Gagent_KEIL.lib(lanvirtual.o)
    0x080226e6   0x00000070   Data   RO        11975    .constdata          Gagent_KEIL.lib(authorization.o)
    0x08022756   0x000000af   Data   RO        12044    .constdata          Gagent_KEIL.lib(localcomm.o)
    0x08022805   0x0000000b   Data   RO        12145    .constdata          Gagent_KEIL.lib(localprotocol.o)
    0x08022810   0x000000ad   Data   RO        12192    .constdata          Gagent_KEIL.lib(otawan.o)
    0x080228bd   0x00000081   Data   RO        12525    .constdata          mc_w.l(ctype_o.o)
    0x0802293e   0x00000002   PAD
    0x08022940   0x00000004   Data   RO        12526    .constdata          mc_w.l(ctype_o.o)
    0x08022944   0x0000010d   Data   RO           27    .conststring        gagent_iot_test_basic_connectivity.o
    0x08022a51   0x00000003   PAD
    0x08022a54   0x0000005f   Data   RO          552    .conststring        network.o
    0x08022ab3   0x00000001   PAD
    0x08022ab4   0x00000007   Data   RO          631    .conststring        sensors_data.o
    0x08022abb   0x00000001   PAD
    0x08022abc   0x00000067   Data   RO          687    .conststring        timedate.o
    0x08022b23   0x00000001   PAD
    0x08022b24   0x000000ae   Data   RO          821    .conststring        ioffile.o
    0x08022bd2   0x00000002   PAD
    0x08022bd4   0x00000028   Data   RO         1122    .conststring        iofpthread.o
    0x08022bfc   0x00000126   Data   RO         1314    .conststring        iofsocket.o
    0x08022d22   0x00000002   PAD
    0x08022d24   0x000001c1   Data   RO         1430    .conststring        ioftime.o
    0x08022ee5   0x00000003   PAD
    0x08022ee8   0x00000007   Data   RO         1653    .conststring        main.o
    0x08022eef   0x00000001   PAD
    0x08022ef0   0x00000127   Data   RO        10202    .conststring        Gagent_KEIL.lib(timer_subsystem.o)
    0x08023017   0x00000001   PAD
    0x08023018   0x00000046   Data   RO        10285    .conststring        Gagent_KEIL.lib(productinfo.o)
    0x0802305e   0x00000002   PAD
    0x08023060   0x00000741   Data   RO        10426    .conststring        Gagent_KEIL.lib(gagent.o)
    0x080237a1   0x00000003   PAD
    0x080237a4   0x00000091   Data   RO        10587    .conststring        Gagent_KEIL.lib(localio.o)
    0x08023835   0x00000003   PAD
    0x08023838   0x00000166   Data   RO        10837    .conststring        Gagent_KEIL.lib(simulatorcomm.o)
    0x0802399e   0x00000002   PAD
    0x080239a0   0x0000009b   Data   RO        10893    .conststring        Gagent_KEIL.lib(tcp.o)
    0x08023a3b   0x00000001   PAD
    0x08023a3c   0x000001de   Data   RO        11020    .conststring        Gagent_KEIL.lib(gserver.o)
    0x08023c1a   0x00000002   PAD
    0x08023c1c   0x0000004d   Data   RO        11154    .conststring        Gagent_KEIL.lib(gatm2m.o)
    0x08023c69   0x00000003   PAD
    0x08023c6c   0x00000056   Data   RO        11333    .conststring        Gagent_KEIL.lib(mqttgat.o)
    0x08023cc2   0x00000002   PAD
    0x08023cc4   0x00000059   Data   RO        11428    .conststring        Gagent_KEIL.lib(mqttlib.o)
    0x08023d1d   0x00000003   PAD
    0x08023d20   0x00000047   Data   RO        11528    .conststring        Gagent_KEIL.lib(gdns.o)
    0x08023d67   0x00000001   PAD
    0x08023d68   0x00000262   Data   RO        11840    .conststring        Gagent_KEIL.lib(httpgat.o)
    0x08023fca   0x00000002   PAD
    0x08023fcc   0x00000150   Data   RO        12193    .conststring        Gagent_KEIL.lib(otawan.o)
    0x0802411c   0x00000030   Data   RO        12946    Region$$Table       anon$$obj.o


    Execution Region uninit_fixed_loc (Base: 0x08064000, Size: 0x00000870, Max: 0x00002000, ABSOLUTE)

    Base Addr    Size         Type   Attr      Idx    E Section Name        Object

    0x08064000   0x00000870   Zero   RW          488    UNINIT_FIXED_LOC    iot_flash_config.o


    Execution Region RW_IRAM1 (Base: 0x20000000, Size: 0x00016e98, Max: 0x00018000, ABSOLUTE, COMPRESSED[0x00000208])

    Base Addr    Size         Type   Attr      Idx    E Section Name        Object

    0x20000000   0x00000021   Data   RW           28    .data               gagent_iot_test_basic_connectivity.o
    0x20000021   0x00000003   PAD
    0x20000024   0x00000014   Data   RW          632    .data               sensors_data.o
    0x20000038   0x00000001   Data   RW          822    .data               ioffile.o
    0x20000039   0x00000003   PAD
    0x2000003c   0x00000014   Data   RW          878    .data               iofipc.o
    0x20000050   0x00000008   Data   RW          959    .data               iofnet.o
    0x20000058   0x0000000d   Data   RW         1123    .data               iofpthread.o
    0x20000065   0x00000003   PAD
    0x20000068   0x0000000c   Data   RW         1235    .data               iofserial.o
    0x20000074   0x00000012   Data   RW         1315    .data               iofsocket.o
    0x20000086   0x00000002   PAD
    0x20000088   0x0000000c   Data   RW         1431    .data               ioftime.o
    0x20000094   0x00000002   Data   RW         1531    .data               semaph.o
    0x20000096   0x00000002   PAD
    0x20000098   0x00000008   Data   RW         1654    .data               main.o
    0x200000a0   0x00000008   Data   RW         1789    .data               stm32l4xx_hal_timebase_tim.o
    0x200000a8   0x00000004   Data   RW         1842    .data               stm32l4xx_it.o
    0x200000ac   0x00000024   Data   RW         2110    .data               es_wifi_io.o
    0x200000d0   0x00000014   Data   RW         2426    .data               stm32l475e_iot01.o
    0x200000e4   0x00000004   Data   RW         2578    .data               stm32l475e_iot01_accelero.o
    0x200000e8   0x00000004   Data   RW         2665    .data               stm32l475e_iot01_hsensor.o
    0x200000ec   0x00000004   Data   RW         2784    .data               stm32l475e_iot01_tsensor.o
    0x200000f0   0x00000004   Data   RW         2865    .data               es_wifi.o
    0x200000f4   0x0000001c   Data   RW         3134    .data               hts221.o
    0x20000110   0x00000068   Data   RW         3285    .data               lsm6dsl.o
    0x20000178   0x00000004   Data   RW         4413    .data               system_stm32l4xx.o
    0x2000017c   0x00000004   Data   RW         4479    .data               stm32l4xx_hal.o
    0x20000180   0x0000003c   Data   RW         9084    .data               tasks.o
    0x200001bc   0x00000014   Data   RW         9390    .data               timers.o
    0x200001d0   0x00000018   Data   RW         9888    .data               heap_4.o
    0x200001e8   0x0000000c   Data   RW         9939    .data               port.o
    0x200001f4   0x00000002   Data   RW        10016    .data               Gagent_KEIL.lib(nwk_manage.o)
    0x200001f6   0x00000002   PAD
    0x200001f8   0x000000e8   Data   RW        10286    .data               Gagent_KEIL.lib(productinfo.o)
    0x200002e0   0x00000004   Data   RW        10427    .data               Gagent_KEIL.lib(gagent.o)
    0x200002e4   0x00000008   Data   RW        10588    .data               Gagent_KEIL.lib(localio.o)
    0x200002ec   0x00000002   Data   RW        10755    .data               Gagent_KEIL.lib(gatnet.o)
    0x200002ee   0x00000002   PAD
    0x200002f0   0x0000000c   Data   RW        10894    .data               Gagent_KEIL.lib(tcp.o)
    0x200002fc   0x00000002   Data   RW        11021    .data               Gagent_KEIL.lib(gserver.o)
    0x200002fe   0x00000002   PAD
    0x20000300   0x0000000a   Data   RW        11334    .data               Gagent_KEIL.lib(mqttgat.o)
    0x2000030a   0x00000002   PAD
    0x2000030c   0x00000004   Data   RW        11742    .data               Gagent_KEIL.lib(dp.o)
    0x20000310   0x00000004   Data   RW        11841    .data               Gagent_KEIL.lib(httpgat.o)
    0x20000314   0x00000004   Data   RW        11976    .data               Gagent_KEIL.lib(authorization.o)
    0x20000318   0x00000005   Data   RW        12045    .data               Gagent_KEIL.lib(localcomm.o)
    0x2000031d   0x00000001   Data   RW        12146    .data               Gagent_KEIL.lib(localprotocol.o)
    0x2000031e   0x00000002   PAD
    0x20000320   0x0000000c   Data   RW        12194    .data               Gagent_KEIL.lib(otawan.o)
    0x2000032c   0x00000040   Data   RW        12269    .data               Gagent_KEIL.lib(gagent_md5.o)
    0x2000036c   0x0000000c   Data   RW        12351    .data               Gagent_KEIL.lib(aes.o)
    0x20000378   0x000002f4   Data   RW        12482    .data               Gagent_KEIL.lib(cmdtable.o)
    0x2000066c   0x00000004   Data   RW        12521    .data               mc_w.l(stdin.o)
    0x20000670   0x00000004   Data   RW        12555    .data               mc_w.l(rand.o)
    0x20000674   0x00000004   Data   RW        12576    .data               mc_w.l(strtok.o)
    0x20000678   0x00000004   Data   RW        12875    .data               mc_w.l(errno.o)
    0x2000067c   0x00000004   Data   RW        12905    .data               mc_w.l(stdout.o)
    0x20000680   0x0000000a   Zero   RW          629    .bss                sensors_data.o
    0x2000068a   0x00000011   Zero   RW          957    .bss                iofnet.o
    0x2000069b   0x00000064   Zero   RW         1233    .bss                iofserial.o
    0x200006ff   0x00000001   PAD
    0x20000700   0x000012e0   Zero   RW         1312    .bss                iofsocket.o
    0x200019e0   0x00000020   Zero   RW         1428    .bss                ioftime.o
    0x20001a00   0x00000130   Zero   RW         1651    .bss                main.o
    0x20001b30   0x00000040   Zero   RW         1788    .bss                stm32l4xx_hal_timebase_tim.o
    0x20001b70   0x00000064   Zero   RW         2108    .bss                es_wifi_io.o
    0x20001bd4   0x000006a8   Zero   RW         2232    .bss                wifi.o
    0x2000227c   0x000000c4   Zero   RW         2424    .bss                stm32l475e_iot01.o
    0x20002340   0x00000020   Zero   RW         4898    .bss                stm32l4xx_hal_flash.o
    0x20002360   0x00000040   Zero   RW         8864    .bss                queue.o
    0x200023a0   0x000000f0   Zero   RW         9083    .bss                tasks.o
    0x20002490   0x00000028   Zero   RW         9389    .bss                timers.o
    0x200024b8   0x00012000   Zero   RW         9887    .bss                heap_4.o
    0x200144b8   0x00000050   Zero   RW        10014    .bss                Gagent_KEIL.lib(nwk_manage.o)
    0x20014508   0x00000014   Zero   RW        10200    .bss                Gagent_KEIL.lib(timer_subsystem.o)
    0x2001451c   0x00000218   Zero   RW        10283    .bss                Gagent_KEIL.lib(productinfo.o)
    0x20014734   0x00000021   Zero   RW        10424    .bss                Gagent_KEIL.lib(gagent.o)
    0x20014755   0x00000003   PAD
    0x20014758   0x0000005c   Zero   RW        10585    .bss                Gagent_KEIL.lib(localio.o)
    0x200147b4   0x00000010   Zero   RW        10681    .bss                Gagent_KEIL.lib(local.o)
    0x200147c4   0x00000120   Zero   RW        10752    .bss                Gagent_KEIL.lib(gatnet.o)
    0x200148e4   0x00000030   Zero   RW        10835    .bss                Gagent_KEIL.lib(simulatorcomm.o)
    0x20014914   0x00000044   Zero   RW        10891    .bss                Gagent_KEIL.lib(tcp.o)
    0x20014958   0x00000030   Zero   RW        11018    .bss                Gagent_KEIL.lib(gserver.o)
    0x20014988   0x00000108   Zero   RW        11152    .bss                Gagent_KEIL.lib(gatm2m.o)
    0x20014a90   0x0000002c   Zero   RW        11331    .bss                Gagent_KEIL.lib(mqttgat.o)
    0x20014abc   0x000000e8   Zero   RW        11526    .bss                Gagent_KEIL.lib(gdns.o)
    0x20014ba4   0x00000028   Zero   RW        11838    .bss                Gagent_KEIL.lib(httpgat.o)
    0x20014bcc   0x00000010   Zero   RW        11974    .bss                Gagent_KEIL.lib(authorization.o)
    0x20014bdc   0x000000a4   Zero   RW        12043    .bss                Gagent_KEIL.lib(localcomm.o)
    0x20014c80   0x00000214   Zero   RW        12191    .bss                Gagent_KEIL.lib(otawan.o)
    0x20014e94   0x00000004   PAD
    0x20014e98   0x00002000   Zero   RW            1    STACK               startup_stm32l475xx.o


==============================================================================

Image component sizes


      Code (inc. data)   RO Data    RW Data    ZI Data      Debug   Object Name

      1468         38          0          0          0      34634   cmsis_os.o
      3446        704          0          4          0      20539   es_wifi.o
      1732        200         20         36        100      12824   es_wifi_io.o
         0          0          0          0          0       8480   event_groups.o
      1140        344          0          0          0       5583   flash_l4.o
      1860        786        425         33          0     916373   gagent_iot_test_basic_connectivity.o
       692         62          0         24      73728       5531   heap_4.o
       590         10          0         28          0       6214   hts221.o
       220         36         14          0          0      11379   iofdev.o
       670        180        174          1          0       6044   ioffile.o
       684        212         36         20          0       7576   iofipc.o
      1412        540         80          8         17      21103   iofnet.o
       266         36        120         13          0       6234   iofpthread.o
       672        242         32         12        100       9382   iofserial.o
      1330        280        338         18       4832      11088   iofsocket.o
       880        270        534         12         32      13018   ioftime.o
       652        296         22          0       2160       4409   iot_flash_config.o
       148          0          0          0          0       4318   list.o
       732         42          0        104          0      11301   lsm6dsl.o
       932         92         31          8        304       8691   main.o
      1010        474         95          0          0      12586   network.o
       958         92          0         12          0      13557   port.o
      2544         26          0          0         64      23479   queue.o
       294        120         38          2          0       4953   semaph.o
       520        194         27         20         10       5877   sensors_data.o
        36          8        392          0       8192        920   startup_stm32l475xx.o
      1072        130         16         20        196      13776   stm32l475e_iot01.o
       144         16          0          4          0       2425   stm32l475e_iot01_accelero.o
        68         14          0          4          0       2310   stm32l475e_iot01_hsensor.o
        60         14          0          4          0       2298   stm32l475e_iot01_tsensor.o
        84         10          0          4          0       4922   stm32l4xx_hal.o
       314         30          0          0          0      31689   stm32l4xx_hal_cortex.o
        88          0          0          0          0       1319   stm32l4xx_hal_dma.o
       844         64          0          0         32       7405   stm32l4xx_hal_flash.o
      1924         90          0          0          0      12589   stm32l4xx_hal_flash_ex.o
       582         40          0          0          0       5075   stm32l4xx_hal_gpio.o
      1926         34          0          0          0      14909   stm32l4xx_hal_i2c.o
       106          0          0          0          0       1379   stm32l4xx_hal_i2c_ex.o
       112          0          0          0          0       2139   stm32l4xx_hal_iwdg.o
        84         18          0          0          0       1644   stm32l4xx_hal_msp.o
       156         18          0          0          0       1606   stm32l4xx_hal_pwr_ex.o
      2616        106          0          0          0       8821   stm32l4xx_hal_rcc.o
      2008         50          0          0          0       5105   stm32l4xx_hal_rcc_ex.o
        74          0          0          0          0       1347   stm32l4xx_hal_rng.o
      1020         14          0          0          0       6686   stm32l4xx_hal_rtc.o
      3596         42          0          0          0      24794   stm32l4xx_hal_spi.o
       698         32          0          0          0       7526   stm32l4xx_hal_tim.o
         4          0          0          0          0       2062   stm32l4xx_hal_tim_ex.o
       172         26          0          8         64       2508   stm32l4xx_hal_timebase_tim.o
      3170         66          0          0          0      16030   stm32l4xx_hal_uart.o
         2          0          0          0          0       1228   stm32l4xx_hal_uart_ex.o
       110         20          0          4          0       7162   stm32l4xx_it.o
        80         12         72          4          0       1525   system_stm32l4xx.o
      3606        466          0         60        240      32879   tasks.o
       960        282        149          0          0       2600   timedate.o
      1308        116          0         20         40      23298   timers.o
       532         82          0          0       1704       9763   wifi.o

    ----------------------------------------------------------------------
     52490       7076       2680        500      91816    1444912   Object Totals
         0          0         48          0          0          0   (incl. Generated)
        82          0         17         13          1          0   (incl. Padding)

    ----------------------------------------------------------------------

      Code (inc. data)   RO Data    RW Data    ZI Data      Debug   Library Member Name

      2026         48          0         12          0      18395   aes.o
      4124          0          0          0          0       4553   aesdata.o
      2416       1198        112          4         16      10082   authorization.o
         0          0          0        756          0       2657   cmdtable.o
       830        302         18          4          0       7924   dp.o
      1140        604         35          0          0       3185   env.o
      5860       2832       2157          4         33      31038   gagent.o
      2376        268          0         64          0       6844   gagent_md5.o
        92          0          0          0          0       5458   gatlist.o
      5750       2878        417          0        264      27763   gatm2m.o
      2324        898        150          2        288      15359   gatnet.o
      1196        212         69          0          0       9849   gatutilcode.o
      1996        792        150          0        232      10334   gdns.o
      9388       4316        737          2         48      24944   gserver.o
      6326       2040        695          4         40      21370   httpgat.o
        90         48         11          0          0       2431   lanvirtual.o
      2118        978         38          0         16       7638   local.o
      2124        874        175          5        164      19882   localcomm.o
      2980       1148        253          8         92      13677   localio.o
      1116        214         11          1          0       6385   localprotocol.o
      3406       1636        257         10         44      13761   mqttgat.o
      2780        486        155          0          0      16636   mqttlib.o
      2924       1512         64          2         80      42943   nwk_manage.o
      5620       2440        509         12        532      16865   otawan.o
      4696       2434        267        232        536      20019   productinfo.o
      1796        720        476          0         48      10377   simulatorcomm.o
      4126       1666        278         12         68      19387   tcp.o
      1500        546        339          0         20      12002   timer_subsystem.o
        56          8          0          0          0         84   __0sscanf.o
        86          0          0          0          0          0   __dczerorl2.o
        28          0          0          0          0         68   _chval.o
       812          4          0          0          0        112   _scanf.o
       332          0          0          0          0         96   _scanf_int.o
       224          0          0          0          0         96   _scanf_str.o
        64          0          0          0          0         84   _sgetc.o
       158          0          0          0          0         92   _strtoul.o
        26          0          0          0          0         80   atoi.o
         8          4        133          0          0         68   ctype_o.o
         0          0          0          0          0          0   entry.o
         0          0          0          0          0          0   entry10a.o
         0          0          0          0          0          0   entry11a.o
         8          4          0          0          0          0   entry2.o
         4          0          0          0          0          0   entry5.o
         0          0          0          0          0          0   entry7b.o
         0          0          0          0          0          0   entry8b.o
         8          4          0          0          0          0   entry9a.o
         8          4          0          4          0         68   errno.o
         4          0          0          0          0         68   getc.o
        30          0          0          0          0          0   handlers.o
        36          8          0          0          0         68   init.o
        18          0          0          0          0         76   isspace_o.o
        30          0          0          0          0         68   llshl.o
        32          0          0          0          0         68   llushr.o
        26          0          0          0          0         80   memcmp.o
        36          0          0          0          0         68   memcpya.o
        36          0          0          0          0        108   memseta.o
      1204         60          0          0          0        504   printf8.o
        36         10          0          4          0        136   rand.o
        40          8          0          0          0         84   scanf_char.o
         0          0          0          4          0          0   stdin.o
         0          0          0          4          0          0   stdout.o
        28          0          0          0          0         76   strcmp.o
        18          0          0          0          0         68   strcpy.o
        14          0          0          0          0         68   strlen.o
        30          0          0          0          0         80   strncmp.o
        24          0          0          0          0         76   strncpy.o
        36          0          0          0          0         80   strstr.o
        68          6          0          4          0         80   strtok.o
       112          0          0          0          0         88   strtol.o
       114          0          0          0          0         92   strtoul.o
        12          0          0          0          0         68   tolower.o
        98          0          0          0          0         92   uldiv.o

    ----------------------------------------------------------------------
     85082      31210       7536       1164       2528     404802   Library Totals
        58          0         30         10          7          0   (incl. Padding)

    ----------------------------------------------------------------------

      Code (inc. data)   RO Data    RW Data    ZI Data      Debug   Library Name

     81120      31090       7373       1134       2521     401758   Gagent_KEIL.lib
      3904        120        133         20          0       3044   mc_w.l

    ----------------------------------------------------------------------
     85082      31210       7536       1164       2528     404802   Library Totals

    ----------------------------------------------------------------------

==============================================================================


      Code (inc. data)   RO Data    RW Data    ZI Data      Debug   

    137572      38286      10216       1664      94344    1770034   Grand Totals
    137572      38286      10216        520      94344    1770034   ELF Image Totals (compressed)
    137572      38286      10216        520          0          0   ROM Totals

==============================================================================

    Total RO  Size (Code + RO Data)               147788 ( 144.32kB)
    Total RW  Size (RW Data + ZI Data)             96008 (  93.76kB)
    Total ROM Size (Code + RO Data + RW Data)     148308 ( 144.83kB)

==============================================================================

